Archive member included to satisfy reference by file (symbol)

c:/progra~1/raspbe~1/picosd~1.1/gcc-ar~1/bin/../lib/gcc/arm-none-eabi/10.3.1/thumb/v6-m/nofp\libgcc.a(_dvmd_tls.o)
                              CMakeFiles/pio_squarewave.dir/C_/Program_Files/Raspberry_Pi/Pico_SDK_v1.5.1/pico-sdk/src/rp2_common/pico_divider/divider.S.obj (__aeabi_idiv0)
c:/progra~1/raspbe~1/picosd~1.1/gcc-ar~1/bin/../lib/gcc/arm-none-eabi/10.3.1/../../../../arm-none-eabi/lib/thumb/v6-m/nofp\libg.a(lib_a-calloc.o)
                              CMakeFiles/pio_squarewave.dir/C_/Program_Files/Raspberry_Pi/Pico_SDK_v1.5.1/pico-sdk/src/rp2_common/pico_malloc/pico_malloc.c.obj (calloc)
c:/progra~1/raspbe~1/picosd~1.1/gcc-ar~1/bin/../lib/gcc/arm-none-eabi/10.3.1/../../../../arm-none-eabi/lib/thumb/v6-m/nofp\libg.a(lib_a-callocr.o)
                              c:/progra~1/raspbe~1/picosd~1.1/gcc-ar~1/bin/../lib/gcc/arm-none-eabi/10.3.1/../../../../arm-none-eabi/lib/thumb/v6-m/nofp\libg.a(lib_a-calloc.o) (_calloc_r)
c:/progra~1/raspbe~1/picosd~1.1/gcc-ar~1/bin/../lib/gcc/arm-none-eabi/10.3.1/../../../../arm-none-eabi/lib/thumb/v6-m/nofp\libg.a(lib_a-errno.o)
                              c:/progra~1/raspbe~1/picosd~1.1/gcc-ar~1/bin/../lib/gcc/arm-none-eabi/10.3.1/../../../../arm-none-eabi/lib/thumb/v6-m/nofp\libg.a(lib_a-callocr.o) (__errno)
c:/progra~1/raspbe~1/picosd~1.1/gcc-ar~1/bin/../lib/gcc/arm-none-eabi/10.3.1/../../../../arm-none-eabi/lib/thumb/v6-m/nofp\libg.a(lib_a-impure.o)
                              c:/progra~1/raspbe~1/picosd~1.1/gcc-ar~1/bin/../lib/gcc/arm-none-eabi/10.3.1/../../../../arm-none-eabi/lib/thumb/v6-m/nofp\libg.a(lib_a-calloc.o) (_impure_ptr)
c:/progra~1/raspbe~1/picosd~1.1/gcc-ar~1/bin/../lib/gcc/arm-none-eabi/10.3.1/../../../../arm-none-eabi/lib/thumb/v6-m/nofp\libg.a(lib_a-init.o)
                              c:/progra~1/raspbe~1/picosd~1.1/gcc-ar~1/bin/../lib/gcc/arm-none-eabi/10.3.1/../../../../arm-none-eabi/lib/thumb/v6-m/nofp/crt0.o (__libc_init_array)
c:/progra~1/raspbe~1/picosd~1.1/gcc-ar~1/bin/../lib/gcc/arm-none-eabi/10.3.1/../../../../arm-none-eabi/lib/thumb/v6-m/nofp\libg.a(lib_a-malloc.o)
                              CMakeFiles/pio_squarewave.dir/C_/Program_Files/Raspberry_Pi/Pico_SDK_v1.5.1/pico-sdk/src/rp2_common/pico_malloc/pico_malloc.c.obj (malloc)
c:/progra~1/raspbe~1/picosd~1.1/gcc-ar~1/bin/../lib/gcc/arm-none-eabi/10.3.1/../../../../arm-none-eabi/lib/thumb/v6-m/nofp\libg.a(lib_a-mallocr.o)
                              c:/progra~1/raspbe~1/picosd~1.1/gcc-ar~1/bin/../lib/gcc/arm-none-eabi/10.3.1/../../../../arm-none-eabi/lib/thumb/v6-m/nofp\libg.a(lib_a-callocr.o) (_malloc_r)
c:/progra~1/raspbe~1/picosd~1.1/gcc-ar~1/bin/../lib/gcc/arm-none-eabi/10.3.1/../../../../arm-none-eabi/lib/thumb/v6-m/nofp\libg.a(lib_a-mlock.o)
                              c:/progra~1/raspbe~1/picosd~1.1/gcc-ar~1/bin/../lib/gcc/arm-none-eabi/10.3.1/../../../../arm-none-eabi/lib/thumb/v6-m/nofp\libg.a(lib_a-mallocr.o) (__malloc_lock)
c:/progra~1/raspbe~1/picosd~1.1/gcc-ar~1/bin/../lib/gcc/arm-none-eabi/10.3.1/../../../../arm-none-eabi/lib/thumb/v6-m/nofp\libg.a(lib_a-realloc.o)
                              CMakeFiles/pio_squarewave.dir/C_/Program_Files/Raspberry_Pi/Pico_SDK_v1.5.1/pico-sdk/src/rp2_common/pico_malloc/pico_malloc.c.obj (realloc)
c:/progra~1/raspbe~1/picosd~1.1/gcc-ar~1/bin/../lib/gcc/arm-none-eabi/10.3.1/../../../../arm-none-eabi/lib/thumb/v6-m/nofp\libg.a(lib_a-reallocr.o)
                              c:/progra~1/raspbe~1/picosd~1.1/gcc-ar~1/bin/../lib/gcc/arm-none-eabi/10.3.1/../../../../arm-none-eabi/lib/thumb/v6-m/nofp\libg.a(lib_a-realloc.o) (_realloc_r)
c:/progra~1/raspbe~1/picosd~1.1/gcc-ar~1/bin/../lib/gcc/arm-none-eabi/10.3.1/../../../../arm-none-eabi/lib/thumb/v6-m/nofp\libg.a(lib_a-sbrkr.o)
                              c:/progra~1/raspbe~1/picosd~1.1/gcc-ar~1/bin/../lib/gcc/arm-none-eabi/10.3.1/../../../../arm-none-eabi/lib/thumb/v6-m/nofp\libg.a(lib_a-mallocr.o) (_sbrk_r)
c:/progra~1/raspbe~1/picosd~1.1/gcc-ar~1/bin/../lib/gcc/arm-none-eabi/10.3.1/../../../../arm-none-eabi/lib/thumb/v6-m/nofp\libg.a(lib_a-strlen-stub.o)
                              CMakeFiles/pio_squarewave.dir/C_/Program_Files/Raspberry_Pi/Pico_SDK_v1.5.1/pico-sdk/src/rp2_common/pico_stdio/stdio.c.obj (strlen)
c:/progra~1/raspbe~1/picosd~1.1/gcc-ar~1/bin/../lib/gcc/arm-none-eabi/10.3.1/../../../../arm-none-eabi/lib/thumb/v6-m/nofp\libg.a(lib_a-freer.o)
                              c:/progra~1/raspbe~1/picosd~1.1/gcc-ar~1/bin/../lib/gcc/arm-none-eabi/10.3.1/../../../../arm-none-eabi/lib/thumb/v6-m/nofp\libg.a(lib_a-malloc.o) (_free_r)
c:/progra~1/raspbe~1/picosd~1.1/gcc-ar~1/bin/../lib/gcc/arm-none-eabi/10.3.1/../../../../arm-none-eabi/lib/thumb/v6-m/nofp\libg.a(lib_a-lock.o)
                              c:/progra~1/raspbe~1/picosd~1.1/gcc-ar~1/bin/../lib/gcc/arm-none-eabi/10.3.1/../../../../arm-none-eabi/lib/thumb/v6-m/nofp\libg.a(lib_a-mlock.o) (__retarget_lock_acquire_recursive)
[...]
Memory Configuration

Name             Origin             Length             Attributes
FLASH            0x10000000         0x00200000         xr
RAM              0x20000000         0x00040000         xrw
SCRATCH_X        0x20040000         0x00001000         xrw
SCRATCH_Y        0x20041000         0x00001000         xrw
*default*        0x00000000         0xffffffff

Linker script and memory map

LOAD c:/progra~1/raspbe~1/picosd~1.1/gcc-ar~1/bin/../lib/gcc/arm-none-eabi/10.3.1/thumb/v6-m/nofp/crti.o
LOAD c:/progra~1/raspbe~1/picosd~1.1/gcc-ar~1/bin/../lib/gcc/arm-none-eabi/10.3.1/thumb/v6-m/nofp/crtbegin.o
LOAD c:/progra~1/raspbe~1/picosd~1.1/gcc-ar~1/bin/../lib/gcc/arm-none-eabi/10.3.1/../../../../arm-none-eabi/lib/thumb/v6-m/nofp/crt0.o

.flash_begin    0x10000000        0x0
                0x10000000                __flash_binary_start = .

.boot2          0x10000000      0x100
                0x10000000                __boot2_start__ = .
 *(.boot2)
 .boot2         0x10000000      0x100 C:\Users\Andy\AppData\Local\Temp\ccEjIkIv.o
                0x10000100                __boot2_end__ = .
                0x00000001                ASSERT (((__boot2_end__ - __boot2_start__) == 0x100), ERROR: Pico second stage bootloader must be 256 bytes in size)

.text           0x10000100     0x7310
                0x10000100                __logical_binary_start = .
 *(.vectors)
 .vectors       0x10000100       0xd4 CMakeFiles/pio_squarewave.dir/C_/Program_Files/Raspberry_Pi/Pico_SDK_v1.5.1/pico-sdk/src/rp2_common/pico_standard_link/crt0.S.obj
                0x10000100                __VECTOR_TABLE
                0x10000100                __vectors
                0x100001c0                isr_invalid
                0x100001c0                __default_isrs_start
                0x100001c2                isr_nmi
                0x100001c4                isr_hardfault
                0x100001c6                isr_svcall
                0x100001c8                isr_pendsv
                0x100001ca                isr_systick
                0x100001cc                isr_irq23
                0x100001cc                isr_irq18
                0x100001cc                isr_irq11
                0x100001cc                isr_irq28
                0x100001cc                isr_irq19
                0x100001cc                isr_irq0
                0x100001cc                isr_irq6
                0x100001cc                isr_irq5
                0x100001cc                isr_irq12
                0x100001cc                isr_irq22
                0x100001cc                isr_irq31
                0x100001cc                isr_irq17
                0x100001cc                isr_irq27
                0x100001cc                isr_irq30
                0x100001cc                isr_irq2
                0x100001cc                isr_irq10
                0x100001cc                isr_irq8
                0x100001cc                isr_irq24
                0x100001cc                isr_irq1
                0x100001cc                isr_irq7
                0x100001cc                isr_irq21
                0x100001cc                isr_irq20
                0x100001cc                isr_irq15
                0x100001cc                isr_irq25
                0x100001cc                isr_irq13
                0x100001cc                __unhandled_user_irq
                0x100001cc                isr_irq4
                0x100001cc                isr_irq16
                0x100001cc                isr_irq29
                0x100001cc                isr_irq26
                0x100001cc                __default_isrs_end
                0x100001cc                isr_irq3
                0x100001cc                isr_irq14
                0x100001cc                isr_irq9
                0x100001d2                unhandled_user_irq_num_in_r0
 *(.binary_info_header)
 .binary_info_header
                0x100001d4       0x14 CMakeFiles/pio_squarewave.dir/C_/Program_Files/Raspberry_Pi/Pico_SDK_v1.5.1/pico-sdk/src/rp2_common/pico_standard_link/crt0.S.obj
                0x100001e8                __binary_info_header_end = .
 *(.reset)
 .reset         0x100001e8       0xa0 CMakeFiles/pio_squarewave.dir/C_/Program_Files/Raspberry_Pi/Pico_SDK_v1.5.1/pico-sdk/src/rp2_common/pico_standard_link/crt0.S.obj
                0x100001e8                _entry_point
 .reset         0x10000288       0x30 CMakeFiles/pio_squarewave.dir/C_/Program_Files/Raspberry_Pi/Pico_SDK_v1.5.1/pico-sdk/src/rp2_common/pico_standard_link/binary_info.c.obj
 *(.init)
 .init          0x100002b8        0x4 c:/progra~1/raspbe~1/picosd~1.1/gcc-ar~1/bin/../lib/gcc/arm-none-eabi/10.3.1/thumb/v6-m/nofp/crti.o
                0x100002b8                _init
 *(EXCLUDE_FILE(*libm.a: *libc.a:*lib_a-mem*.o *libgcc.a:) .text*)
 .text          0x100002bc       0x48 c:/progra~1/raspbe~1/picosd~1.1/gcc-ar~1/bin/../lib/gcc/arm-none-eabi/10.3.1/thumb/v6-m/nofp/crtbegin.o
 .text._ZN12GCcontrollerC2EP8pio_hw_tjj
                0x10000304       0xac CMakeFiles/pio_squarewave.dir/squarewave.cpp.obj
                0x10000304                GCcontroller::GCcontroller(pio_hw_t*, unsigned int, unsigned int)
                0x10000304                GCcontroller::GCcontroller(pio_hw_t*, unsigned int, unsigned int)
 .text._ZN12GCcontroller9getreportEv
                0x100003b0       0xa8 CMakeFiles/pio_squarewave.dir/squarewave.cpp.obj
                0x100003b0                GCcontroller::getreport()
 .text.main     0x10000458       0x44 CMakeFiles/pio_squarewave.dir/squarewave.cpp.obj
                0x10000458                main
 .text.gpio_set_function
                0x1000049c       0x30 CMakeFiles/pio_squarewave.dir/C_/Program_Files/Raspberry_Pi/Pico_SDK_v1.5.1/pico-sdk/src/rp2_common/hardware_gpio/gpio.c.obj
                0x1000049c                gpio_set_function
 .text.running_on_fpga
                0x100004cc       0x14 CMakeFiles/pio_squarewave.dir/C_/Program_Files/Raspberry_Pi/Pico_SDK_v1.5.1/pico-sdk/src/rp2_common/pico_platform/platform.c.obj
                0x100004cc                running_on_fpga
 .text.hw_claim_lock
                0x100004e0       0x18 CMakeFiles/pio_squarewave.dir/C_/Program_Files/Raspberry_Pi/Pico_SDK_v1.5.1/pico-sdk/src/rp2_common/hardware_claim/claim.c.obj
                0x100004e0                hw_claim_lock
 .text.hw_claim_unlock
                0x100004f8       0x14 CMakeFiles/pio_squarewave.dir/C_/Program_Files/Raspberry_Pi/Pico_SDK_v1.5.1/pico-sdk/src/rp2_common/hardware_claim/claim.c.obj
                0x100004f8                hw_claim_unlock
 .text.hw_claim_or_assert
                0x1000050c       0x32 CMakeFiles/pio_squarewave.dir/C_/Program_Files/Raspberry_Pi/Pico_SDK_v1.5.1/pico-sdk/src/rp2_common/hardware_claim/claim.c.obj
                0x1000050c                hw_claim_or_assert
 .text.hw_claim_unused_from_range
                0x1000053e       0x50 CMakeFiles/pio_squarewave.dir/C_/Program_Files/Raspberry_Pi/Pico_SDK_v1.5.1/pico-sdk/src/rp2_common/hardware_claim/claim.c.obj
                0x1000053e                hw_claim_unused_from_range
 *fill*         0x1000058e        0x2 
 .text.spin_locks_reset
                0x10000590       0x20 CMakeFiles/pio_squarewave.dir/C_/Program_Files/Raspberry_Pi/Pico_SDK_v1.5.1/pico-sdk/src/rp2_common/hardware_sync/sync.c.obj
                0x10000590                spin_locks_reset
 .text.next_striped_spin_lock_num
                0x100005b0       0x1c CMakeFiles/pio_squarewave.dir/C_/Program_Files/Raspberry_Pi/Pico_SDK_v1.5.1/pico-sdk/src/rp2_common/hardware_sync/sync.c.obj
                0x100005b0                next_striped_spin_lock_num
 .text.spin_lock_claim_unused
                0x100005cc       0x20 CMakeFiles/pio_squarewave.dir/C_/Program_Files/Raspberry_Pi/Pico_SDK_v1.5.1/pico-sdk/src/rp2_common/hardware_sync/sync.c.obj
                0x100005cc                spin_lock_claim_unused
 .text.set_raw_irq_handler_and_unlock
                0x100005ec       0x28 CMakeFiles/pio_squarewave.dir/C_/Program_Files/Raspberry_Pi/Pico_SDK_v1.5.1/pico-sdk/src/rp2_common/hardware_irq/irq.c.obj
 .text.make_branch
                0x10000614       0x48 CMakeFiles/pio_squarewave.dir/C_/Program_Files/Raspberry_Pi/Pico_SDK_v1.5.1/pico-sdk/src/rp2_common/hardware_irq/irq.c.obj
 .text.insert_branch_and_link
                0x1000065c       0x40 CMakeFiles/pio_squarewave.dir/C_/Program_Files/Raspberry_Pi/Pico_SDK_v1.5.1/pico-sdk/src/rp2_common/hardware_irq/irq.c.obj
 .text.irq_is_enabled
                0x1000069c       0x18 CMakeFiles/pio_squarewave.dir/C_/Program_Files/Raspberry_Pi/Pico_SDK_v1.5.1/pico-sdk/src/rp2_common/hardware_irq/irq.c.obj
                0x1000069c                irq_is_enabled
 .text.irq_set_mask_enabled
                0x100006b4       0x20 CMakeFiles/pio_squarewave.dir/C_/Program_Files/Raspberry_Pi/Pico_SDK_v1.5.1/pico-sdk/src/rp2_common/hardware_irq/irq.c.obj
                0x100006b4                irq_set_mask_enabled
 .text.irq_set_enabled
                0x100006d4        0xe CMakeFiles/pio_squarewave.dir/C_/Program_Files/Raspberry_Pi/Pico_SDK_v1.5.1/pico-sdk/src/rp2_common/hardware_irq/irq.c.obj
                0x100006d4                irq_set_enabled
 *fill*         0x100006e2        0x2 
 .text.irq_set_pending
                0x100006e4       0x10 CMakeFiles/pio_squarewave.dir/C_/Program_Files/Raspberry_Pi/Pico_SDK_v1.5.1/pico-sdk/src/rp2_common/hardware_irq/irq.c.obj
                0x100006e4                irq_set_pending
 .text.irq_get_vtable_handler
                0x100006f4       0x10 CMakeFiles/pio_squarewave.dir/C_/Program_Files/Raspberry_Pi/Pico_SDK_v1.5.1/pico-sdk/src/rp2_common/hardware_irq/irq.c.obj
                0x100006f4                irq_get_vtable_handler
 .text.irq_has_shared_handler
                0x10000704       0x24 CMakeFiles/pio_squarewave.dir/C_/Program_Files/Raspberry_Pi/Pico_SDK_v1.5.1/pico-sdk/src/rp2_common/hardware_irq/irq.c.obj
                0x10000704                irq_has_shared_handler
 .text.irq_set_exclusive_handler
                0x10000728       0x54 CMakeFiles/pio_squarewave.dir/C_/Program_Files/Raspberry_Pi/Pico_SDK_v1.5.1/pico-sdk/src/rp2_common/hardware_irq/irq.c.obj
                0x10000728                irq_set_exclusive_handler
 .text.irq_add_shared_handler
                0x1000077c      0x234 CMakeFiles/pio_squarewave.dir/C_/Program_Files/Raspberry_Pi/Pico_SDK_v1.5.1/pico-sdk/src/rp2_common/hardware_irq/irq.c.obj
                0x1000077c                irq_add_shared_handler
 .text.irq_remove_handler
                0x100009b0      0x1ac CMakeFiles/pio_squarewave.dir/C_/Program_Files/Raspberry_Pi/Pico_SDK_v1.5.1/pico-sdk/src/rp2_common/hardware_irq/irq.c.obj
                0x100009b0                irq_remove_handler
 .text.irq_add_tail_to_free_list
                0x10000b5c       0xf0 CMakeFiles/pio_squarewave.dir/C_/Program_Files/Raspberry_Pi/Pico_SDK_v1.5.1/pico-sdk/src/rp2_common/hardware_irq/irq.c.obj
                0x10000b5c                irq_add_tail_to_free_list
 .text.irq_init_priorities
                0x10000c4c       0x1c CMakeFiles/pio_squarewave.dir/C_/Program_Files/Raspberry_Pi/Pico_SDK_v1.5.1/pico-sdk/src/rp2_common/hardware_irq/irq.c.obj
                0x10000c4c                irq_init_priorities
 .text.user_irq_claim_unused
                0x10000c68       0x28 CMakeFiles/pio_squarewave.dir/C_/Program_Files/Raspberry_Pi/Pico_SDK_v1.5.1/pico-sdk/src/rp2_common/hardware_irq/irq.c.obj
                0x10000c68                user_irq_claim_unused
 .text.lock_init
                0x10000c90       0x10 CMakeFiles/pio_squarewave.dir/C_/Program_Files/Raspberry_Pi/Pico_SDK_v1.5.1/pico-sdk/src/common/pico_sync/lock_core.c.obj
                0x10000c90                lock_init
 .text.mutex_init
                0x10000ca0       0x1a CMakeFiles/pio_squarewave.dir/C_/Program_Files/Raspberry_Pi/Pico_SDK_v1.5.1/pico-sdk/src/common/pico_sync/mutex.c.obj
                0x10000ca0                mutex_init
 .text.recursive_mutex_init
                0x10000cba       0x1e CMakeFiles/pio_squarewave.dir/C_/Program_Files/Raspberry_Pi/Pico_SDK_v1.5.1/pico-sdk/src/common/pico_sync/mutex.c.obj
                0x10000cba                recursive_mutex_init
 .text.critical_section_init_with_lock_num
                0x10000cd8       0x14 CMakeFiles/pio_squarewave.dir/C_/Program_Files/Raspberry_Pi/Pico_SDK_v1.5.1/pico-sdk/src/common/pico_sync/critical_section.c.obj
                0x10000cd8                critical_section_init_with_lock_num
 .text.critical_section_init
                0x10000cec       0x14 CMakeFiles/pio_squarewave.dir/C_/Program_Files/Raspberry_Pi/Pico_SDK_v1.5.1/pico-sdk/src/common/pico_sync/critical_section.c.obj
                0x10000cec                critical_section_init
 .text.alarm_pool_post_alloc_init
                0x10000d00       0x40 CMakeFiles/pio_squarewave.dir/C_/Program_Files/Raspberry_Pi/Pico_SDK_v1.5.1/pico-sdk/src/common/pico_time/time.c.obj
 .text.sleep_until_callback
                0x10000d40       0x30 CMakeFiles/pio_squarewave.dir/C_/Program_Files/Raspberry_Pi/Pico_SDK_v1.5.1/pico-sdk/src/common/pico_time/time.c.obj
 .text.timer_pool_entry_comparator
                0x10000d70       0x7c CMakeFiles/pio_squarewave.dir/C_/Program_Files/Raspberry_Pi/Pico_SDK_v1.5.1/pico-sdk/src/common/pico_time/time.c.obj
                0x10000d70                timer_pool_entry_comparator
 .text.ph_add_child_node
                0x10000dec       0xa4 CMakeFiles/pio_squarewave.dir/C_/Program_Files/Raspberry_Pi/Pico_SDK_v1.5.1/pico-sdk/src/common/pico_time/time.c.obj
 .text.ph_merge_nodes
                0x10000e90       0x3e CMakeFiles/pio_squarewave.dir/C_/Program_Files/Raspberry_Pi/Pico_SDK_v1.5.1/pico-sdk/src/common/pico_time/time.c.obj
 *fill*         0x10000ece        0x2 
 .text.add_alarm_under_lock
                0x10000ed0      0x174 CMakeFiles/pio_squarewave.dir/C_/Program_Files/Raspberry_Pi/Pico_SDK_v1.5.1/pico-sdk/src/common/pico_time/time.c.obj
 .text.alarm_pool_alarm_callback
                0x10001044      0x33c CMakeFiles/pio_squarewave.dir/C_/Program_Files/Raspberry_Pi/Pico_SDK_v1.5.1/pico-sdk/src/common/pico_time/time.c.obj
 .text.alarm_pool_init_default
                0x10001380       0x40 CMakeFiles/pio_squarewave.dir/C_/Program_Files/Raspberry_Pi/Pico_SDK_v1.5.1/pico-sdk/src/common/pico_time/time.c.obj
                0x10001380                alarm_pool_init_default
 .text.alarm_pool_get_default
                0x100013c0       0x2c CMakeFiles/pio_squarewave.dir/C_/Program_Files/Raspberry_Pi/Pico_SDK_v1.5.1/pico-sdk/src/common/pico_time/time.c.obj
                0x100013c0                alarm_pool_get_default
 .text.alarm_pool_add_alarm_at
                0x100013ec      0x168 CMakeFiles/pio_squarewave.dir/C_/Program_Files/Raspberry_Pi/Pico_SDK_v1.5.1/pico-sdk/src/common/pico_time/time.c.obj
                0x100013ec                alarm_pool_add_alarm_at
 .text.alarm_pool_cancel_alarm
                0x10001554       0xf8 CMakeFiles/pio_squarewave.dir/C_/Program_Files/Raspberry_Pi/Pico_SDK_v1.5.1/pico-sdk/src/common/pico_time/time.c.obj
                0x10001554                alarm_pool_cancel_alarm
 .text.alarm_pool_core_num
                0x1000164c        0x4 CMakeFiles/pio_squarewave.dir/C_/Program_Files/Raspberry_Pi/Pico_SDK_v1.5.1/pico-sdk/src/common/pico_time/time.c.obj
                0x1000164c                alarm_pool_core_num
 .text.best_effort_wfe_or_timeout
                0x10001650       0xac CMakeFiles/pio_squarewave.dir/C_/Program_Files/Raspberry_Pi/Pico_SDK_v1.5.1/pico-sdk/src/common/pico_time/time.c.obj
                0x10001650                best_effort_wfe_or_timeout
 .text.hardware_alarm_irq_handler
                0x100016fc       0x90 CMakeFiles/pio_squarewave.dir/C_/Program_Files/Raspberry_Pi/Pico_SDK_v1.5.1/pico-sdk/src/rp2_common/hardware_timer/timer.c.obj
 .text.hardware_alarm_claim
                0x1000178c       0x18 CMakeFiles/pio_squarewave.dir/C_/Program_Files/Raspberry_Pi/Pico_SDK_v1.5.1/pico-sdk/src/rp2_common/hardware_timer/timer.c.obj
                0x1000178c                hardware_alarm_claim
 .text.time_us_64
                0x100017a4       0x18 CMakeFiles/pio_squarewave.dir/C_/Program_Files/Raspberry_Pi/Pico_SDK_v1.5.1/pico-sdk/src/rp2_common/hardware_timer/timer.c.obj
                0x100017a4                time_us_64
 .text.busy_wait_until
                0x100017bc       0x28 CMakeFiles/pio_squarewave.dir/C_/Program_Files/Raspberry_Pi/Pico_SDK_v1.5.1/pico-sdk/src/rp2_common/hardware_timer/timer.c.obj
                0x100017bc                busy_wait_until
 .text.busy_wait_us
                0x100017e4       0x48 CMakeFiles/pio_squarewave.dir/C_/Program_Files/Raspberry_Pi/Pico_SDK_v1.5.1/pico-sdk/src/rp2_common/hardware_timer/timer.c.obj
                0x100017e4                busy_wait_us
 .text.hardware_alarm_set_callback
                0x1000182c       0x90 CMakeFiles/pio_squarewave.dir/C_/Program_Files/Raspberry_Pi/Pico_SDK_v1.5.1/pico-sdk/src/rp2_common/hardware_timer/timer.c.obj
                0x1000182c                hardware_alarm_set_callback
 .text.hardware_alarm_set_target
                0x100018bc       0xe8 CMakeFiles/pio_squarewave.dir/C_/Program_Files/Raspberry_Pi/Pico_SDK_v1.5.1/pico-sdk/src/rp2_common/hardware_timer/timer.c.obj
                0x100018bc                hardware_alarm_set_target
 .text.hardware_alarm_cancel
                0x100019a4       0x40 CMakeFiles/pio_squarewave.dir/C_/Program_Files/Raspberry_Pi/Pico_SDK_v1.5.1/pico-sdk/src/rp2_common/hardware_timer/timer.c.obj
                0x100019a4                hardware_alarm_cancel
 .text.ph_add_child_node
                0x100019e4       0xa4 CMakeFiles/pio_squarewave.dir/C_/Program_Files/Raspberry_Pi/Pico_SDK_v1.5.1/pico-sdk/src/common/pico_util/pheap.c.obj
 .text.ph_merge_nodes
                0x10001a88       0x3e CMakeFiles/pio_squarewave.dir/C_/Program_Files/Raspberry_Pi/Pico_SDK_v1.5.1/pico-sdk/src/common/pico_util/pheap.c.obj
 *fill*         0x10001ac6        0x2 
 .text.ph_clear
                0x10001ac8       0x70 CMakeFiles/pio_squarewave.dir/C_/Program_Files/Raspberry_Pi/Pico_SDK_v1.5.1/pico-sdk/src/common/pico_util/pheap.c.obj
                0x10001ac8                ph_clear
 .text.ph_post_alloc_init
                0x10001b38        0xe CMakeFiles/pio_squarewave.dir/C_/Program_Files/Raspberry_Pi/Pico_SDK_v1.5.1/pico-sdk/src/common/pico_util/pheap.c.obj
                0x10001b38                ph_post_alloc_init
 *fill*         0x10001b46        0x2 
 .text.ph_merge_two_pass
                0x10001b48       0xa8 CMakeFiles/pio_squarewave.dir/C_/Program_Files/Raspberry_Pi/Pico_SDK_v1.5.1/pico-sdk/src/common/pico_util/pheap.c.obj
                0x10001b48                ph_merge_two_pass
 .text.ph_remove_any_head
                0x10001bf0      0x128 CMakeFiles/pio_squarewave.dir/C_/Program_Files/Raspberry_Pi/Pico_SDK_v1.5.1/pico-sdk/src/common/pico_util/pheap.c.obj
 .text.ph_remove_head
                0x10001d18       0x14 CMakeFiles/pio_squarewave.dir/C_/Program_Files/Raspberry_Pi/Pico_SDK_v1.5.1/pico-sdk/src/common/pico_util/pheap.c.obj
                0x10001d18                ph_remove_head
 .text.ph_remove_and_free_node
                0x10001d2c       0xf8 CMakeFiles/pio_squarewave.dir/C_/Program_Files/Raspberry_Pi/Pico_SDK_v1.5.1/pico-sdk/src/common/pico_util/pheap.c.obj
                0x10001d2c                ph_remove_and_free_node
 .text.uart_disable_before_lcr_write
                0x10001e24       0x48 CMakeFiles/pio_squarewave.dir/C_/Program_Files/Raspberry_Pi/Pico_SDK_v1.5.1/pico-sdk/src/rp2_common/hardware_uart/uart.c.obj
 .text.uart_write_lcr_bits_masked
                0x10001e6c       0x22 CMakeFiles/pio_squarewave.dir/C_/Program_Files/Raspberry_Pi/Pico_SDK_v1.5.1/pico-sdk/src/rp2_common/hardware_uart/uart.c.obj
 *fill*         0x10001e8e        0x2 
 .text.uart_set_baudrate
                0x10001e90       0x5c CMakeFiles/pio_squarewave.dir/C_/Program_Files/Raspberry_Pi/Pico_SDK_v1.5.1/pico-sdk/src/rp2_common/hardware_uart/uart.c.obj
                0x10001e90                uart_set_baudrate
 .text.uart_set_format
                0x10001eec       0x2c CMakeFiles/pio_squarewave.dir/C_/Program_Files/Raspberry_Pi/Pico_SDK_v1.5.1/pico-sdk/src/rp2_common/hardware_uart/uart.c.obj
                0x10001eec                uart_set_format
 .text.uart_set_translate_crlf
                0x10001f18       0x28 CMakeFiles/pio_squarewave.dir/C_/Program_Files/Raspberry_Pi/Pico_SDK_v1.5.1/pico-sdk/src/rp2_common/hardware_uart/uart.c.obj
                0x10001f18                uart_set_translate_crlf
 .text.uart_init
                0x10001f40       0x80 CMakeFiles/pio_squarewave.dir/C_/Program_Files/Raspberry_Pi/Pico_SDK_v1.5.1/pico-sdk/src/rp2_common/hardware_uart/uart.c.obj
                0x10001f40                uart_init
 .text.clock_configure
                0x10001fc0      0x108 CMakeFiles/pio_squarewave.dir/C_/Program_Files/Raspberry_Pi/Pico_SDK_v1.5.1/pico-sdk/src/rp2_common/hardware_clocks/clocks.c.obj
                0x10001fc0                clock_configure
 .text.clocks_init
                0x100020c8      0x100 CMakeFiles/pio_squarewave.dir/C_/Program_Files/Raspberry_Pi/Pico_SDK_v1.5.1/pico-sdk/src/rp2_common/hardware_clocks/clocks.c.obj
                0x100020c8                clocks_init
 .text.clock_get_hz
                0x100021c8        0xc CMakeFiles/pio_squarewave.dir/C_/Program_Files/Raspberry_Pi/Pico_SDK_v1.5.1/pico-sdk/src/rp2_common/hardware_clocks/clocks.c.obj
                0x100021c8                clock_get_hz
 .text.pll_init
                0x100021d4      0x120 CMakeFiles/pio_squarewave.dir/C_/Program_Files/Raspberry_Pi/Pico_SDK_v1.5.1/pico-sdk/src/rp2_common/hardware_pll/pll.c.obj
                0x100021d4                pll_init
 .text.watchdog_start_tick
                0x100022f4       0x10 CMakeFiles/pio_squarewave.dir/C_/Program_Files/Raspberry_Pi/Pico_SDK_v1.5.1/pico-sdk/src/rp2_common/hardware_watchdog/watchdog.c.obj
                0x100022f4                watchdog_start_tick
 .text.watchdog_update
                0x10002304       0x14 CMakeFiles/pio_squarewave.dir/C_/Program_Files/Raspberry_Pi/Pico_SDK_v1.5.1/pico-sdk/src/rp2_common/hardware_watchdog/watchdog.c.obj
                0x10002304                watchdog_update
 .text._watchdog_enable
                0x10002318       0x78 CMakeFiles/pio_squarewave.dir/C_/Program_Files/Raspberry_Pi/Pico_SDK_v1.5.1/pico-sdk/src/rp2_common/hardware_watchdog/watchdog.c.obj
                0x10002318                _watchdog_enable
 .text.watchdog_reboot
                0x10002390       0x48 CMakeFiles/pio_squarewave.dir/C_/Program_Files/Raspberry_Pi/Pico_SDK_v1.5.1/pico-sdk/src/rp2_common/hardware_watchdog/watchdog.c.obj
                0x10002390                watchdog_reboot
 .text.xosc_init
                0x100023d8       0x28 CMakeFiles/pio_squarewave.dir/C_/Program_Files/Raspberry_Pi/Pico_SDK_v1.5.1/pico-sdk/src/rp2_common/hardware_xosc/xosc.c.obj
                0x100023d8                xosc_init
 .text._exit    0x10002400        0x4 CMakeFiles/pio_squarewave.dir/C_/Program_Files/Raspberry_Pi/Pico_SDK_v1.5.1/pico-sdk/src/rp2_common/pico_runtime/runtime.c.obj
                0x10002400                _exit
 .text.exit     0x10002404        0x6 CMakeFiles/pio_squarewave.dir/C_/Program_Files/Raspberry_Pi/Pico_SDK_v1.5.1/pico-sdk/src/rp2_common/pico_runtime/runtime.c.obj
                0x10002404                exit
 *fill*         0x1000240a        0x2 
 .text.__assert_func
                0x1000240c       0x3c CMakeFiles/pio_squarewave.dir/C_/Program_Files/Raspberry_Pi/Pico_SDK_v1.5.1/pico-sdk/src/rp2_common/pico_runtime/runtime.c.obj
                0x1000240c                __assert_func
 .text.runtime_init
                0x10002448       0xf8 CMakeFiles/pio_squarewave.dir/C_/Program_Files/Raspberry_Pi/Pico_SDK_v1.5.1/pico-sdk/src/rp2_common/pico_runtime/runtime.c.obj
                0x10002448                runtime_init
 .text.panic    0x10002540       0x30 CMakeFiles/pio_squarewave.dir/C_/Program_Files/Raspberry_Pi/Pico_SDK_v1.5.1/pico-sdk/src/rp2_common/pico_runtime/runtime.c.obj
                0x10002540                panic
 .text._out_null
                0x10002570        0x2 CMakeFiles/pio_squarewave.dir/C_/Program_Files/Raspberry_Pi/Pico_SDK_v1.5.1/pico-sdk/src/rp2_common/pico_printf/printf.c.obj
 .text._out_fct
                0x10002572        0xe CMakeFiles/pio_squarewave.dir/C_/Program_Files/Raspberry_Pi/Pico_SDK_v1.5.1/pico-sdk/src/rp2_common/pico_printf/printf.c.obj
 .text._atoi    0x10002580       0x24 CMakeFiles/pio_squarewave.dir/C_/Program_Files/Raspberry_Pi/Pico_SDK_v1.5.1/pico-sdk/src/rp2_common/pico_printf/printf.c.obj
 .text._out_rev
                0x100025a4       0xae CMakeFiles/pio_squarewave.dir/C_/Program_Files/Raspberry_Pi/Pico_SDK_v1.5.1/pico-sdk/src/rp2_common/pico_printf/printf.c.obj
 .text._ntoa_format
                0x10002652      0x112 CMakeFiles/pio_squarewave.dir/C_/Program_Files/Raspberry_Pi/Pico_SDK_v1.5.1/pico-sdk/src/rp2_common/pico_printf/printf.c.obj
 .text._ntoa_long
                0x10002764       0xbc CMakeFiles/pio_squarewave.dir/C_/Program_Files/Raspberry_Pi/Pico_SDK_v1.5.1/pico-sdk/src/rp2_common/pico_printf/printf.c.obj
 .text._ntoa_long_long
                0x10002820       0xe2 CMakeFiles/pio_squarewave.dir/C_/Program_Files/Raspberry_Pi/Pico_SDK_v1.5.1/pico-sdk/src/rp2_common/pico_printf/printf.c.obj
 *fill*         0x10002902        0x2 
 .text._etoa    0x10002904      0x414 CMakeFiles/pio_squarewave.dir/C_/Program_Files/Raspberry_Pi/Pico_SDK_v1.5.1/pico-sdk/src/rp2_common/pico_printf/printf.c.obj
 .text._ftoa    0x10002d18      0x354 CMakeFiles/pio_squarewave.dir/C_/Program_Files/Raspberry_Pi/Pico_SDK_v1.5.1/pico-sdk/src/rp2_common/pico_printf/printf.c.obj
 .text._vsnprintf
                0x1000306c      0x624 CMakeFiles/pio_squarewave.dir/C_/Program_Files/Raspberry_Pi/Pico_SDK_v1.5.1/pico-sdk/src/rp2_common/pico_printf/printf.c.obj
 .text.vfctprintf
                0x10003690       0x20 CMakeFiles/pio_squarewave.dir/C_/Program_Files/Raspberry_Pi/Pico_SDK_v1.5.1/pico-sdk/src/rp2_common/pico_printf/printf.c.obj
                0x10003690                vfctprintf
 .text          0x100036b0       0x10 CMakeFiles/pio_squarewave.dir/C_/Program_Files/Raspberry_Pi/Pico_SDK_v1.5.1/pico-sdk/src/rp2_common/pico_bit_ops/bit_ops_aeabi.S.obj
 .text.rom_func_lookup
                0x100036c0       0x10 CMakeFiles/pio_squarewave.dir/C_/Program_Files/Raspberry_Pi/Pico_SDK_v1.5.1/pico-sdk/src/rp2_common/pico_bootrom/bootrom.c.obj
                0x100036c0                rom_func_lookup
 .text.rom_data_lookup
                0x100036d0       0x10 CMakeFiles/pio_squarewave.dir/C_/Program_Files/Raspberry_Pi/Pico_SDK_v1.5.1/pico-sdk/src/rp2_common/pico_bootrom/bootrom.c.obj
                0x100036d0                rom_data_lookup
 .text.rom_funcs_lookup
                0x100036e0       0x36 CMakeFiles/pio_squarewave.dir/C_/Program_Files/Raspberry_Pi/Pico_SDK_v1.5.1/pico-sdk/src/rp2_common/pico_bootrom/bootrom.c.obj
                0x100036e0                rom_funcs_lookup
 *fill*         0x10003716        0x2 
 .text.__wrap___aeabi_idiv
                0x10003718       0x50 CMakeFiles/pio_squarewave.dir/C_/Program_Files/Raspberry_Pi/Pico_SDK_v1.5.1/pico-sdk/src/rp2_common/pico_divider/divider.S.obj
                0x10003718                __wrap___aeabi_idivmod
                0x10003718                divmod_s32s32
                0x10003718                div_s32s32
                0x10003718                __wrap___aeabi_idiv
                0x10003720                divmod_s32s32_unsafe
                0x1000374c                divmod_s32s32_savestate
 .text.__wrap___aeabi_uidiv
                0x10003768       0x4c CMakeFiles/pio_squarewave.dir/C_/Program_Files/Raspberry_Pi/Pico_SDK_v1.5.1/pico-sdk/src/rp2_common/pico_divider/divider.S.obj
                0x10003768                __wrap___aeabi_uidiv
                0x10003768                __wrap___aeabi_uidivmod
                0x10003768                div_u32u32
                0x10003768                divmod_u32u32
                0x10003770                divmod_u32u32_unsafe
                0x10003798                divmod_u32u32_savestate
 .text.__wrap___aeabi_ldiv
                0x100037b4      0x424 CMakeFiles/pio_squarewave.dir/C_/Program_Files/Raspberry_Pi/Pico_SDK_v1.5.1/pico-sdk/src/rp2_common/pico_divider/divider.S.obj
                0x100037b4                div_s64s64
                0x100037b4                divmod_s64s64
                0x100037b4                __wrap___aeabi_ldivmod
                0x100037e4                divmod_u64u64
                0x100037e4                div_u64u64
                0x100037e4                __wrap___aeabi_uldivmod
                0x100037f4                divmod_u64u64_savestate
                0x10003814                divmod_s64s64_unsafe
                0x1000389c                divmod_u64u64_unsafe
 .text.__wrap___aeabi_darithmetic
                0x10003bd8       0x80 CMakeFiles/pio_squarewave.dir/C_/Program_Files/Raspberry_Pi/Pico_SDK_v1.5.1/pico-sdk/src/rp2_common/pico_double/double_aeabi.S.obj
                0x10003bd8                __wrap___aeabi_drsub
                0x10003bde                __wrap___aeabi_dsub
                0x10003bf0                __wrap___aeabi_dadd
                0x10003c02                __wrap___aeabi_ddiv
                0x10003c3e                __wrap___aeabi_dmul
 .text.__wrap___aeabi_cdcmple
                0x10003c58       0x6c CMakeFiles/pio_squarewave.dir/C_/Program_Files/Raspberry_Pi/Pico_SDK_v1.5.1/pico-sdk/src/rp2_common/pico_double/double_aeabi.S.obj
                0x10003c58                __wrap___aeabi_cdrcmple
                0x10003c68                __wrap___aeabi_cdcmpeq
                0x10003c68                __wrap___aeabi_cdcmple
 .text.__wrap___aeabi_dcmplt
                0x10003cc4        0xc CMakeFiles/pio_squarewave.dir/C_/Program_Files/Raspberry_Pi/Pico_SDK_v1.5.1/pico-sdk/src/rp2_common/pico_double/double_aeabi.S.obj
                0x10003cc4                __wrap___aeabi_dcmplt
 .text.__wrap___aeabi_dcmple
                0x10003cd0       0x10 CMakeFiles/pio_squarewave.dir/C_/Program_Files/Raspberry_Pi/Pico_SDK_v1.5.1/pico-sdk/src/rp2_common/pico_double/double_aeabi.S.obj
                0x10003cd0                __wrap___aeabi_dcmple
 .text.__wrap___aeabi_dcmpge
                0x10003ce0       0x10 CMakeFiles/pio_squarewave.dir/C_/Program_Files/Raspberry_Pi/Pico_SDK_v1.5.1/pico-sdk/src/rp2_common/pico_double/double_aeabi.S.obj
                0x10003ce0                __wrap___aeabi_dcmpge
 .text.__wrap___aeabi_dcmpgt
                0x10003cf0        0xa CMakeFiles/pio_squarewave.dir/C_/Program_Files/Raspberry_Pi/Pico_SDK_v1.5.1/pico-sdk/src/rp2_common/pico_double/double_aeabi.S.obj
                0x10003cf0                __wrap___aeabi_dcmpgt
 .text.__wrap___aeabi_dcmpun
                0x10003cfa       0x1c CMakeFiles/pio_squarewave.dir/C_/Program_Files/Raspberry_Pi/Pico_SDK_v1.5.1/pico-sdk/src/rp2_common/pico_double/double_aeabi.S.obj
                0x10003cfa                __wrap___aeabi_dcmpun
 *fill*         0x10003d16        0x2 
 .text.__wrap___aeabi_i2d
                0x10003d18       0x38 CMakeFiles/pio_squarewave.dir/C_/Program_Files/Raspberry_Pi/Pico_SDK_v1.5.1/pico-sdk/src/rp2_common/pico_double/double_aeabi.S.obj
                0x10003d18                __wrap___aeabi_ui2d
                0x10003d20                __wrap___aeabi_i2d
 .text.__wrap___aeabi_d2iz
                0x10003d50       0x48 CMakeFiles/pio_squarewave.dir/C_/Program_Files/Raspberry_Pi/Pico_SDK_v1.5.1/pico-sdk/src/rp2_common/pico_double/double_aeabi.S.obj
                0x10003d50                double2int_z
                0x10003d50                __wrap___aeabi_d2iz
 .text.__wrap___aeabi_d2uiz
                0x10003d98       0x18 CMakeFiles/pio_squarewave.dir/C_/Program_Files/Raspberry_Pi/Pico_SDK_v1.5.1/pico-sdk/src/rp2_common/pico_double/double_aeabi.S.obj
                0x10003d98                __wrap___aeabi_d2uiz
                0x10003d98                double2uint
 .text.__aeabi_double_init
                0x10003db0       0xc8 CMakeFiles/pio_squarewave.dir/C_/Program_Files/Raspberry_Pi/Pico_SDK_v1.5.1/pico-sdk/src/rp2_common/pico_double/double_init_rom.c.obj
                0x10003db0                __aeabi_double_init
 .text.double_table_shim_on_use_helper
                0x10003e78       0x34 CMakeFiles/pio_squarewave.dir/C_/Program_Files/Raspberry_Pi/Pico_SDK_v1.5.1/pico-sdk/src/rp2_common/pico_double/double_v1_rom_shim.S.obj
                0x10003e78                double_table_shim_on_use_helper
 .text.__wrap___aeabi_dsub
                0x10003eac       0x10 CMakeFiles/pio_squarewave.dir/C_/Program_Files/Raspberry_Pi/Pico_SDK_v1.5.1/pico-sdk/src/rp2_common/pico_double/double_v1_rom_shim.S.obj
                0x10003eac                drsub_shim
                0x10003eb2                dsub_shim
 .text.dadd_shim
                0x10003ebc      0x15c CMakeFiles/pio_squarewave.dir/C_/Program_Files/Raspberry_Pi/Pico_SDK_v1.5.1/pico-sdk/src/rp2_common/pico_double/double_v1_rom_shim.S.obj
                0x10003ebc                dadd_shim
 .text.dmul_shim
                0x10004018      0x15c CMakeFiles/pio_squarewave.dir/C_/Program_Files/Raspberry_Pi/Pico_SDK_v1.5.1/pico-sdk/src/rp2_common/pico_double/double_v1_rom_shim.S.obj
                0x10004018                dmul_shim
 .text.ddiv_shim
                0x10004174      0x1b0 CMakeFiles/pio_squarewave.dir/C_/Program_Files/Raspberry_Pi/Pico_SDK_v1.5.1/pico-sdk/src/rp2_common/pico_double/double_v1_rom_shim.S.obj
                0x10004174                ddiv_shim
 .text.double2uint_shim
                0x10004324        0xe CMakeFiles/pio_squarewave.dir/C_/Program_Files/Raspberry_Pi/Pico_SDK_v1.5.1/pico-sdk/src/rp2_common/pico_double/double_v1_rom_shim.S.obj
                0x10004324                double2uint_shim
                0x10004326                double2ufix_shim
 *fill*         0x10004332        0x2 
 .text.double2uint64_shim
                0x10004334       0x70 CMakeFiles/pio_squarewave.dir/C_/Program_Files/Raspberry_Pi/Pico_SDK_v1.5.1/pico-sdk/src/rp2_common/pico_double/double_v1_rom_shim.S.obj
                0x10004334                double2uint64_shim
                0x10004336                double2ufix64_shim
                0x10004356                d2fix_a
 .text.dunpacks
                0x100043a4       0x3c CMakeFiles/pio_squarewave.dir/C_/Program_Files/Raspberry_Pi/Pico_SDK_v1.5.1/pico-sdk/src/rp2_common/pico_double/double_v1_rom_shim.S.obj
                0x100043a4                dunpacks
 .text.__aeabi_lmul
                0x100043e0       0x32 CMakeFiles/pio_squarewave.dir/C_/Program_Files/Raspberry_Pi/Pico_SDK_v1.5.1/pico-sdk/src/rp2_common/pico_int64_ops/pico_int64_ops_aeabi.S.obj
                0x100043e0                __wrap___aeabi_lmul
 *fill*         0x10004412        0x2 
 .text.__aeabi_float_init
                0x10004414       0xfc CMakeFiles/pio_squarewave.dir/C_/Program_Files/Raspberry_Pi/Pico_SDK_v1.5.1/pico-sdk/src/rp2_common/pico_float/float_init_rom.c.obj
                0x10004414                __aeabi_float_init
 .text.float_table_shim_on_use_helper
                0x10004510       0x34 CMakeFiles/pio_squarewave.dir/C_/Program_Files/Raspberry_Pi/Pico_SDK_v1.5.1/pico-sdk/src/rp2_common/pico_float/float_v1_rom_shim.S.obj
                0x10004510                float_table_shim_on_use_helper
 .text          0x10004544       0x10 CMakeFiles/pio_squarewave.dir/C_/Program_Files/Raspberry_Pi/Pico_SDK_v1.5.1/pico-sdk/src/rp2_common/pico_mem_ops/mem_ops_aeabi.S.obj
                0x10004544                __aeabi_mem_init
 .text.memset   0x10004554        0xc CMakeFiles/pio_squarewave.dir/C_/Program_Files/Raspberry_Pi/Pico_SDK_v1.5.1/pico-sdk/src/rp2_common/pico_mem_ops/mem_ops_aeabi.S.obj
                0x10004554                __wrap_memset
 .text.memcpy   0x10004560        0xc CMakeFiles/pio_squarewave.dir/C_/Program_Files/Raspberry_Pi/Pico_SDK_v1.5.1/pico-sdk/src/rp2_common/pico_mem_ops/mem_ops_aeabi.S.obj
                0x10004560                __wrap_memcpy
                0x10004560                __wrap___aeabi_memcpy
 .text.stdio_out_chars_no_crlf
                0x1000456c        0xe CMakeFiles/pio_squarewave.dir/C_/Program_Files/Raspberry_Pi/Pico_SDK_v1.5.1/pico-sdk/src/rp2_common/pico_stdio/stdio.c.obj
 *fill*         0x1000457a        0x2 
 .text.stdio_out_chars_crlf
                0x1000457c       0x80 CMakeFiles/pio_squarewave.dir/C_/Program_Files/Raspberry_Pi/Pico_SDK_v1.5.1/pico-sdk/src/rp2_common/pico_stdio/stdio.c.obj
 .text.stdio_stack_buffer_flush
                0x100045fc       0x44 CMakeFiles/pio_squarewave.dir/C_/Program_Files/Raspberry_Pi/Pico_SDK_v1.5.1/pico-sdk/src/rp2_common/pico_stdio/stdio.c.obj
 .text.stdio_buffered_printer
                0x10004640       0x20 CMakeFiles/pio_squarewave.dir/C_/Program_Files/Raspberry_Pi/Pico_SDK_v1.5.1/pico-sdk/src/rp2_common/pico_stdio/stdio.c.obj
 .text.stdout_serialize_begin
                0x10004660       0x5c CMakeFiles/pio_squarewave.dir/C_/Program_Files/Raspberry_Pi/Pico_SDK_v1.5.1/pico-sdk/src/rp2_common/pico_stdio/stdio.c.obj
                0x10004660                stdout_serialize_begin
 .text.stdout_serialize_end
                0x100046bc       0x10 CMakeFiles/pio_squarewave.dir/C_/Program_Files/Raspberry_Pi/Pico_SDK_v1.5.1/pico-sdk/src/rp2_common/pico_stdio/stdio.c.obj
                0x100046bc                stdout_serialize_end
 .text.stdio_put_string
                0x100046cc       0x98 CMakeFiles/pio_squarewave.dir/C_/Program_Files/Raspberry_Pi/Pico_SDK_v1.5.1/pico-sdk/src/rp2_common/pico_stdio/stdio.c.obj
 .text.stdio_set_driver_enabled
                0x10004764       0x2c CMakeFiles/pio_squarewave.dir/C_/Program_Files/Raspberry_Pi/Pico_SDK_v1.5.1/pico-sdk/src/rp2_common/pico_stdio/stdio.c.obj
                0x10004764                stdio_set_driver_enabled
 .text.stdio_flush
                0x10004790       0x20 CMakeFiles/pio_squarewave.dir/C_/Program_Files/Raspberry_Pi/Pico_SDK_v1.5.1/pico-sdk/src/rp2_common/pico_stdio/stdio.c.obj
                0x10004790                stdio_flush
 .text.__wrap_puts
                0x100047b0       0x1e CMakeFiles/pio_squarewave.dir/C_/Program_Files/Raspberry_Pi/Pico_SDK_v1.5.1/pico-sdk/src/rp2_common/pico_stdio/stdio.c.obj
                0x100047b0                __wrap_puts
 *fill*         0x100047ce        0x2 
 .text.__wrap_vprintf
                0x100047d0       0x40 CMakeFiles/pio_squarewave.dir/C_/Program_Files/Raspberry_Pi/Pico_SDK_v1.5.1/pico-sdk/src/rp2_common/pico_stdio/stdio.c.obj
                0x100047d0                __wrap_vprintf
 .text.__wrap_printf
                0x10004810       0x18 CMakeFiles/pio_squarewave.dir/C_/Program_Files/Raspberry_Pi/Pico_SDK_v1.5.1/pico-sdk/src/rp2_common/pico_stdio/stdio.c.obj
                0x10004810                __wrap_printf
 .text.stdio_init_all
                0x10004828        0xe CMakeFiles/pio_squarewave.dir/C_/Program_Files/Raspberry_Pi/Pico_SDK_v1.5.1/pico-sdk/src/rp2_common/pico_stdio/stdio.c.obj
                0x10004828                stdio_init_all
 *fill*         0x10004836        0x2 
 .text.stdio_uart_out_chars
                0x10004838       0x74 CMakeFiles/pio_squarewave.dir/C_/Program_Files/Raspberry_Pi/Pico_SDK_v1.5.1/pico-sdk/src/rp2_common/pico_stdio_uart/stdio_uart.c.obj
 .text.stdio_uart_in_chars
                0x100048ac       0x80 CMakeFiles/pio_squarewave.dir/C_/Program_Files/Raspberry_Pi/Pico_SDK_v1.5.1/pico-sdk/src/rp2_common/pico_stdio_uart/stdio_uart.c.obj
                0x100048ac                stdio_uart_in_chars
 .text.on_uart_rx
                0x1000492c       0x28 CMakeFiles/pio_squarewave.dir/C_/Program_Files/Raspberry_Pi/Pico_SDK_v1.5.1/pico-sdk/src/rp2_common/pico_stdio_uart/stdio_uart.c.obj
 .text.stdio_uart_set_chars_available_callback
                0x10004954       0x8c CMakeFiles/pio_squarewave.dir/C_/Program_Files/Raspberry_Pi/Pico_SDK_v1.5.1/pico-sdk/src/rp2_common/pico_stdio_uart/stdio_uart.c.obj
 .text.stdio_uart_init_full
                0x100049e0       0x44 CMakeFiles/pio_squarewave.dir/C_/Program_Files/Raspberry_Pi/Pico_SDK_v1.5.1/pico-sdk/src/rp2_common/pico_stdio_uart/stdio_uart.c.obj
                0x100049e0                stdio_uart_init_full
 .text.stdio_uart_init
                0x10004a24       0x28 CMakeFiles/pio_squarewave.dir/C_/Program_Files/Raspberry_Pi/Pico_SDK_v1.5.1/pico-sdk/src/rp2_common/pico_stdio_uart/stdio_uart.c.obj
                0x10004a24                stdio_uart_init
 .text.resetd_init
                0x10004a4c        0x2 CMakeFiles/pio_squarewave.dir/C_/Program_Files/Raspberry_Pi/Pico_SDK_v1.5.1/pico-sdk/src/rp2_common/pico_stdio_usb/reset_interface.c.obj
 *fill*         0x10004a4e        0x2 
 .text.resetd_reset
                0x10004a50        0xc CMakeFiles/pio_squarewave.dir/C_/Program_Files/Raspberry_Pi/Pico_SDK_v1.5.1/pico-sdk/src/rp2_common/pico_stdio_usb/reset_interface.c.obj
 .text.resetd_open
                0x10004a5c       0x34 CMakeFiles/pio_squarewave.dir/C_/Program_Files/Raspberry_Pi/Pico_SDK_v1.5.1/pico-sdk/src/rp2_common/pico_stdio_usb/reset_interface.c.obj
 .text.resetd_xfer_cb
                0x10004a90        0x4 CMakeFiles/pio_squarewave.dir/C_/Program_Files/Raspberry_Pi/Pico_SDK_v1.5.1/pico-sdk/src/rp2_common/pico_stdio_usb/reset_interface.c.obj
 .text.reset_usb_boot
                0x10004a94       0x18 CMakeFiles/pio_squarewave.dir/C_/Program_Files/Raspberry_Pi/Pico_SDK_v1.5.1/pico-sdk/src/rp2_common/pico_stdio_usb/reset_interface.c.obj
 .text.resetd_control_xfer_cb
                0x10004aac       0x5c CMakeFiles/pio_squarewave.dir/C_/Program_Files/Raspberry_Pi/Pico_SDK_v1.5.1/pico-sdk/src/rp2_common/pico_stdio_usb/reset_interface.c.obj
 .text.usbd_app_driver_get_cb
                0x10004b08        0xc CMakeFiles/pio_squarewave.dir/C_/Program_Files/Raspberry_Pi/Pico_SDK_v1.5.1/pico-sdk/src/rp2_common/pico_stdio_usb/reset_interface.c.obj
                0x10004b08                usbd_app_driver_get_cb
 .text.tud_cdc_line_coding_cb
                0x10004b14       0x28 CMakeFiles/pio_squarewave.dir/C_/Program_Files/Raspberry_Pi/Pico_SDK_v1.5.1/pico-sdk/src/rp2_common/pico_stdio_usb/reset_interface.c.obj
                0x10004b14                tud_cdc_line_coding_cb
 .text.stdio_usb_set_chars_available_callback
                0x10004b3c       0x14 CMakeFiles/pio_squarewave.dir/C_/Program_Files/Raspberry_Pi/Pico_SDK_v1.5.1/pico-sdk/src/rp2_common/pico_stdio_usb/stdio_usb.c.obj
                0x10004b3c                stdio_usb_set_chars_available_callback
 .text.usb_irq  0x10004b50       0x10 CMakeFiles/pio_squarewave.dir/C_/Program_Files/Raspberry_Pi/Pico_SDK_v1.5.1/pico-sdk/src/rp2_common/pico_stdio_usb/stdio_usb.c.obj
 .text.timer_task
                0x10004b60       0x5c CMakeFiles/pio_squarewave.dir/C_/Program_Files/Raspberry_Pi/Pico_SDK_v1.5.1/pico-sdk/src/rp2_common/pico_stdio_usb/stdio_usb.c.obj
 .text.low_priority_worker_irq
                0x10004bbc       0xdc CMakeFiles/pio_squarewave.dir/C_/Program_Files/Raspberry_Pi/Pico_SDK_v1.5.1/pico-sdk/src/rp2_common/pico_stdio_usb/stdio_usb.c.obj
 .text.tud_cdc_rx_cb
                0x10004c98       0x20 CMakeFiles/pio_squarewave.dir/C_/Program_Files/Raspberry_Pi/Pico_SDK_v1.5.1/pico-sdk/src/rp2_common/pico_stdio_usb/stdio_usb.c.obj
                0x10004c98                tud_cdc_rx_cb
 .text.stdio_usb_init
                0x10004cb8      0x11c CMakeFiles/pio_squarewave.dir/C_/Program_Files/Raspberry_Pi/Pico_SDK_v1.5.1/pico-sdk/src/rp2_common/pico_stdio_usb/stdio_usb.c.obj
                0x10004cb8                stdio_usb_init
 .text.stdio_usb_connected
                0x10004dd4        0xa CMakeFiles/pio_squarewave.dir/C_/Program_Files/Raspberry_Pi/Pico_SDK_v1.5.1/pico-sdk/src/rp2_common/pico_stdio_usb/stdio_usb.c.obj
                0x10004dd4                stdio_usb_connected
 *fill*         0x10004dde        0x2 
 .text.stdio_usb_in_chars
                0x10004de0       0xc4 CMakeFiles/pio_squarewave.dir/C_/Program_Files/Raspberry_Pi/Pico_SDK_v1.5.1/pico-sdk/src/rp2_common/pico_stdio_usb/stdio_usb.c.obj
                0x10004de0                stdio_usb_in_chars
 .text.stdio_usb_out_chars
                0x10004ea4      0x114 CMakeFiles/pio_squarewave.dir/C_/Program_Files/Raspberry_Pi/Pico_SDK_v1.5.1/pico-sdk/src/rp2_common/pico_stdio_usb/stdio_usb.c.obj
 .text.tud_descriptor_device_cb
                0x10004fb8        0x8 CMakeFiles/pio_squarewave.dir/C_/Program_Files/Raspberry_Pi/Pico_SDK_v1.5.1/pico-sdk/src/rp2_common/pico_stdio_usb/stdio_usb_descriptors.c.obj
                0x10004fb8                tud_descriptor_device_cb
 .text.tud_descriptor_configuration_cb
                0x10004fc0        0x8 CMakeFiles/pio_squarewave.dir/C_/Program_Files/Raspberry_Pi/Pico_SDK_v1.5.1/pico-sdk/src/rp2_common/pico_stdio_usb/stdio_usb_descriptors.c.obj
                0x10004fc0                tud_descriptor_configuration_cb
 .text.tud_descriptor_string_cb
                0x10004fc8       0x6c CMakeFiles/pio_squarewave.dir/C_/Program_Files/Raspberry_Pi/Pico_SDK_v1.5.1/pico-sdk/src/rp2_common/pico_stdio_usb/stdio_usb_descriptors.c.obj
                0x10004fc8                tud_descriptor_string_cb
 .text._retrieve_unique_id_on_boot
                0x10005034       0x10 CMakeFiles/pio_squarewave.dir/C_/Program_Files/Raspberry_Pi/Pico_SDK_v1.5.1/pico-sdk/src/rp2_common/pico_unique_id/unique_id.c.obj
 .text.pico_get_unique_board_id_string
                0x10005044       0x60 CMakeFiles/pio_squarewave.dir/C_/Program_Files/Raspberry_Pi/Pico_SDK_v1.5.1/pico-sdk/src/rp2_common/pico_unique_id/unique_id.c.obj
                0x10005044                pico_get_unique_board_id_string
 .text.flash_get_unique_id
                0x100050a4       0x46 CMakeFiles/pio_squarewave.dir/C_/Program_Files/Raspberry_Pi/Pico_SDK_v1.5.1/pico-sdk/src/rp2_common/hardware_flash/flash.c.obj
                0x100050a4                flash_get_unique_id
 *fill*         0x100050ea        0x2 
 .text.hw_endpoint_get_by_addr
                0x100050ec       0x18 CMakeFiles/pio_squarewave.dir/C_/Program_Files/Raspberry_Pi/Pico_SDK_v1.5.1/pico-sdk/lib/tinyusb/src/portable/raspberrypi/rp2040/dcd_rp2040.c.obj
 .text._hw_endpoint_alloc
                0x10005104       0x70 CMakeFiles/pio_squarewave.dir/C_/Program_Files/Raspberry_Pi/Pico_SDK_v1.5.1/pico-sdk/lib/tinyusb/src/portable/raspberrypi/rp2040/dcd_rp2040.c.obj
 .text.hw_endpoint_init
                0x10005174       0x88 CMakeFiles/pio_squarewave.dir/C_/Program_Files/Raspberry_Pi/Pico_SDK_v1.5.1/pico-sdk/lib/tinyusb/src/portable/raspberrypi/rp2040/dcd_rp2040.c.obj
 .text.hw_endpoint_xfer
                0x100051fc       0x14 CMakeFiles/pio_squarewave.dir/C_/Program_Files/Raspberry_Pi/Pico_SDK_v1.5.1/pico-sdk/lib/tinyusb/src/portable/raspberrypi/rp2040/dcd_rp2040.c.obj
 .text.dcd_int_enable
                0x10005210       0x2c CMakeFiles/pio_squarewave.dir/C_/Program_Files/Raspberry_Pi/Pico_SDK_v1.5.1/pico-sdk/lib/tinyusb/src/portable/raspberrypi/rp2040/dcd_rp2040.c.obj
                0x10005210                dcd_int_enable
 .text.dcd_set_address
                0x1000523c       0x2c CMakeFiles/pio_squarewave.dir/C_/Program_Files/Raspberry_Pi/Pico_SDK_v1.5.1/pico-sdk/lib/tinyusb/src/portable/raspberrypi/rp2040/dcd_rp2040.c.obj
                0x1000523c                dcd_set_address
 .text.dcd_connect
                0x10005268       0x10 CMakeFiles/pio_squarewave.dir/C_/Program_Files/Raspberry_Pi/Pico_SDK_v1.5.1/pico-sdk/lib/tinyusb/src/portable/raspberrypi/rp2040/dcd_rp2040.c.obj
                0x10005268                dcd_connect
 .text.dcd_init
                0x10005278       0x80 CMakeFiles/pio_squarewave.dir/C_/Program_Files/Raspberry_Pi/Pico_SDK_v1.5.1/pico-sdk/lib/tinyusb/src/portable/raspberrypi/rp2040/dcd_rp2040.c.obj
                0x10005278                dcd_init
 .text.dcd_edpt0_status_complete
                0x100052f8       0x1c CMakeFiles/pio_squarewave.dir/C_/Program_Files/Raspberry_Pi/Pico_SDK_v1.5.1/pico-sdk/lib/tinyusb/src/portable/raspberrypi/rp2040/dcd_rp2040.c.obj
                0x100052f8                dcd_edpt0_status_complete
 .text.dcd_edpt_open
                0x10005314       0x40 CMakeFiles/pio_squarewave.dir/C_/Program_Files/Raspberry_Pi/Pico_SDK_v1.5.1/pico-sdk/lib/tinyusb/src/portable/raspberrypi/rp2040/dcd_rp2040.c.obj
                0x10005314                dcd_edpt_open
 .text.dcd_edpt_close_all
                0x10005354        0x8 CMakeFiles/pio_squarewave.dir/C_/Program_Files/Raspberry_Pi/Pico_SDK_v1.5.1/pico-sdk/lib/tinyusb/src/portable/raspberrypi/rp2040/dcd_rp2040.c.obj
                0x10005354                dcd_edpt_close_all
 .text.dcd_edpt_xfer
                0x1000535c       0x34 CMakeFiles/pio_squarewave.dir/C_/Program_Files/Raspberry_Pi/Pico_SDK_v1.5.1/pico-sdk/lib/tinyusb/src/portable/raspberrypi/rp2040/dcd_rp2040.c.obj
                0x1000535c                dcd_edpt_xfer
 .text.dcd_edpt_stall
                0x10005390       0x2c CMakeFiles/pio_squarewave.dir/C_/Program_Files/Raspberry_Pi/Pico_SDK_v1.5.1/pico-sdk/lib/tinyusb/src/portable/raspberrypi/rp2040/dcd_rp2040.c.obj
                0x10005390                dcd_edpt_stall
 .text.dcd_edpt_clear_stall
                0x100053bc       0x20 CMakeFiles/pio_squarewave.dir/C_/Program_Files/Raspberry_Pi/Pico_SDK_v1.5.1/pico-sdk/lib/tinyusb/src/portable/raspberrypi/rp2040/dcd_rp2040.c.obj
                0x100053bc                dcd_edpt_clear_stall
 .text.rp2040_usb_init
                0x100053dc       0x4c CMakeFiles/pio_squarewave.dir/C_/Program_Files/Raspberry_Pi/Pico_SDK_v1.5.1/pico-sdk/lib/tinyusb/src/portable/raspberrypi/rp2040/rp2040_usb.c.obj
                0x100053dc                rp2040_usb_init
 .text.hw_endpoint_xfer_start
                0x10005428       0x50 CMakeFiles/pio_squarewave.dir/C_/Program_Files/Raspberry_Pi/Pico_SDK_v1.5.1/pico-sdk/lib/tinyusb/src/portable/raspberrypi/rp2040/rp2040_usb.c.obj
                0x10005428                hw_endpoint_xfer_start
 .text.configuration_reset
                0x10005478       0x84 CMakeFiles/pio_squarewave.dir/C_/Program_Files/Raspberry_Pi/Pico_SDK_v1.5.1/pico-sdk/lib/tinyusb/src/device/usbd.c.obj
 .text.usbd_reset
                0x100054fc        0xc CMakeFiles/pio_squarewave.dir/C_/Program_Files/Raspberry_Pi/Pico_SDK_v1.5.1/pico-sdk/lib/tinyusb/src/device/usbd.c.obj
 .text.invoke_class_control
                0x10005508       0x1a CMakeFiles/pio_squarewave.dir/C_/Program_Files/Raspberry_Pi/Pico_SDK_v1.5.1/pico-sdk/lib/tinyusb/src/device/usbd.c.obj
 *fill*         0x10005522        0x2 
 .text.process_set_config
                0x10005524      0x178 CMakeFiles/pio_squarewave.dir/C_/Program_Files/Raspberry_Pi/Pico_SDK_v1.5.1/pico-sdk/lib/tinyusb/src/device/usbd.c.obj
 .text.process_get_descriptor
                0x1000569c       0xdc CMakeFiles/pio_squarewave.dir/C_/Program_Files/Raspberry_Pi/Pico_SDK_v1.5.1/pico-sdk/lib/tinyusb/src/device/usbd.c.obj
 .text.tud_mounted
                0x10005778       0x10 CMakeFiles/pio_squarewave.dir/C_/Program_Files/Raspberry_Pi/Pico_SDK_v1.5.1/pico-sdk/lib/tinyusb/src/device/usbd.c.obj
                0x10005778                tud_mounted
 .text.tud_suspended
                0x10005788       0x10 CMakeFiles/pio_squarewave.dir/C_/Program_Files/Raspberry_Pi/Pico_SDK_v1.5.1/pico-sdk/lib/tinyusb/src/device/usbd.c.obj
                0x10005788                tud_suspended
 .text.tud_inited
                0x10005798       0x14 CMakeFiles/pio_squarewave.dir/C_/Program_Files/Raspberry_Pi/Pico_SDK_v1.5.1/pico-sdk/lib/tinyusb/src/device/usbd.c.obj
                0x10005798                tud_inited
 .text.tud_init
                0x100057ac       0xcc CMakeFiles/pio_squarewave.dir/C_/Program_Files/Raspberry_Pi/Pico_SDK_v1.5.1/pico-sdk/lib/tinyusb/src/device/usbd.c.obj
                0x100057ac                tud_init
 .text.usbd_defer_func
                0x10005878       0x2a CMakeFiles/pio_squarewave.dir/C_/Program_Files/Raspberry_Pi/Pico_SDK_v1.5.1/pico-sdk/lib/tinyusb/src/device/usbd.c.obj
                0x10005878                usbd_defer_func
 *fill*         0x100058a2        0x2 
 .text.usbd_edpt_open
                0x100058a4       0x34 CMakeFiles/pio_squarewave.dir/C_/Program_Files/Raspberry_Pi/Pico_SDK_v1.5.1/pico-sdk/lib/tinyusb/src/device/usbd.c.obj
                0x100058a4                usbd_edpt_open
 .text.usbd_open_edpt_pair
                0x100058d8       0x62 CMakeFiles/pio_squarewave.dir/C_/Program_Files/Raspberry_Pi/Pico_SDK_v1.5.1/pico-sdk/lib/tinyusb/src/device/usbd.c.obj
                0x100058d8                usbd_open_edpt_pair
 *fill*         0x1000593a        0x2 
 .text.usbd_edpt_claim
                0x1000593c       0x28 CMakeFiles/pio_squarewave.dir/C_/Program_Files/Raspberry_Pi/Pico_SDK_v1.5.1/pico-sdk/lib/tinyusb/src/device/usbd.c.obj
                0x1000593c                usbd_edpt_claim
 .text.usbd_edpt_release
                0x10005964       0x28 CMakeFiles/pio_squarewave.dir/C_/Program_Files/Raspberry_Pi/Pico_SDK_v1.5.1/pico-sdk/lib/tinyusb/src/device/usbd.c.obj
                0x10005964                usbd_edpt_release
 .text.usbd_edpt_xfer
                0x1000598c       0x78 CMakeFiles/pio_squarewave.dir/C_/Program_Files/Raspberry_Pi/Pico_SDK_v1.5.1/pico-sdk/lib/tinyusb/src/device/usbd.c.obj
                0x1000598c                usbd_edpt_xfer
 .text.usbd_edpt_stall
                0x10005a04       0x48 CMakeFiles/pio_squarewave.dir/C_/Program_Files/Raspberry_Pi/Pico_SDK_v1.5.1/pico-sdk/lib/tinyusb/src/device/usbd.c.obj
                0x10005a04                usbd_edpt_stall
 .text.usbd_edpt_clear_stall
                0x10005a4c       0x48 CMakeFiles/pio_squarewave.dir/C_/Program_Files/Raspberry_Pi/Pico_SDK_v1.5.1/pico-sdk/lib/tinyusb/src/device/usbd.c.obj
                0x10005a4c                usbd_edpt_clear_stall
 .text.usbd_edpt_stalled
                0x10005a94       0x1c CMakeFiles/pio_squarewave.dir/C_/Program_Files/Raspberry_Pi/Pico_SDK_v1.5.1/pico-sdk/lib/tinyusb/src/device/usbd.c.obj
                0x10005a94                usbd_edpt_stalled
 .text.process_control_request
                0x10005ab0      0x37c CMakeFiles/pio_squarewave.dir/C_/Program_Files/Raspberry_Pi/Pico_SDK_v1.5.1/pico-sdk/lib/tinyusb/src/device/usbd.c.obj
 .text.tud_task_ext
                0x10005e2c      0x1b8 CMakeFiles/pio_squarewave.dir/C_/Program_Files/Raspberry_Pi/Pico_SDK_v1.5.1/pico-sdk/lib/tinyusb/src/device/usbd.c.obj
                0x10005e2c                tud_task_ext
 .text._data_stage_xact
                0x10005fe4       0x58 CMakeFiles/pio_squarewave.dir/C_/Program_Files/Raspberry_Pi/Pico_SDK_v1.5.1/pico-sdk/lib/tinyusb/src/device/usbd_control.c.obj
 .text.tud_control_status
                0x1000603c       0x38 CMakeFiles/pio_squarewave.dir/C_/Program_Files/Raspberry_Pi/Pico_SDK_v1.5.1/pico-sdk/lib/tinyusb/src/device/usbd_control.c.obj
                0x1000603c                tud_control_status
 .text.tud_control_xfer
                0x10006074       0x74 CMakeFiles/pio_squarewave.dir/C_/Program_Files/Raspberry_Pi/Pico_SDK_v1.5.1/pico-sdk/lib/tinyusb/src/device/usbd_control.c.obj
                0x10006074                tud_control_xfer
 .text.usbd_control_reset
                0x100060e8       0x14 CMakeFiles/pio_squarewave.dir/C_/Program_Files/Raspberry_Pi/Pico_SDK_v1.5.1/pico-sdk/lib/tinyusb/src/device/usbd_control.c.obj
                0x100060e8                usbd_control_reset
 .text.usbd_control_set_complete_callback
                0x100060fc        0xc CMakeFiles/pio_squarewave.dir/C_/Program_Files/Raspberry_Pi/Pico_SDK_v1.5.1/pico-sdk/lib/tinyusb/src/device/usbd_control.c.obj
                0x100060fc                usbd_control_set_complete_callback
 .text.usbd_control_set_request
                0x10006108       0x1c CMakeFiles/pio_squarewave.dir/C_/Program_Files/Raspberry_Pi/Pico_SDK_v1.5.1/pico-sdk/lib/tinyusb/src/device/usbd_control.c.obj
                0x10006108                usbd_control_set_request
 .text.usbd_control_xfer_cb
                0x10006124       0xcc CMakeFiles/pio_squarewave.dir/C_/Program_Files/Raspberry_Pi/Pico_SDK_v1.5.1/pico-sdk/lib/tinyusb/src/device/usbd_control.c.obj
                0x10006124                usbd_control_xfer_cb
 .text._prep_out_transaction
                0x100061f0       0x4a CMakeFiles/pio_squarewave.dir/C_/Program_Files/Raspberry_Pi/Pico_SDK_v1.5.1/pico-sdk/lib/tinyusb/src/class/cdc/cdc_device.c.obj
 *fill*         0x1000623a        0x2 
 .text.tud_cdc_n_connected
                0x1000623c       0x44 CMakeFiles/pio_squarewave.dir/C_/Program_Files/Raspberry_Pi/Pico_SDK_v1.5.1/pico-sdk/lib/tinyusb/src/class/cdc/cdc_device.c.obj
                0x1000623c                tud_cdc_n_connected
 .text.tud_cdc_n_available
                0x10006280       0x18 CMakeFiles/pio_squarewave.dir/C_/Program_Files/Raspberry_Pi/Pico_SDK_v1.5.1/pico-sdk/lib/tinyusb/src/class/cdc/cdc_device.c.obj
                0x10006280                tud_cdc_n_available
 .text.tud_cdc_n_read
                0x10006298       0x28 CMakeFiles/pio_squarewave.dir/C_/Program_Files/Raspberry_Pi/Pico_SDK_v1.5.1/pico-sdk/lib/tinyusb/src/class/cdc/cdc_device.c.obj
                0x10006298                tud_cdc_n_read
 .text.tud_cdc_n_write_flush
                0x100062c0       0xb8 CMakeFiles/pio_squarewave.dir/C_/Program_Files/Raspberry_Pi/Pico_SDK_v1.5.1/pico-sdk/lib/tinyusb/src/class/cdc/cdc_device.c.obj
                0x100062c0                tud_cdc_n_write_flush
 .text.tud_cdc_n_write
                0x10006378       0x38 CMakeFiles/pio_squarewave.dir/C_/Program_Files/Raspberry_Pi/Pico_SDK_v1.5.1/pico-sdk/lib/tinyusb/src/class/cdc/cdc_device.c.obj
                0x10006378                tud_cdc_n_write
 .text.tud_cdc_n_write_available
                0x100063b0       0x1c CMakeFiles/pio_squarewave.dir/C_/Program_Files/Raspberry_Pi/Pico_SDK_v1.5.1/pico-sdk/lib/tinyusb/src/class/cdc/cdc_device.c.obj
                0x100063b0                tud_cdc_n_write_available
 .text.cdcd_init
                0x100063cc       0xbc CMakeFiles/pio_squarewave.dir/C_/Program_Files/Raspberry_Pi/Pico_SDK_v1.5.1/pico-sdk/lib/tinyusb/src/class/cdc/cdc_device.c.obj
                0x100063cc                cdcd_init
 .text.cdcd_reset
                0x10006488       0x44 CMakeFiles/pio_squarewave.dir/C_/Program_Files/Raspberry_Pi/Pico_SDK_v1.5.1/pico-sdk/lib/tinyusb/src/class/cdc/cdc_device.c.obj
                0x10006488                cdcd_reset
 .text.cdcd_open
                0x100064cc       0xcc CMakeFiles/pio_squarewave.dir/C_/Program_Files/Raspberry_Pi/Pico_SDK_v1.5.1/pico-sdk/lib/tinyusb/src/class/cdc/cdc_device.c.obj
                0x100064cc                cdcd_open
 .text.cdcd_control_xfer_cb
                0x10006598      0x134 CMakeFiles/pio_squarewave.dir/C_/Program_Files/Raspberry_Pi/Pico_SDK_v1.5.1/pico-sdk/lib/tinyusb/src/class/cdc/cdc_device.c.obj
                0x10006598                cdcd_control_xfer_cb
 .text.cdcd_xfer_cb
                0x100066cc      0x130 CMakeFiles/pio_squarewave.dir/C_/Program_Files/Raspberry_Pi/Pico_SDK_v1.5.1/pico-sdk/lib/tinyusb/src/class/cdc/cdc_device.c.obj
                0x100066cc                cdcd_xfer_cb
 .text.tusb_init
                0x100067fc        0xa CMakeFiles/pio_squarewave.dir/C_/Program_Files/Raspberry_Pi/Pico_SDK_v1.5.1/pico-sdk/lib/tinyusb/src/tusb.c.obj
                0x100067fc                tusb_init
 .text.tusb_inited
                0x10006806        0xe CMakeFiles/pio_squarewave.dir/C_/Program_Files/Raspberry_Pi/Pico_SDK_v1.5.1/pico-sdk/lib/tinyusb/src/tusb.c.obj
                0x10006806                tusb_inited
 .text.tu_edpt_claim
                0x10006814       0x50 CMakeFiles/pio_squarewave.dir/C_/Program_Files/Raspberry_Pi/Pico_SDK_v1.5.1/pico-sdk/lib/tinyusb/src/tusb.c.obj
                0x10006814                tu_edpt_claim
 .text.tu_edpt_release
                0x10006864       0x3c CMakeFiles/pio_squarewave.dir/C_/Program_Files/Raspberry_Pi/Pico_SDK_v1.5.1/pico-sdk/lib/tinyusb/src/tusb.c.obj
                0x10006864                tu_edpt_release
 .text.tu_edpt_validate
                0x100068a0       0x78 CMakeFiles/pio_squarewave.dir/C_/Program_Files/Raspberry_Pi/Pico_SDK_v1.5.1/pico-sdk/lib/tinyusb/src/tusb.c.obj
                0x100068a0                tu_edpt_validate
 .text.tu_edpt_bind_driver
                0x10006918       0x26 CMakeFiles/pio_squarewave.dir/C_/Program_Files/Raspberry_Pi/Pico_SDK_v1.5.1/pico-sdk/lib/tinyusb/src/tusb.c.obj
                0x10006918                tu_edpt_bind_driver
 .text.advance_index
                0x1000693e       0x1a CMakeFiles/pio_squarewave.dir/C_/Program_Files/Raspberry_Pi/Pico_SDK_v1.5.1/pico-sdk/lib/tinyusb/src/common/tusb_fifo.c.obj
 .text._tu_fifo_peek
                0x10006958       0x56 CMakeFiles/pio_squarewave.dir/C_/Program_Files/Raspberry_Pi/Pico_SDK_v1.5.1/pico-sdk/lib/tinyusb/src/common/tusb_fifo.c.obj
 .text._ff_pull_const_addr
                0x100069ae       0x4c CMakeFiles/pio_squarewave.dir/C_/Program_Files/Raspberry_Pi/Pico_SDK_v1.5.1/pico-sdk/lib/tinyusb/src/common/tusb_fifo.c.obj
 .text._ff_pull_n
                0x100069fa      0x110 CMakeFiles/pio_squarewave.dir/C_/Program_Files/Raspberry_Pi/Pico_SDK_v1.5.1/pico-sdk/lib/tinyusb/src/common/tusb_fifo.c.obj
 .text._tu_fifo_peek_n
                0x10006b0a       0x6a CMakeFiles/pio_squarewave.dir/C_/Program_Files/Raspberry_Pi/Pico_SDK_v1.5.1/pico-sdk/lib/tinyusb/src/common/tusb_fifo.c.obj
 .text._tu_fifo_read_n
                0x10006b74       0x4e CMakeFiles/pio_squarewave.dir/C_/Program_Files/Raspberry_Pi/Pico_SDK_v1.5.1/pico-sdk/lib/tinyusb/src/common/tusb_fifo.c.obj
 .text._ff_push_const_addr
                0x10006bc2       0x40 CMakeFiles/pio_squarewave.dir/C_/Program_Files/Raspberry_Pi/Pico_SDK_v1.5.1/pico-sdk/lib/tinyusb/src/common/tusb_fifo.c.obj
 .text._ff_push_n
                0x10006c02      0x10c CMakeFiles/pio_squarewave.dir/C_/Program_Files/Raspberry_Pi/Pico_SDK_v1.5.1/pico-sdk/lib/tinyusb/src/common/tusb_fifo.c.obj
 .text._tu_fifo_write_n
                0x10006d0e       0xf0 CMakeFiles/pio_squarewave.dir/C_/Program_Files/Raspberry_Pi/Pico_SDK_v1.5.1/pico-sdk/lib/tinyusb/src/common/tusb_fifo.c.obj
 .text.tu_fifo_config
                0x10006dfe       0x7c CMakeFiles/pio_squarewave.dir/C_/Program_Files/Raspberry_Pi/Pico_SDK_v1.5.1/pico-sdk/lib/tinyusb/src/common/tusb_fifo.c.obj
                0x10006dfe                tu_fifo_config
 .text.tu_fifo_count
                0x10006e7a       0x2a CMakeFiles/pio_squarewave.dir/C_/Program_Files/Raspberry_Pi/Pico_SDK_v1.5.1/pico-sdk/lib/tinyusb/src/common/tusb_fifo.c.obj
                0x10006e7a                tu_fifo_count
 .text.tu_fifo_empty
                0x10006ea4       0x10 CMakeFiles/pio_squarewave.dir/C_/Program_Files/Raspberry_Pi/Pico_SDK_v1.5.1/pico-sdk/lib/tinyusb/src/common/tusb_fifo.c.obj
                0x10006ea4                tu_fifo_empty
 .text.tu_fifo_full
                0x10006eb4       0x28 CMakeFiles/pio_squarewave.dir/C_/Program_Files/Raspberry_Pi/Pico_SDK_v1.5.1/pico-sdk/lib/tinyusb/src/common/tusb_fifo.c.obj
                0x10006eb4                tu_fifo_full
 .text.tu_fifo_remaining
                0x10006edc       0x2c CMakeFiles/pio_squarewave.dir/C_/Program_Files/Raspberry_Pi/Pico_SDK_v1.5.1/pico-sdk/lib/tinyusb/src/common/tusb_fifo.c.obj
                0x10006edc                tu_fifo_remaining
 .text.tu_fifo_read
                0x10006f08       0x42 CMakeFiles/pio_squarewave.dir/C_/Program_Files/Raspberry_Pi/Pico_SDK_v1.5.1/pico-sdk/lib/tinyusb/src/common/tusb_fifo.c.obj
                0x10006f08                tu_fifo_read
 .text.tu_fifo_read_n
                0x10006f4a        0xa CMakeFiles/pio_squarewave.dir/C_/Program_Files/Raspberry_Pi/Pico_SDK_v1.5.1/pico-sdk/lib/tinyusb/src/common/tusb_fifo.c.obj
                0x10006f4a                tu_fifo_read_n
 .text.tu_fifo_write
                0x10006f54       0x64 CMakeFiles/pio_squarewave.dir/C_/Program_Files/Raspberry_Pi/Pico_SDK_v1.5.1/pico-sdk/lib/tinyusb/src/common/tusb_fifo.c.obj
                0x10006f54                tu_fifo_write
 .text.tu_fifo_write_n
                0x10006fb8        0xa CMakeFiles/pio_squarewave.dir/C_/Program_Files/Raspberry_Pi/Pico_SDK_v1.5.1/pico-sdk/lib/tinyusb/src/common/tusb_fifo.c.obj
                0x10006fb8                tu_fifo_write_n
 .text.tu_fifo_clear
                0x10006fc2       0x3e CMakeFiles/pio_squarewave.dir/C_/Program_Files/Raspberry_Pi/Pico_SDK_v1.5.1/pico-sdk/lib/tinyusb/src/common/tusb_fifo.c.obj
                0x10006fc2                tu_fifo_clear
 .text.tu_fifo_set_overwritable
                0x10007000       0x46 CMakeFiles/pio_squarewave.dir/C_/Program_Files/Raspberry_Pi/Pico_SDK_v1.5.1/pico-sdk/lib/tinyusb/src/common/tusb_fifo.c.obj
                0x10007000                tu_fifo_set_overwritable
 *fill*         0x10007046        0x2 
 .text._pio_can_add_program_at_offset
                0x10007048       0x3c CMakeFiles/pio_squarewave.dir/C_/Program_Files/Raspberry_Pi/Pico_SDK_v1.5.1/pico-sdk/src/rp2_common/hardware_pio/pio.c.obj
 .text._pio_find_offset_for_program
                0x10007084       0x7c CMakeFiles/pio_squarewave.dir/C_/Program_Files/Raspberry_Pi/Pico_SDK_v1.5.1/pico-sdk/src/rp2_common/hardware_pio/pio.c.obj
 .text._pio_add_program_at_offset
                0x10007100       0x78 CMakeFiles/pio_squarewave.dir/C_/Program_Files/Raspberry_Pi/Pico_SDK_v1.5.1/pico-sdk/src/rp2_common/hardware_pio/pio.c.obj
 .text.pio_claim_unused_sm
                0x10007178       0x3c CMakeFiles/pio_squarewave.dir/C_/Program_Files/Raspberry_Pi/Pico_SDK_v1.5.1/pico-sdk/src/rp2_common/hardware_pio/pio.c.obj
                0x10007178                pio_claim_unused_sm
 .text.pio_add_program
                0x100071b4       0x38 CMakeFiles/pio_squarewave.dir/C_/Program_Files/Raspberry_Pi/Pico_SDK_v1.5.1/pico-sdk/src/rp2_common/hardware_pio/pio.c.obj
                0x100071b4                pio_add_program
 .text.pio_sm_init
                0x100071ec       0xe4 CMakeFiles/pio_squarewave.dir/C_/Program_Files/Raspberry_Pi/Pico_SDK_v1.5.1/pico-sdk/src/rp2_common/hardware_pio/pio.c.obj
                0x100071ec                pio_sm_init
 .text.strlen   0x100072d0       0x5c c:/progra~1/raspbe~1/picosd~1.1/gcc-ar~1/bin/../lib/gcc/arm-none-eabi/10.3.1/../../../../arm-none-eabi/lib/thumb/v6-m/nofp\libg.a(lib_a-strlen-stub.o)
                0x100072d0                strlen
 *(.fini)
 .fini          0x1000732c        0x4 c:/progra~1/raspbe~1/picosd~1.1/gcc-ar~1/bin/../lib/gcc/arm-none-eabi/10.3.1/thumb/v6-m/nofp/crti.o
                0x1000732c                _fini
 .fini.__stub   0x10007330       0xe0 linker stubs
 *crtbegin.o(.ctors)
 *crtbegin?.o(.ctors)
 *(EXCLUDE_FILE(*crtend.o *crtend?.o) .ctors)
 *(SORT_BY_NAME(.ctors.*))
 *(.ctors)
 *crtbegin.o(.dtors)
 *crtbegin?.o(.dtors)
 *(EXCLUDE_FILE(*crtend.o *crtend?.o) .dtors)
 *(SORT_BY_NAME(.dtors.*))
 *(.dtors)
 *(.eh_frame*)
 .eh_frame      0x10007410        0x0 c:/progra~1/raspbe~1/picosd~1.1/gcc-ar~1/bin/../lib/gcc/arm-none-eabi/10.3.1/thumb/v6-m/nofp/crtbegin.o
                0x10007410                . = ALIGN (0x4)

.glue_7         0x10007410        0x0
 .glue_7        0x10007410        0x0 linker stubs

.glue_7t        0x10007410        0x0
 .glue_7t       0x10007410        0x0 linker stubs

.vfp11_veneer   0x10007410        0x0
 .vfp11_veneer  0x10007410        0x0 linker stubs

.v4_bx          0x10007410        0x0
 .v4_bx         0x10007410        0x0 linker stubs

.iplt           0x10007410        0x0
 .iplt          0x10007410        0x0 c:/progra~1/raspbe~1/picosd~1.1/gcc-ar~1/bin/../lib/gcc/arm-none-eabi/10.3.1/thumb/v6-m/nofp/crtbegin.o

.rodata         0x10007410     0x1864
 *(EXCLUDE_FILE(*libm.a: *libc.a:*lib_a-mem*.o *libgcc.a:) .rodata*)
 .rodata.main.str1.4
                0x10007410       0x11 CMakeFiles/pio_squarewave.dir/squarewave.cpp.obj
 *fill*         0x10007421        0x3 
 .rodata._ZL18squarewave_program
                0x10007424        0x6 CMakeFiles/pio_squarewave.dir/squarewave.cpp.obj
 *fill*         0x1000742a        0x2 
 .rodata._ZL31squarewave_program_instructions
                0x1000742c       0x32 CMakeFiles/pio_squarewave.dir/squarewave.cpp.obj
 *fill*         0x1000745e        0x2 
 .rodata.spin_lock_claim_unused.str1.4
                0x10007460       0x1b CMakeFiles/pio_squarewave.dir/C_/Program_Files/Raspberry_Pi/Pico_SDK_v1.5.1/pico-sdk/src/rp2_common/hardware_sync/sync.c.obj
 *fill*         0x1000747b        0x1 
 .rodata.make_branch.str1.4
                0x1000747c       0x89 CMakeFiles/pio_squarewave.dir/C_/Program_Files/Raspberry_Pi/Pico_SDK_v1.5.1/pico-sdk/src/rp2_common/hardware_irq/irq.c.obj
 *fill*         0x10007505        0x3 
 .rodata.insert_branch_and_link.str1.4
                0x10007508       0x10 CMakeFiles/pio_squarewave.dir/C_/Program_Files/Raspberry_Pi/Pico_SDK_v1.5.1/pico-sdk/src/rp2_common/hardware_irq/irq.c.obj
 .rodata.irq_set_exclusive_handler.str1.4
                0x10007518       0x36 CMakeFiles/pio_squarewave.dir/C_/Program_Files/Raspberry_Pi/Pico_SDK_v1.5.1/pico-sdk/src/rp2_common/hardware_irq/irq.c.obj
 *fill*         0x1000754e        0x2 
 .rodata.irq_add_shared_handler.str1.4
                0x10007550       0xd9 CMakeFiles/pio_squarewave.dir/C_/Program_Files/Raspberry_Pi/Pico_SDK_v1.5.1/pico-sdk/src/rp2_common/hardware_irq/irq.c.obj
 *fill*         0x10007629        0x3 
 .rodata.irq_remove_handler.str1.4
                0x1000762c       0x3a CMakeFiles/pio_squarewave.dir/C_/Program_Files/Raspberry_Pi/Pico_SDK_v1.5.1/pico-sdk/src/rp2_common/hardware_irq/irq.c.obj
 *fill*         0x10007666        0x2 
 .rodata.irq_add_tail_to_free_list.str1.4
                0x10007668       0x3a CMakeFiles/pio_squarewave.dir/C_/Program_Files/Raspberry_Pi/Pico_SDK_v1.5.1/pico-sdk/src/rp2_common/hardware_irq/irq.c.obj
 *fill*         0x100076a2        0x2 
 .rodata.user_irq_claim_unused.str1.4
                0x100076a4       0x1b CMakeFiles/pio_squarewave.dir/C_/Program_Files/Raspberry_Pi/Pico_SDK_v1.5.1/pico-sdk/src/rp2_common/hardware_irq/irq.c.obj
 *fill*         0x100076bf        0x1 
 .rodata.__func__.0
                0x100076c0       0x1a CMakeFiles/pio_squarewave.dir/C_/Program_Files/Raspberry_Pi/Pico_SDK_v1.5.1/pico-sdk/src/rp2_common/hardware_irq/irq.c.obj
 *fill*         0x100076da        0x2 
 .rodata.__func__.1
                0x100076dc       0x17 CMakeFiles/pio_squarewave.dir/C_/Program_Files/Raspberry_Pi/Pico_SDK_v1.5.1/pico-sdk/src/rp2_common/hardware_irq/irq.c.obj
 *fill*         0x100076f3        0x1 
 .rodata.__func__.2
                0x100076f4       0x13 CMakeFiles/pio_squarewave.dir/C_/Program_Files/Raspberry_Pi/Pico_SDK_v1.5.1/pico-sdk/src/rp2_common/hardware_irq/irq.c.obj
 *fill*         0x10007707        0x1 
 .rodata.__func__.3
                0x10007708        0xc CMakeFiles/pio_squarewave.dir/C_/Program_Files/Raspberry_Pi/Pico_SDK_v1.5.1/pico-sdk/src/rp2_common/hardware_irq/irq.c.obj
 .rodata.__func__.4
                0x10007714        0xf CMakeFiles/pio_squarewave.dir/C_/Program_Files/Raspberry_Pi/Pico_SDK_v1.5.1/pico-sdk/src/rp2_common/hardware_irq/irq.c.obj
 *fill*         0x10007723        0x1 
 .rodata.__func__.5
                0x10007724       0x17 CMakeFiles/pio_squarewave.dir/C_/Program_Files/Raspberry_Pi/Pico_SDK_v1.5.1/pico-sdk/src/rp2_common/hardware_irq/irq.c.obj
 *fill*         0x1000773b        0x1 
 .rodata.__func__.6
                0x1000773c       0x1a CMakeFiles/pio_squarewave.dir/C_/Program_Files/Raspberry_Pi/Pico_SDK_v1.5.1/pico-sdk/src/rp2_common/hardware_irq/irq.c.obj
 *fill*         0x10007756        0x2 
 .rodata.str1.4
                0x10007758      0x125 CMakeFiles/pio_squarewave.dir/C_/Program_Files/Raspberry_Pi/Pico_SDK_v1.5.1/pico-sdk/src/common/pico_sync/mutex.c.obj
 *fill*         0x1000787d        0x3 
 .rodata.__func__.1
                0x10007880        0xb CMakeFiles/pio_squarewave.dir/C_/Program_Files/Raspberry_Pi/Pico_SDK_v1.5.1/pico-sdk/src/common/pico_sync/mutex.c.obj
 *fill*         0x1000788b        0x1 
 .rodata.__func__.3
                0x1000788c       0x18 CMakeFiles/pio_squarewave.dir/C_/Program_Files/Raspberry_Pi/Pico_SDK_v1.5.1/pico-sdk/src/common/pico_sync/mutex.c.obj
 .rodata.__func__.4
                0x100078a4       0x15 CMakeFiles/pio_squarewave.dir/C_/Program_Files/Raspberry_Pi/Pico_SDK_v1.5.1/pico-sdk/src/common/pico_sync/mutex.c.obj
 *fill*         0x100078b9        0x3 
 .rodata.repeating_timer_callback.str1.4
                0x100078bc       0x67 CMakeFiles/pio_squarewave.dir/C_/Program_Files/Raspberry_Pi/Pico_SDK_v1.5.1/pico-sdk/src/common/pico_time/time.c.obj
 *fill*         0x10007923        0x1 
 .rodata.timer_pool_entry_comparator.str1.4
                0x10007924       0x22 CMakeFiles/pio_squarewave.dir/C_/Program_Files/Raspberry_Pi/Pico_SDK_v1.5.1/pico-sdk/src/common/pico_time/time.c.obj
 *fill*         0x10007946        0x2 
 .rodata.ph_add_child_node.str1.4
                0x10007948       0xb2 CMakeFiles/pio_squarewave.dir/C_/Program_Files/Raspberry_Pi/Pico_SDK_v1.5.1/pico-sdk/src/common/pico_time/time.c.obj
 *fill*         0x100079fa        0x2 
 .rodata.add_alarm_under_lock.str1.4
                0x100079fc       0x28 CMakeFiles/pio_squarewave.dir/C_/Program_Files/Raspberry_Pi/Pico_SDK_v1.5.1/pico-sdk/src/common/pico_time/time.c.obj
                                 0x2b (size before relaxing)
 .rodata.alarm_pool_alarm_callback.str1.4
                0x10007a24       0x98 CMakeFiles/pio_squarewave.dir/C_/Program_Files/Raspberry_Pi/Pico_SDK_v1.5.1/pico-sdk/src/common/pico_time/time.c.obj
                                0x118 (size before relaxing)
 .rodata.alarm_pool_get_default.str1.4
                0x10007abc       0x21 CMakeFiles/pio_squarewave.dir/C_/Program_Files/Raspberry_Pi/Pico_SDK_v1.5.1/pico-sdk/src/common/pico_time/time.c.obj
 *fill*         0x10007add        0x3 
 .rodata.alarm_pool_cancel_alarm.str1.4
                0x10007ae0       0x27 CMakeFiles/pio_squarewave.dir/C_/Program_Files/Raspberry_Pi/Pico_SDK_v1.5.1/pico-sdk/src/common/pico_time/time.c.obj
 *fill*         0x10007b07        0x1 
 .rodata.__func__.1
                0x10007b08       0x18 CMakeFiles/pio_squarewave.dir/C_/Program_Files/Raspberry_Pi/Pico_SDK_v1.5.1/pico-sdk/src/common/pico_time/time.c.obj
 .rodata.__func__.10
                0x10007b20       0x15 CMakeFiles/pio_squarewave.dir/C_/Program_Files/Raspberry_Pi/Pico_SDK_v1.5.1/pico-sdk/src/common/pico_time/time.c.obj
 *fill*         0x10007b35        0x3 
 .rodata.__func__.11
                0x10007b38       0x1a CMakeFiles/pio_squarewave.dir/C_/Program_Files/Raspberry_Pi/Pico_SDK_v1.5.1/pico-sdk/src/common/pico_time/time.c.obj
 *fill*         0x10007b52        0x2 
 .rodata.__func__.12
                0x10007b54        0xa CMakeFiles/pio_squarewave.dir/C_/Program_Files/Raspberry_Pi/Pico_SDK_v1.5.1/pico-sdk/src/common/pico_time/time.c.obj
 *fill*         0x10007b5e        0x2 
 .rodata.__func__.3
                0x10007b60       0x17 CMakeFiles/pio_squarewave.dir/C_/Program_Files/Raspberry_Pi/Pico_SDK_v1.5.1/pico-sdk/src/common/pico_time/time.c.obj
 *fill*         0x10007b77        0x1 
 .rodata.__func__.4
                0x10007b78       0x12 CMakeFiles/pio_squarewave.dir/C_/Program_Files/Raspberry_Pi/Pico_SDK_v1.5.1/pico-sdk/src/common/pico_time/time.c.obj
 *fill*         0x10007b8a        0x2 
 .rodata.__func__.5
                0x10007b8c        0xd CMakeFiles/pio_squarewave.dir/C_/Program_Files/Raspberry_Pi/Pico_SDK_v1.5.1/pico-sdk/src/common/pico_time/time.c.obj
 *fill*         0x10007b99        0x3 
 .rodata.__func__.6
                0x10007b9c       0x12 CMakeFiles/pio_squarewave.dir/C_/Program_Files/Raspberry_Pi/Pico_SDK_v1.5.1/pico-sdk/src/common/pico_time/time.c.obj
 *fill*         0x10007bae        0x2 
 .rodata.__func__.7
                0x10007bb0        0xf CMakeFiles/pio_squarewave.dir/C_/Program_Files/Raspberry_Pi/Pico_SDK_v1.5.1/pico-sdk/src/common/pico_time/time.c.obj
 *fill*         0x10007bbf        0x1 
 .rodata.__func__.8
                0x10007bc0        0xc CMakeFiles/pio_squarewave.dir/C_/Program_Files/Raspberry_Pi/Pico_SDK_v1.5.1/pico-sdk/src/common/pico_time/time.c.obj
 .rodata.__func__.9
                0x10007bcc       0x15 CMakeFiles/pio_squarewave.dir/C_/Program_Files/Raspberry_Pi/Pico_SDK_v1.5.1/pico-sdk/src/common/pico_time/time.c.obj
 *fill*         0x10007be1        0x3 
 .rodata.hardware_alarm_claim.str1.4
                0x10007be4       0x22 CMakeFiles/pio_squarewave.dir/C_/Program_Files/Raspberry_Pi/Pico_SDK_v1.5.1/pico-sdk/src/rp2_common/hardware_timer/timer.c.obj
 .rodata.busy_wait_us.str1.4
                0x10007c06       0x7d CMakeFiles/pio_squarewave.dir/C_/Program_Files/Raspberry_Pi/Pico_SDK_v1.5.1/pico-sdk/src/rp2_common/hardware_timer/timer.c.obj
 *fill*         0x10007c06        0x2 
 .rodata.hardware_alarm_set_target.str1.4
                0x10007c08       0x81 CMakeFiles/pio_squarewave.dir/C_/Program_Files/Raspberry_Pi/Pico_SDK_v1.5.1/pico-sdk/src/rp2_common/hardware_timer/timer.c.obj
 *fill*         0x10007c89        0x3 
 .rodata.__func__.0
                0x10007c8c       0x1a CMakeFiles/pio_squarewave.dir/C_/Program_Files/Raspberry_Pi/Pico_SDK_v1.5.1/pico-sdk/src/rp2_common/hardware_timer/timer.c.obj
 *fill*         0x10007ca6        0x2 
 .rodata.__func__.1
                0x10007ca8       0x15 CMakeFiles/pio_squarewave.dir/C_/Program_Files/Raspberry_Pi/Pico_SDK_v1.5.1/pico-sdk/src/rp2_common/hardware_timer/timer.c.obj
 .rodata.ph_add_child_node.str1.4
                0x10007cbd       0xb2 CMakeFiles/pio_squarewave.dir/C_/Program_Files/Raspberry_Pi/Pico_SDK_v1.5.1/pico-sdk/src/common/pico_util/pheap.c.obj
 *fill*         0x10007cbd        0x3 
 .rodata.ph_remove_any_head.str1.4
                0x10007cc0       0xa8 CMakeFiles/pio_squarewave.dir/C_/Program_Files/Raspberry_Pi/Pico_SDK_v1.5.1/pico-sdk/src/common/pico_util/pheap.c.obj
                                 0xbc (size before relaxing)
 .rodata.ph_remove_and_free_node.str1.4
                0x10007d68       0x1e CMakeFiles/pio_squarewave.dir/C_/Program_Files/Raspberry_Pi/Pico_SDK_v1.5.1/pico-sdk/src/common/pico_util/pheap.c.obj
                                 0x26 (size before relaxing)
 *fill*         0x10007d86        0x2 
 .rodata.__func__.0
                0x10007d88       0x18 CMakeFiles/pio_squarewave.dir/C_/Program_Files/Raspberry_Pi/Pico_SDK_v1.5.1/pico-sdk/src/common/pico_util/pheap.c.obj
 .rodata.__func__.1
                0x10007da0       0x13 CMakeFiles/pio_squarewave.dir/C_/Program_Files/Raspberry_Pi/Pico_SDK_v1.5.1/pico-sdk/src/common/pico_util/pheap.c.obj
 *fill*         0x10007db3        0x1 
 .rodata.__func__.2
                0x10007db4       0x12 CMakeFiles/pio_squarewave.dir/C_/Program_Files/Raspberry_Pi/Pico_SDK_v1.5.1/pico-sdk/src/common/pico_util/pheap.c.obj
 *fill*         0x10007dc6        0x2 
 .rodata.__func__.3
                0x10007dc8        0xc CMakeFiles/pio_squarewave.dir/C_/Program_Files/Raspberry_Pi/Pico_SDK_v1.5.1/pico-sdk/src/common/pico_util/pheap.c.obj
 .rodata.clock_configure.str1.4
                0x10007dd4       0x73 CMakeFiles/pio_squarewave.dir/C_/Program_Files/Raspberry_Pi/Pico_SDK_v1.5.1/pico-sdk/src/rp2_common/hardware_clocks/clocks.c.obj
 *fill*         0x10007e47        0x1 
 .rodata.__func__.1
                0x10007e48       0x10 CMakeFiles/pio_squarewave.dir/C_/Program_Files/Raspberry_Pi/Pico_SDK_v1.5.1/pico-sdk/src/rp2_common/hardware_clocks/clocks.c.obj
 .rodata.pll_init.str1.4
                0x10007e58      0x140 CMakeFiles/pio_squarewave.dir/C_/Program_Files/Raspberry_Pi/Pico_SDK_v1.5.1/pico-sdk/src/rp2_common/hardware_pll/pll.c.obj
 .rodata.__func__.0
                0x10007f98        0x9 CMakeFiles/pio_squarewave.dir/C_/Program_Files/Raspberry_Pi/Pico_SDK_v1.5.1/pico-sdk/src/rp2_common/hardware_pll/pll.c.obj
 *fill*         0x10007fa1        0x3 
 .rodata.__assert_func.str1.4
                0x10007fa4       0x3f CMakeFiles/pio_squarewave.dir/C_/Program_Files/Raspberry_Pi/Pico_SDK_v1.5.1/pico-sdk/src/rp2_common/pico_runtime/runtime.c.obj
                                 0x43 (size before relaxing)
 *fill*         0x10007fe3        0x1 
 .rodata.runtime_init.str1.4
                0x10007fe4       0x7d CMakeFiles/pio_squarewave.dir/C_/Program_Files/Raspberry_Pi/Pico_SDK_v1.5.1/pico-sdk/src/rp2_common/pico_runtime/runtime.c.obj
 *fill*         0x10008061        0x3 
 .rodata.panic.str1.4
                0x10008064       0x12 CMakeFiles/pio_squarewave.dir/C_/Program_Files/Raspberry_Pi/Pico_SDK_v1.5.1/pico-sdk/src/rp2_common/pico_runtime/runtime.c.obj
 *fill*         0x10008076        0x2 
 .rodata.__func__.2
                0x10008078        0xd CMakeFiles/pio_squarewave.dir/C_/Program_Files/Raspberry_Pi/Pico_SDK_v1.5.1/pico-sdk/src/rp2_common/pico_runtime/runtime.c.obj
 *fill*         0x10008085        0x3 
 .rodata._ftoa.str1.4
                0x10008088       0x15 CMakeFiles/pio_squarewave.dir/C_/Program_Files/Raspberry_Pi/Pico_SDK_v1.5.1/pico-sdk/src/rp2_common/pico_printf/printf.c.obj
 *fill*         0x1000809d        0x3 
 .rodata._vsnprintf
                0x100080a0      0x1e0 CMakeFiles/pio_squarewave.dir/C_/Program_Files/Raspberry_Pi/Pico_SDK_v1.5.1/pico-sdk/src/rp2_common/pico_printf/printf.c.obj
 .rodata.pow10.0
                0x10008280       0x50 CMakeFiles/pio_squarewave.dir/C_/Program_Files/Raspberry_Pi/Pico_SDK_v1.5.1/pico-sdk/src/rp2_common/pico_printf/printf.c.obj
 .rodata.__aeabi_double_init.str1.4
                0x100082d0       0xb8 CMakeFiles/pio_squarewave.dir/C_/Program_Files/Raspberry_Pi/Pico_SDK_v1.5.1/pico-sdk/src/rp2_common/pico_double/double_init_rom.c.obj
 .rodata.__func__.0
                0x10008388       0x14 CMakeFiles/pio_squarewave.dir/C_/Program_Files/Raspberry_Pi/Pico_SDK_v1.5.1/pico-sdk/src/rp2_common/pico_double/double_init_rom.c.obj
 .rodata.__aeabi_float_init.str1.4
                0x1000839c       0x96 CMakeFiles/pio_squarewave.dir/C_/Program_Files/Raspberry_Pi/Pico_SDK_v1.5.1/pico-sdk/src/rp2_common/pico_float/float_init_rom.c.obj
                                 0x9a (size before relaxing)
 *fill*         0x10008432        0x2 
 .rodata.__func__.0
                0x10008434       0x13 CMakeFiles/pio_squarewave.dir/C_/Program_Files/Raspberry_Pi/Pico_SDK_v1.5.1/pico-sdk/src/rp2_common/pico_float/float_init_rom.c.obj
 *fill*         0x10008447        0x1 
 .rodata.str1.4
                0x10008448       0x44 CMakeFiles/pio_squarewave.dir/C_/Program_Files/Raspberry_Pi/Pico_SDK_v1.5.1/pico-sdk/src/rp2_common/pico_standard_link/binary_info.c.obj
 .rodata.__bi_44
                0x1000848c        0xc CMakeFiles/pio_squarewave.dir/C_/Program_Files/Raspberry_Pi/Pico_SDK_v1.5.1/pico-sdk/src/rp2_common/pico_standard_link/binary_info.c.obj
 .rodata.__bi_75
                0x10008498        0xc CMakeFiles/pio_squarewave.dir/C_/Program_Files/Raspberry_Pi/Pico_SDK_v1.5.1/pico-sdk/src/rp2_common/pico_standard_link/binary_info.c.obj
 .rodata.__bi_81
                0x100084a4        0xc CMakeFiles/pio_squarewave.dir/C_/Program_Files/Raspberry_Pi/Pico_SDK_v1.5.1/pico-sdk/src/rp2_common/pico_standard_link/binary_info.c.obj
 .rodata.stdout_serialize_begin.str1.4
                0x100084b0       0x7d CMakeFiles/pio_squarewave.dir/C_/Program_Files/Raspberry_Pi/Pico_SDK_v1.5.1/pico-sdk/src/rp2_common/pico_stdio/stdio.c.obj
 .rodata.__func__.3
                0x100084b0       0x15 CMakeFiles/pio_squarewave.dir/C_/Program_Files/Raspberry_Pi/Pico_SDK_v1.5.1/pico-sdk/src/rp2_common/pico_stdio/stdio.c.obj
 *fill*         0x100084c5        0x3 
 .rodata.crlf_str.2
                0x100084c8        0x2 CMakeFiles/pio_squarewave.dir/C_/Program_Files/Raspberry_Pi/Pico_SDK_v1.5.1/pico-sdk/src/rp2_common/pico_stdio/stdio.c.obj
 *fill*         0x100084ca        0x2 
 .rodata.str1.4
                0x100084cc       0x2c CMakeFiles/pio_squarewave.dir/C_/Program_Files/Raspberry_Pi/Pico_SDK_v1.5.1/pico-sdk/src/rp2_common/pico_stdio_uart/stdio_uart.c.obj
 .rodata.__bi_33.4
                0x100084f8        0xc CMakeFiles/pio_squarewave.dir/C_/Program_Files/Raspberry_Pi/Pico_SDK_v1.5.1/pico-sdk/src/rp2_common/pico_stdio_uart/stdio_uart.c.obj
 .rodata.__bi_34.5
                0x10008504        0x8 CMakeFiles/pio_squarewave.dir/C_/Program_Files/Raspberry_Pi/Pico_SDK_v1.5.1/pico-sdk/src/rp2_common/pico_stdio_uart/stdio_uart.c.obj
 .rodata._resetd_driver
                0x1000850c       0x18 CMakeFiles/pio_squarewave.dir/C_/Program_Files/Raspberry_Pi/Pico_SDK_v1.5.1/pico-sdk/src/rp2_common/pico_stdio_usb/reset_interface.c.obj
 .rodata.low_priority_worker_irq.str1.4
                0x10008524       0x7d CMakeFiles/pio_squarewave.dir/C_/Program_Files/Raspberry_Pi/Pico_SDK_v1.5.1/pico-sdk/src/rp2_common/pico_stdio_usb/stdio_usb.c.obj
 .rodata.stdio_usb_init.str1.4
                0x10008524       0x61 CMakeFiles/pio_squarewave.dir/C_/Program_Files/Raspberry_Pi/Pico_SDK_v1.5.1/pico-sdk/src/rp2_common/pico_stdio_usb/stdio_usb.c.obj
                                 0x69 (size before relaxing)
 *fill*         0x10008585        0x3 
 .rodata.str1.4
                0x10008588       0x13 CMakeFiles/pio_squarewave.dir/C_/Program_Files/Raspberry_Pi/Pico_SDK_v1.5.1/pico-sdk/src/rp2_common/pico_stdio_usb/stdio_usb.c.obj
 *fill*         0x1000859b        0x1 
 .rodata.__bi_182.0
                0x1000859c        0xc CMakeFiles/pio_squarewave.dir/C_/Program_Files/Raspberry_Pi/Pico_SDK_v1.5.1/pico-sdk/src/rp2_common/pico_stdio_usb/stdio_usb.c.obj
 .rodata.__func__.1
                0x100085a8        0xf CMakeFiles/pio_squarewave.dir/C_/Program_Files/Raspberry_Pi/Pico_SDK_v1.5.1/pico-sdk/src/rp2_common/pico_stdio_usb/stdio_usb.c.obj
 *fill*         0x100085b7        0x1 
 .rodata.__func__.3
                0x100085b8       0x15 CMakeFiles/pio_squarewave.dir/C_/Program_Files/Raspberry_Pi/Pico_SDK_v1.5.1/pico-sdk/src/rp2_common/pico_stdio_usb/stdio_usb.c.obj
 *fill*         0x100085cd        0x3 
 .rodata.str1.4
                0x100085d0       0x2a CMakeFiles/pio_squarewave.dir/C_/Program_Files/Raspberry_Pi/Pico_SDK_v1.5.1/pico-sdk/src/rp2_common/pico_stdio_usb/stdio_usb_descriptors.c.obj
 *fill*         0x100085fa        0x2 
 .rodata.usbd_desc_cfg
                0x100085fc       0x54 CMakeFiles/pio_squarewave.dir/C_/Program_Files/Raspberry_Pi/Pico_SDK_v1.5.1/pico-sdk/src/rp2_common/pico_stdio_usb/stdio_usb_descriptors.c.obj
 .rodata.usbd_desc_device
                0x10008650       0x12 CMakeFiles/pio_squarewave.dir/C_/Program_Files/Raspberry_Pi/Pico_SDK_v1.5.1/pico-sdk/src/rp2_common/pico_stdio_usb/stdio_usb_descriptors.c.obj
 *fill*         0x10008662        0x2 
 .rodata.usbd_desc_str
                0x10008664       0x18 CMakeFiles/pio_squarewave.dir/C_/Program_Files/Raspberry_Pi/Pico_SDK_v1.5.1/pico-sdk/src/rp2_common/pico_stdio_usb/stdio_usb_descriptors.c.obj
 .rodata.pico_get_unique_board_id_string.str1.4
                0x1000867c       0x69 CMakeFiles/pio_squarewave.dir/C_/Program_Files/Raspberry_Pi/Pico_SDK_v1.5.1/pico-sdk/src/rp2_common/pico_unique_id/unique_id.c.obj
 *fill*         0x100086e5        0x3 
 .rodata.__func__.0
                0x100086e8       0x20 CMakeFiles/pio_squarewave.dir/C_/Program_Files/Raspberry_Pi/Pico_SDK_v1.5.1/pico-sdk/src/rp2_common/pico_unique_id/unique_id.c.obj
 .rodata.str1.4
                0x10008708      0x176 CMakeFiles/pio_squarewave.dir/C_/Program_Files/Raspberry_Pi/Pico_SDK_v1.5.1/pico-sdk/src/rp2_common/hardware_flash/flash.c.obj
 *fill*         0x1000887e        0x2 
 .rodata.__func__.0
                0x10008880        0xd CMakeFiles/pio_squarewave.dir/C_/Program_Files/Raspberry_Pi/Pico_SDK_v1.5.1/pico-sdk/src/rp2_common/hardware_flash/flash.c.obj
 *fill*         0x1000888d        0x3 
 .rodata._hw_endpoint_alloc.str1.4
                0x10008890       0xd1 CMakeFiles/pio_squarewave.dir/C_/Program_Files/Raspberry_Pi/Pico_SDK_v1.5.1/pico-sdk/lib/tinyusb/src/portable/raspberrypi/rp2040/dcd_rp2040.c.obj
 *fill*         0x10008961        0x3 
 .rodata.str1.4
                0x10008964       0x14 CMakeFiles/pio_squarewave.dir/C_/Program_Files/Raspberry_Pi/Pico_SDK_v1.5.1/pico-sdk/lib/tinyusb/src/portable/raspberrypi/rp2040/dcd_rp2040.c.obj
 .rodata.dcd_int_enable.str1.4
                0x10008978        0xc CMakeFiles/pio_squarewave.dir/C_/Program_Files/Raspberry_Pi/Pico_SDK_v1.5.1/pico-sdk/lib/tinyusb/src/portable/raspberrypi/rp2040/dcd_rp2040.c.obj
 .rodata.__func__.0
                0x10008984        0xe CMakeFiles/pio_squarewave.dir/C_/Program_Files/Raspberry_Pi/Pico_SDK_v1.5.1/pico-sdk/lib/tinyusb/src/portable/raspberrypi/rp2040/dcd_rp2040.c.obj
 *fill*         0x10008992        0x2 
 .rodata.__func__.1
                0x10008994        0xe CMakeFiles/pio_squarewave.dir/C_/Program_Files/Raspberry_Pi/Pico_SDK_v1.5.1/pico-sdk/lib/tinyusb/src/portable/raspberrypi/rp2040/dcd_rp2040.c.obj
 *fill*         0x100089a2        0x2 
 .rodata.__func__.3
                0x100089a4       0x10 CMakeFiles/pio_squarewave.dir/C_/Program_Files/Raspberry_Pi/Pico_SDK_v1.5.1/pico-sdk/lib/tinyusb/src/portable/raspberrypi/rp2040/dcd_rp2040.c.obj
 .rodata.__func__.5
                0x100089b4        0xf CMakeFiles/pio_squarewave.dir/C_/Program_Files/Raspberry_Pi/Pico_SDK_v1.5.1/pico-sdk/lib/tinyusb/src/portable/raspberrypi/rp2040/dcd_rp2040.c.obj
 *fill*         0x100089c3        0x1 
 .rodata.__func__.6
                0x100089c4       0x13 CMakeFiles/pio_squarewave.dir/C_/Program_Files/Raspberry_Pi/Pico_SDK_v1.5.1/pico-sdk/lib/tinyusb/src/portable/raspberrypi/rp2040/dcd_rp2040.c.obj
 *fill*         0x100089d7        0x1 
 .rodata.__func__.7
                0x100089d8        0x9 CMakeFiles/pio_squarewave.dir/C_/Program_Files/Raspberry_Pi/Pico_SDK_v1.5.1/pico-sdk/lib/tinyusb/src/portable/raspberrypi/rp2040/dcd_rp2040.c.obj
 *fill*         0x100089e1        0x3 
 .rodata.str1.4
                0x100089e4       0xf9 CMakeFiles/pio_squarewave.dir/C_/Program_Files/Raspberry_Pi/Pico_SDK_v1.5.1/pico-sdk/lib/tinyusb/src/portable/raspberrypi/rp2040/rp2040_usb.c.obj
                                0x103 (size before relaxing)
 *fill*         0x10008add        0x3 
 .rodata.__func__.0
                0x10008ae0        0xf CMakeFiles/pio_squarewave.dir/C_/Program_Files/Raspberry_Pi/Pico_SDK_v1.5.1/pico-sdk/lib/tinyusb/src/portable/raspberrypi/rp2040/rp2040_usb.c.obj
 *fill*         0x10008aef        0x1 
 .rodata.process_get_descriptor
                0x10008af0       0x40 CMakeFiles/pio_squarewave.dir/C_/Program_Files/Raspberry_Pi/Pico_SDK_v1.5.1/pico-sdk/lib/tinyusb/src/device/usbd.c.obj
 .rodata.process_control_request
                0x10008b30       0x28 CMakeFiles/pio_squarewave.dir/C_/Program_Files/Raspberry_Pi/Pico_SDK_v1.5.1/pico-sdk/lib/tinyusb/src/device/usbd.c.obj
 .rodata.tud_task_ext
                0x10008b58       0x24 CMakeFiles/pio_squarewave.dir/C_/Program_Files/Raspberry_Pi/Pico_SDK_v1.5.1/pico-sdk/lib/tinyusb/src/device/usbd.c.obj
 .rodata._usbd_driver
                0x10008b7c       0x18 CMakeFiles/pio_squarewave.dir/C_/Program_Files/Raspberry_Pi/Pico_SDK_v1.5.1/pico-sdk/lib/tinyusb/src/device/usbd.c.obj
 .rodata._pio_find_offset_for_program.str1.4
                0x10008b94       0x85 CMakeFiles/pio_squarewave.dir/C_/Program_Files/Raspberry_Pi/Pico_SDK_v1.5.1/pico-sdk/src/rp2_common/hardware_pio/pio.c.obj
 *fill*         0x10008c19        0x3 
 .rodata._pio_add_program_at_offset.str1.4
                0x10008c1c       0x11 CMakeFiles/pio_squarewave.dir/C_/Program_Files/Raspberry_Pi/Pico_SDK_v1.5.1/pico-sdk/src/rp2_common/hardware_pio/pio.c.obj
 *fill*         0x10008c2d        0x3 
 .rodata.pio_claim_unused_sm.str1.4
                0x10008c30       0x24 CMakeFiles/pio_squarewave.dir/C_/Program_Files/Raspberry_Pi/Pico_SDK_v1.5.1/pico-sdk/src/rp2_common/hardware_pio/pio.c.obj
 .rodata.__func__.1
                0x10008c54       0x1d CMakeFiles/pio_squarewave.dir/C_/Program_Files/Raspberry_Pi/Pico_SDK_v1.5.1/pico-sdk/src/rp2_common/hardware_pio/pio.c.obj
                0x10008c74                . = ALIGN (0x4)
 *fill*         0x10008c71        0x3 
 *(SORT_BY_ALIGNMENT(SORT_BY_NAME(.flashdata*)))
                0x10008c74                . = ALIGN (0x4)

.ARM.extab
 *(.ARM.extab* .gnu.linkonce.armextab.*)
                0x10008c74                __exidx_start = .

.ARM.exidx
 *(.ARM.exidx* .gnu.linkonce.armexidx.*)
                0x10008c74                __exidx_end = .
                0x10008c74                . = ALIGN (0x4)
                0x10008c74                __binary_info_start = .

.binary_info    0x10008c74       0x28
 *(.binary_info.keep.*)
 .binary_info.keep.__bi_ptr22
                0x10008c74        0x4 CMakeFiles/pio_squarewave.dir/C_/Program_Files/Raspberry_Pi/Pico_SDK_v1.5.1/pico-sdk/src/rp2_common/pico_standard_link/binary_info.c.obj
 .binary_info.keep.__bi_ptr30
                0x10008c78        0x4 CMakeFiles/pio_squarewave.dir/C_/Program_Files/Raspberry_Pi/Pico_SDK_v1.5.1/pico-sdk/src/rp2_common/pico_standard_link/binary_info.c.obj
 .binary_info.keep.__bi_ptr38
                0x10008c7c        0x4 CMakeFiles/pio_squarewave.dir/C_/Program_Files/Raspberry_Pi/Pico_SDK_v1.5.1/pico-sdk/src/rp2_common/pico_standard_link/binary_info.c.obj
 .binary_info.keep.__bi_ptr44
                0x10008c80        0x4 CMakeFiles/pio_squarewave.dir/C_/Program_Files/Raspberry_Pi/Pico_SDK_v1.5.1/pico-sdk/src/rp2_common/pico_standard_link/binary_info.c.obj
 .binary_info.keep.__bi_ptr50
                0x10008c84        0x4 CMakeFiles/pio_squarewave.dir/C_/Program_Files/Raspberry_Pi/Pico_SDK_v1.5.1/pico-sdk/src/rp2_common/pico_standard_link/binary_info.c.obj
 .binary_info.keep.__bi_ptr75
                0x10008c88        0x4 CMakeFiles/pio_squarewave.dir/C_/Program_Files/Raspberry_Pi/Pico_SDK_v1.5.1/pico-sdk/src/rp2_common/pico_standard_link/binary_info.c.obj
 .binary_info.keep.__bi_ptr81
                0x10008c8c        0x4 CMakeFiles/pio_squarewave.dir/C_/Program_Files/Raspberry_Pi/Pico_SDK_v1.5.1/pico-sdk/src/rp2_common/pico_standard_link/binary_info.c.obj
 *(.binary_info.*)
 .binary_info.__bi_ptr33
                0x10008c90        0x4 CMakeFiles/pio_squarewave.dir/C_/Program_Files/Raspberry_Pi/Pico_SDK_v1.5.1/pico-sdk/src/rp2_common/pico_stdio_uart/stdio_uart.c.obj
 .binary_info.__bi_ptr34
                0x10008c94        0x4 CMakeFiles/pio_squarewave.dir/C_/Program_Files/Raspberry_Pi/Pico_SDK_v1.5.1/pico-sdk/src/rp2_common/pico_stdio_uart/stdio_uart.c.obj
 .binary_info.__bi_ptr182