Archive member included to satisfy reference by file (symbol)

c:/progra~1/raspbe~1/picosd~1.1/gcc-ar~1/bin/../lib/gcc/arm-none-eabi/10.3.1/thumb/v6-m/nofp\libgcc.a(_dvmd_tls.o)
                              CMakeFiles/wirelessgcc_project.dir/C_/Program_Files/Raspberry_Pi/Pico_SDK_v1.5.1/pico-sdk/src/rp2_common/pico_divider/divider.S.obj (__aeabi_idiv0)
c:/progra~1/raspbe~1/picosd~1.1/gcc-ar~1/bin/../lib/gcc/arm-none-eabi/10.3.1/../../../../arm-none-eabi/lib/thumb/v6-m/nofp\libg.a(lib_a-calloc.o)
                              CMakeFiles/wirelessgcc_project.dir/C_/Program_Files/Raspberry_Pi/Pico_SDK_v1.5.1/pico-sdk/src/rp2_common/pico_malloc/pico_malloc.c.obj (calloc)
c:/progra~1/raspbe~1/picosd~1.1/gcc-ar~1/bin/../lib/gcc/arm-none-eabi/10.3.1/../../../../arm-none-eabi/lib/thumb/v6-m/nofp\libg.a(lib_a-callocr.o)
                              c:/progra~1/raspbe~1/picosd~1.1/gcc-ar~1/bin/../lib/gcc/arm-none-eabi/10.3.1/../../../../arm-none-eabi/lib/thumb/v6-m/nofp\libg.a(lib_a-calloc.o) (_calloc_r)
c:/progra~1/raspbe~1/picosd~1.1/gcc-ar~1/bin/../lib/gcc/arm-none-eabi/10.3.1/../../../../arm-none-eabi/lib/thumb/v6-m/nofp\libg.a(lib_a-errno.o)
                              c:/progra~1/raspbe~1/picosd~1.1/gcc-ar~1/bin/../lib/gcc/arm-none-eabi/10.3.1/../../../../arm-none-eabi/lib/thumb/v6-m/nofp\libg.a(lib_a-callocr.o) (__errno)
c:/progra~1/raspbe~1/picosd~1.1/gcc-ar~1/bin/../lib/gcc/arm-none-eabi/10.3.1/../../../../arm-none-eabi/lib/thumb/v6-m/nofp\libg.a(lib_a-impure.o)
                              c:/progra~1/raspbe~1/picosd~1.1/gcc-ar~1/bin/../lib/gcc/arm-none-eabi/10.3.1/../../../../arm-none-eabi/lib/thumb/v6-m/nofp\libg.a(lib_a-calloc.o) (_impure_ptr)
c:/progra~1/raspbe~1/picosd~1.1/gcc-ar~1/bin/../lib/gcc/arm-none-eabi/10.3.1/../../../../arm-none-eabi/lib/thumb/v6-m/nofp\libg.a(lib_a-init.o)
                              c:/progra~1/raspbe~1/picosd~1.1/gcc-ar~1/bin/../lib/gcc/arm-none-eabi/10.3.1/../../../../arm-none-eabi/lib/thumb/v6-m/nofp/crt0.o (__libc_init_array)
c:/progra~1/raspbe~1/picosd~1.1/gcc-ar~1/bin/../lib/gcc/arm-none-eabi/10.3.1/../../../../arm-none-eabi/lib/thumb/v6-m/nofp\libg.a(lib_a-malloc.o)
                              CMakeFiles/wirelessgcc_project.dir/C_/Program_Files/Raspberry_Pi/Pico_SDK_v1.5.1/pico-sdk/src/rp2_common/pico_malloc/pico_malloc.c.obj (malloc)
c:/progra~1/raspbe~1/picosd~1.1/gcc-ar~1/bin/../lib/gcc/arm-none-eabi/10.3.1/../../../../arm-none-eabi/lib/thumb/v6-m/nofp\libg.a(lib_a-mallocr.o)
                              c:/progra~1/raspbe~1/picosd~1.1/gcc-ar~1/bin/../lib/gcc/arm-none-eabi/10.3.1/../../../../arm-none-eabi/lib/thumb/v6-m/nofp\libg.a(lib_a-callocr.o) (_malloc_r)
c:/progra~1/raspbe~1/picosd~1.1/gcc-ar~1/bin/../lib/gcc/arm-none-eabi/10.3.1/../../../../arm-none-eabi/lib/thumb/v6-m/nofp\libg.a(lib_a-mlock.o)
                              c:/progra~1/raspbe~1/picosd~1.1/gcc-ar~1/bin/../lib/gcc/arm-none-eabi/10.3.1/../../../../arm-none-eabi/lib/thumb/v6-m/nofp\libg.a(lib_a-mallocr.o) (__malloc_lock)
c:/progra~1/raspbe~1/picosd~1.1/gcc-ar~1/bin/../lib/gcc/arm-none-eabi/10.3.1/../../../../arm-none-eabi/lib/thumb/v6-m/nofp\libg.a(lib_a-realloc.o)
                              CMakeFiles/wirelessgcc_project.dir/C_/Program_Files/Raspberry_Pi/Pico_SDK_v1.5.1/pico-sdk/src/rp2_common/pico_malloc/pico_malloc.c.obj (realloc)
c:/progra~1/raspbe~1/picosd~1.1/gcc-ar~1/bin/../lib/gcc/arm-none-eabi/10.3.1/../../../../arm-none-eabi/lib/thumb/v6-m/nofp\libg.a(lib_a-reallocr.o)
                              c:/progra~1/raspbe~1/picosd~1.1/gcc-ar~1/bin/../lib/gcc/arm-none-eabi/10.3.1/../../../../arm-none-eabi/lib/thumb/v6-m/nofp\libg.a(lib_a-realloc.o) (_realloc_r)
c:/progra~1/raspbe~1/picosd~1.1/gcc-ar~1/bin/../lib/gcc/arm-none-eabi/10.3.1/../../../../arm-none-eabi/lib/thumb/v6-m/nofp\libg.a(lib_a-sbrkr.o)
                              c:/progra~1/raspbe~1/picosd~1.1/gcc-ar~1/bin/../lib/gcc/arm-none-eabi/10.3.1/../../../../arm-none-eabi/lib/thumb/v6-m/nofp\libg.a(lib_a-mallocr.o) (_sbrk_r)
c:/progra~1/raspbe~1/picosd~1.1/gcc-ar~1/bin/../lib/gcc/arm-none-eabi/10.3.1/../../../../arm-none-eabi/lib/thumb/v6-m/nofp\libg.a(lib_a-strlen-stub.o)
                              CMakeFiles/wirelessgcc_project.dir/C_/Program_Files/Raspberry_Pi/Pico_SDK_v1.5.1/pico-sdk/src/rp2_common/pico_stdio/stdio.c.obj (strlen)
c:/progra~1/raspbe~1/picosd~1.1/gcc-ar~1/bin/../lib/gcc/arm-none-eabi/10.3.1/../../../../arm-none-eabi/lib/thumb/v6-m/nofp\libg.a(lib_a-freer.o)
                              c:/progra~1/raspbe~1/picosd~1.1/gcc-ar~1/bin/../lib/gcc/arm-none-eabi/10.3.1/../../../../arm-none-eabi/lib/thumb/v6-m/nofp\libg.a(lib_a-malloc.o) (_free_r)
c:/progra~1/raspbe~1/picosd~1.1/gcc-ar~1/bin/../lib/gcc/arm-none-eabi/10.3.1/../../../../arm-none-eabi/lib/thumb/v6-m/nofp\libg.a(lib_a-lock.o)
                              c:/progra~1/raspbe~1/picosd~1.1/gcc-ar~1/bin/../lib/gcc/arm-none-eabi/10.3.1/../../../../arm-none-eabi/lib/thumb/v6-m/nofp\libg.a(lib_a-mlock.o) (__retarget_lock_acquire_recursive)
[...]
Memory Configuration

Name             Origin             Length             Attributes
FLASH            0x10000000         0x00200000         xr
RAM              0x20000000         0x00040000         xrw
SCRATCH_X        0x20040000         0x00001000         xrw
SCRATCH_Y        0x20041000         0x00001000         xrw
*default*        0x00000000         0xffffffff

Linker script and memory map

LOAD c:/progra~1/raspbe~1/picosd~1.1/gcc-ar~1/bin/../lib/gcc/arm-none-eabi/10.3.1/thumb/v6-m/nofp/crti.o
LOAD c:/progra~1/raspbe~1/picosd~1.1/gcc-ar~1/bin/../lib/gcc/arm-none-eabi/10.3.1/thumb/v6-m/nofp/crtbegin.o
LOAD c:/progra~1/raspbe~1/picosd~1.1/gcc-ar~1/bin/../lib/gcc/arm-none-eabi/10.3.1/../../../../arm-none-eabi/lib/thumb/v6-m/nofp/crt0.o

.flash_begin    0x10000000        0x0
                0x10000000                __flash_binary_start = .

.boot2          0x10000000      0x100
                0x10000000                __boot2_start__ = .
 *(.boot2)
 .boot2         0x10000000      0x100 C:\Users\Andy\AppData\Local\Temp\ccuVcTWr.o
                0x10000100                __boot2_end__ = .
                0x00000001                ASSERT (((__boot2_end__ - __boot2_start__) == 0x100), ERROR: Pico second stage bootloader must be 256 bytes in size)

.text           0x10000100     0x7338
                0x10000100                __logical_binary_start = .
 *(.vectors)
 .vectors       0x10000100       0xd4 CMakeFiles/wirelessgcc_project.dir/C_/Program_Files/Raspberry_Pi/Pico_SDK_v1.5.1/pico-sdk/src/rp2_common/pico_standard_link/crt0.S.obj
                0x10000100                __VECTOR_TABLE
                0x10000100                __vectors
                0x100001c0                isr_invalid
                0x100001c0                __default_isrs_start
                0x100001c2                isr_nmi
                0x100001c4                isr_hardfault
                0x100001c6                isr_svcall
                0x100001c8                isr_pendsv
                0x100001ca                isr_systick
                0x100001cc                isr_irq23
                0x100001cc                isr_irq18
                0x100001cc                isr_irq11
                0x100001cc                isr_irq28
                0x100001cc                isr_irq19
                0x100001cc                isr_irq0
                0x100001cc                isr_irq6
                0x100001cc                isr_irq5
                0x100001cc                isr_irq12
                0x100001cc                isr_irq22
                0x100001cc                isr_irq31
                0x100001cc                isr_irq17
                0x100001cc                isr_irq27
                0x100001cc                isr_irq30
                0x100001cc                isr_irq2
                0x100001cc                isr_irq10
                0x100001cc                isr_irq8
                0x100001cc                isr_irq24
                0x100001cc                isr_irq1
                0x100001cc                isr_irq7
                0x100001cc                isr_irq21
                0x100001cc                isr_irq20
                0x100001cc                isr_irq15
                0x100001cc                isr_irq25
                0x100001cc                isr_irq13
                0x100001cc                __unhandled_user_irq
                0x100001cc                isr_irq4
                0x100001cc                isr_irq16
                0x100001cc                isr_irq29
                0x100001cc                isr_irq26
                0x100001cc                __default_isrs_end
                0x100001cc                isr_irq3
                0x100001cc                isr_irq14
                0x100001cc                isr_irq9
                0x100001d2                unhandled_user_irq_num_in_r0
 *(.binary_info_header)
 .binary_info_header
                0x100001d4       0x14 CMakeFiles/wirelessgcc_project.dir/C_/Program_Files/Raspberry_Pi/Pico_SDK_v1.5.1/pico-sdk/src/rp2_common/pico_standard_link/crt0.S.obj
                0x100001e8                __binary_info_header_end = .
 *(.reset)
 .reset         0x100001e8       0xa0 CMakeFiles/wirelessgcc_project.dir/C_/Program_Files/Raspberry_Pi/Pico_SDK_v1.5.1/pico-sdk/src/rp2_common/pico_standard_link/crt0.S.obj
                0x100001e8                _entry_point
 .reset         0x10000288       0x30 CMakeFiles/wirelessgcc_project.dir/C_/Program_Files/Raspberry_Pi/Pico_SDK_v1.5.1/pico-sdk/src/rp2_common/pico_standard_link/binary_info.c.obj
 *(.init)
 .init          0x100002b8        0x4 c:/progra~1/raspbe~1/picosd~1.1/gcc-ar~1/bin/../lib/gcc/arm-none-eabi/10.3.1/thumb/v6-m/nofp/crti.o
                0x100002b8                _init
 *(EXCLUDE_FILE(*libm.a: *libc.a:*lib_a-mem*.o *libgcc.a:) .text*)
 .text          0x100002bc       0x48 c:/progra~1/raspbe~1/picosd~1.1/gcc-ar~1/bin/../lib/gcc/arm-none-eabi/10.3.1/thumb/v6-m/nofp/crtbegin.o
 .text._ZN12GCcontrollerC2EP8pio_hw_tj
                0x10000304       0xac CMakeFiles/wirelessgcc_project.dir/wirelessgcc.cpp.obj
                0x10000304                GCcontroller::GCcontroller(pio_hw_t*, unsigned int)
                0x10000304                GCcontroller::GCcontroller(pio_hw_t*, unsigned int)
 .text._ZN9GCconsoleC2EP8pio_hw_tj
                0x100003b0       0xa8 CMakeFiles/wirelessgcc_project.dir/wirelessgcc.cpp.obj
                0x100003b0                GCconsole::GCconsole(pio_hw_t*, unsigned int)
                0x100003b0                GCconsole::GCconsole(pio_hw_t*, unsigned int)
 .text._ZN9GCconsole5writeEv
                0x10000458       0x30 CMakeFiles/wirelessgcc_project.dir/wirelessgcc.cpp.obj
                0x10000458                GCconsole::write()
 .text.main     0x10000488       0x38 CMakeFiles/wirelessgcc_project.dir/wirelessgcc.cpp.obj
                0x10000488                main
 .text.gpio_set_function
                0x100004c0       0x30 CMakeFiles/wirelessgcc_project.dir/C_/Program_Files/Raspberry_Pi/Pico_SDK_v1.5.1/pico-sdk/src/rp2_common/hardware_gpio/gpio.c.obj
                0x100004c0                gpio_set_function
 .text.running_on_fpga
                0x100004f0       0x14 CMakeFiles/wirelessgcc_project.dir/C_/Program_Files/Raspberry_Pi/Pico_SDK_v1.5.1/pico-sdk/src/rp2_common/pico_platform/platform.c.obj
                0x100004f0                running_on_fpga
 .text.hw_claim_lock
                0x10000504       0x18 CMakeFiles/wirelessgcc_project.dir/C_/Program_Files/Raspberry_Pi/Pico_SDK_v1.5.1/pico-sdk/src/rp2_common/hardware_claim/claim.c.obj
                0x10000504                hw_claim_lock
 .text.hw_claim_unlock
                0x1000051c       0x14 CMakeFiles/wirelessgcc_project.dir/C_/Program_Files/Raspberry_Pi/Pico_SDK_v1.5.1/pico-sdk/src/rp2_common/hardware_claim/claim.c.obj
                0x1000051c                hw_claim_unlock
 .text.hw_claim_or_assert
                0x10000530       0x32 CMakeFiles/wirelessgcc_project.dir/C_/Program_Files/Raspberry_Pi/Pico_SDK_v1.5.1/pico-sdk/src/rp2_common/hardware_claim/claim.c.obj
                0x10000530                hw_claim_or_assert
 .text.hw_claim_unused_from_range
                0x10000562       0x50 CMakeFiles/wirelessgcc_project.dir/C_/Program_Files/Raspberry_Pi/Pico_SDK_v1.5.1/pico-sdk/src/rp2_common/hardware_claim/claim.c.obj
                0x10000562                hw_claim_unused_from_range
 *fill*         0x100005b2        0x2 
 .text.spin_locks_reset
                0x100005b4       0x20 CMakeFiles/wirelessgcc_project.dir/C_/Program_Files/Raspberry_Pi/Pico_SDK_v1.5.1/pico-sdk/src/rp2_common/hardware_sync/sync.c.obj
                0x100005b4                spin_locks_reset
 .text.next_striped_spin_lock_num
                0x100005d4       0x1c CMakeFiles/wirelessgcc_project.dir/C_/Program_Files/Raspberry_Pi/Pico_SDK_v1.5.1/pico-sdk/src/rp2_common/hardware_sync/sync.c.obj
                0x100005d4                next_striped_spin_lock_num
 .text.spin_lock_claim_unused
                0x100005f0       0x20 CMakeFiles/wirelessgcc_project.dir/C_/Program_Files/Raspberry_Pi/Pico_SDK_v1.5.1/pico-sdk/src/rp2_common/hardware_sync/sync.c.obj
                0x100005f0                spin_lock_claim_unused
 .text.set_raw_irq_handler_and_unlock
                0x10000610       0x28 CMakeFiles/wirelessgcc_project.dir/C_/Program_Files/Raspberry_Pi/Pico_SDK_v1.5.1/pico-sdk/src/rp2_common/hardware_irq/irq.c.obj
 .text.make_branch
                0x10000638       0x48 CMakeFiles/wirelessgcc_project.dir/C_/Program_Files/Raspberry_Pi/Pico_SDK_v1.5.1/pico-sdk/src/rp2_common/hardware_irq/irq.c.obj
 .text.insert_branch_and_link
                0x10000680       0x40 CMakeFiles/wirelessgcc_project.dir/C_/Program_Files/Raspberry_Pi/Pico_SDK_v1.5.1/pico-sdk/src/rp2_common/hardware_irq/irq.c.obj
 .text.irq_is_enabled
                0x100006c0       0x18 CMakeFiles/wirelessgcc_project.dir/C_/Program_Files/Raspberry_Pi/Pico_SDK_v1.5.1/pico-sdk/src/rp2_common/hardware_irq/irq.c.obj
                0x100006c0                irq_is_enabled
 .text.irq_set_mask_enabled
                0x100006d8       0x20 CMakeFiles/wirelessgcc_project.dir/C_/Program_Files/Raspberry_Pi/Pico_SDK_v1.5.1/pico-sdk/src/rp2_common/hardware_irq/irq.c.obj
                0x100006d8                irq_set_mask_enabled
 .text.irq_set_enabled
                0x100006f8        0xe CMakeFiles/wirelessgcc_project.dir/C_/Program_Files/Raspberry_Pi/Pico_SDK_v1.5.1/pico-sdk/src/rp2_common/hardware_irq/irq.c.obj
                0x100006f8                irq_set_enabled
 *fill*         0x10000706        0x2 
 .text.irq_set_pending
                0x10000708       0x10 CMakeFiles/wirelessgcc_project.dir/C_/Program_Files/Raspberry_Pi/Pico_SDK_v1.5.1/pico-sdk/src/rp2_common/hardware_irq/irq.c.obj
                0x10000708                irq_set_pending
 .text.irq_get_vtable_handler
                0x10000718       0x10 CMakeFiles/wirelessgcc_project.dir/C_/Program_Files/Raspberry_Pi/Pico_SDK_v1.5.1/pico-sdk/src/rp2_common/hardware_irq/irq.c.obj
                0x10000718                irq_get_vtable_handler
 .text.irq_has_shared_handler
                0x10000728       0x24 CMakeFiles/wirelessgcc_project.dir/C_/Program_Files/Raspberry_Pi/Pico_SDK_v1.5.1/pico-sdk/src/rp2_common/hardware_irq/irq.c.obj
                0x10000728                irq_has_shared_handler
 .text.irq_set_exclusive_handler
                0x1000074c       0x54 CMakeFiles/wirelessgcc_project.dir/C_/Program_Files/Raspberry_Pi/Pico_SDK_v1.5.1/pico-sdk/src/rp2_common/hardware_irq/irq.c.obj
                0x1000074c                irq_set_exclusive_handler
 .text.irq_add_shared_handler
                0x100007a0      0x234 CMakeFiles/wirelessgcc_project.dir/C_/Program_Files/Raspberry_Pi/Pico_SDK_v1.5.1/pico-sdk/src/rp2_common/hardware_irq/irq.c.obj
                0x100007a0                irq_add_shared_handler
 .text.irq_remove_handler
                0x100009d4      0x1ac CMakeFiles/wirelessgcc_project.dir/C_/Program_Files/Raspberry_Pi/Pico_SDK_v1.5.1/pico-sdk/src/rp2_common/hardware_irq/irq.c.obj
                0x100009d4                irq_remove_handler
 .text.irq_add_tail_to_free_list
                0x10000b80       0xf0 CMakeFiles/wirelessgcc_project.dir/C_/Program_Files/Raspberry_Pi/Pico_SDK_v1.5.1/pico-sdk/src/rp2_common/hardware_irq/irq.c.obj
                0x10000b80                irq_add_tail_to_free_list
 .text.irq_init_priorities
                0x10000c70       0x1c CMakeFiles/wirelessgcc_project.dir/C_/Program_Files/Raspberry_Pi/Pico_SDK_v1.5.1/pico-sdk/src/rp2_common/hardware_irq/irq.c.obj
                0x10000c70                irq_init_priorities
 .text.user_irq_claim_unused
                0x10000c8c       0x28 CMakeFiles/wirelessgcc_project.dir/C_/Program_Files/Raspberry_Pi/Pico_SDK_v1.5.1/pico-sdk/src/rp2_common/hardware_irq/irq.c.obj
                0x10000c8c                user_irq_claim_unused
 .text.lock_init
                0x10000cb4       0x10 CMakeFiles/wirelessgcc_project.dir/C_/Program_Files/Raspberry_Pi/Pico_SDK_v1.5.1/pico-sdk/src/common/pico_sync/lock_core.c.obj
                0x10000cb4                lock_init
 .text.mutex_init
                0x10000cc4       0x1a CMakeFiles/wirelessgcc_project.dir/C_/Program_Files/Raspberry_Pi/Pico_SDK_v1.5.1/pico-sdk/src/common/pico_sync/mutex.c.obj
                0x10000cc4                mutex_init
 .text.recursive_mutex_init
                0x10000cde       0x1e CMakeFiles/wirelessgcc_project.dir/C_/Program_Files/Raspberry_Pi/Pico_SDK_v1.5.1/pico-sdk/src/common/pico_sync/mutex.c.obj
                0x10000cde                recursive_mutex_init
 .text.critical_section_init_with_lock_num
                0x10000cfc       0x14 CMakeFiles/wirelessgcc_project.dir/C_/Program_Files/Raspberry_Pi/Pico_SDK_v1.5.1/pico-sdk/src/common/pico_sync/critical_section.c.obj
                0x10000cfc                critical_section_init_with_lock_num
 .text.critical_section_init
                0x10000d10       0x14 CMakeFiles/wirelessgcc_project.dir/C_/Program_Files/Raspberry_Pi/Pico_SDK_v1.5.1/pico-sdk/src/common/pico_sync/critical_section.c.obj
                0x10000d10                critical_section_init
 .text.alarm_pool_post_alloc_init
                0x10000d24       0x40 CMakeFiles/wirelessgcc_project.dir/C_/Program_Files/Raspberry_Pi/Pico_SDK_v1.5.1/pico-sdk/src/common/pico_time/time.c.obj
 .text.sleep_until_callback
                0x10000d64       0x30 CMakeFiles/wirelessgcc_project.dir/C_/Program_Files/Raspberry_Pi/Pico_SDK_v1.5.1/pico-sdk/src/common/pico_time/time.c.obj
 .text.timer_pool_entry_comparator
                0x10000d94       0x7c CMakeFiles/wirelessgcc_project.dir/C_/Program_Files/Raspberry_Pi/Pico_SDK_v1.5.1/pico-sdk/src/common/pico_time/time.c.obj
                0x10000d94                timer_pool_entry_comparator
 .text.ph_add_child_node
                0x10000e10       0xa4 CMakeFiles/wirelessgcc_project.dir/C_/Program_Files/Raspberry_Pi/Pico_SDK_v1.5.1/pico-sdk/src/common/pico_time/time.c.obj
 .text.ph_merge_nodes
                0x10000eb4       0x3e CMakeFiles/wirelessgcc_project.dir/C_/Program_Files/Raspberry_Pi/Pico_SDK_v1.5.1/pico-sdk/src/common/pico_time/time.c.obj
 *fill*         0x10000ef2        0x2 
 .text.add_alarm_under_lock
                0x10000ef4      0x174 CMakeFiles/wirelessgcc_project.dir/C_/Program_Files/Raspberry_Pi/Pico_SDK_v1.5.1/pico-sdk/src/common/pico_time/time.c.obj
 .text.alarm_pool_alarm_callback
                0x10001068      0x33c CMakeFiles/wirelessgcc_project.dir/C_/Program_Files/Raspberry_Pi/Pico_SDK_v1.5.1/pico-sdk/src/common/pico_time/time.c.obj
 .text.alarm_pool_init_default
                0x100013a4       0x40 CMakeFiles/wirelessgcc_project.dir/C_/Program_Files/Raspberry_Pi/Pico_SDK_v1.5.1/pico-sdk/src/common/pico_time/time.c.obj
                0x100013a4                alarm_pool_init_default
 .text.alarm_pool_get_default
                0x100013e4       0x2c CMakeFiles/wirelessgcc_project.dir/C_/Program_Files/Raspberry_Pi/Pico_SDK_v1.5.1/pico-sdk/src/common/pico_time/time.c.obj
                0x100013e4                alarm_pool_get_default
 .text.alarm_pool_add_alarm_at
                0x10001410      0x168 CMakeFiles/wirelessgcc_project.dir/C_/Program_Files/Raspberry_Pi/Pico_SDK_v1.5.1/pico-sdk/src/common/pico_time/time.c.obj
                0x10001410                alarm_pool_add_alarm_at
 .text.alarm_pool_cancel_alarm
                0x10001578       0xf8 CMakeFiles/wirelessgcc_project.dir/C_/Program_Files/Raspberry_Pi/Pico_SDK_v1.5.1/pico-sdk/src/common/pico_time/time.c.obj
                0x10001578                alarm_pool_cancel_alarm
 .text.alarm_pool_core_num
                0x10001670        0x4 CMakeFiles/wirelessgcc_project.dir/C_/Program_Files/Raspberry_Pi/Pico_SDK_v1.5.1/pico-sdk/src/common/pico_time/time.c.obj
                0x10001670                alarm_pool_core_num
 .text.best_effort_wfe_or_timeout
                0x10001674       0xac CMakeFiles/wirelessgcc_project.dir/C_/Program_Files/Raspberry_Pi/Pico_SDK_v1.5.1/pico-sdk/src/common/pico_time/time.c.obj
                0x10001674                best_effort_wfe_or_timeout
 .text.hardware_alarm_irq_handler
                0x10001720       0x90 CMakeFiles/wirelessgcc_project.dir/C_/Program_Files/Raspberry_Pi/Pico_SDK_v1.5.1/pico-sdk/src/rp2_common/hardware_timer/timer.c.obj
 .text.hardware_alarm_claim
                0x100017b0       0x18 CMakeFiles/wirelessgcc_project.dir/C_/Program_Files/Raspberry_Pi/Pico_SDK_v1.5.1/pico-sdk/src/rp2_common/hardware_timer/timer.c.obj
                0x100017b0                hardware_alarm_claim
 .text.time_us_64
                0x100017c8       0x18 CMakeFiles/wirelessgcc_project.dir/C_/Program_Files/Raspberry_Pi/Pico_SDK_v1.5.1/pico-sdk/src/rp2_common/hardware_timer/timer.c.obj
                0x100017c8                time_us_64
 .text.busy_wait_until
                0x100017e0       0x28 CMakeFiles/wirelessgcc_project.dir/C_/Program_Files/Raspberry_Pi/Pico_SDK_v1.5.1/pico-sdk/src/rp2_common/hardware_timer/timer.c.obj
                0x100017e0                busy_wait_until
 .text.busy_wait_us
                0x10001808       0x48 CMakeFiles/wirelessgcc_project.dir/C_/Program_Files/Raspberry_Pi/Pico_SDK_v1.5.1/pico-sdk/src/rp2_common/hardware_timer/timer.c.obj
                0x10001808                busy_wait_us
 .text.hardware_alarm_set_callback
                0x10001850       0x90 CMakeFiles/wirelessgcc_project.dir/C_/Program_Files/Raspberry_Pi/Pico_SDK_v1.5.1/pico-sdk/src/rp2_common/hardware_timer/timer.c.obj
                0x10001850                hardware_alarm_set_callback
 .text.hardware_alarm_set_target
                0x100018e0       0xe8 CMakeFiles/wirelessgcc_project.dir/C_/Program_Files/Raspberry_Pi/Pico_SDK_v1.5.1/pico-sdk/src/rp2_common/hardware_timer/timer.c.obj
                0x100018e0                hardware_alarm_set_target
 .text.hardware_alarm_cancel
                0x100019c8       0x40 CMakeFiles/wirelessgcc_project.dir/C_/Program_Files/Raspberry_Pi/Pico_SDK_v1.5.1/pico-sdk/src/rp2_common/hardware_timer/timer.c.obj
                0x100019c8                hardware_alarm_cancel
 .text.ph_add_child_node
                0x10001a08       0xa4 CMakeFiles/wirelessgcc_project.dir/C_/Program_Files/Raspberry_Pi/Pico_SDK_v1.5.1/pico-sdk/src/common/pico_util/pheap.c.obj
 .text.ph_merge_nodes
                0x10001aac       0x3e CMakeFiles/wirelessgcc_project.dir/C_/Program_Files/Raspberry_Pi/Pico_SDK_v1.5.1/pico-sdk/src/common/pico_util/pheap.c.obj
 *fill*         0x10001aea        0x2 
 .text.ph_clear
                0x10001aec       0x70 CMakeFiles/wirelessgcc_project.dir/C_/Program_Files/Raspberry_Pi/Pico_SDK_v1.5.1/pico-sdk/src/common/pico_util/pheap.c.obj
                0x10001aec                ph_clear
 .text.ph_post_alloc_init
                0x10001b5c        0xe CMakeFiles/wirelessgcc_project.dir/C_/Program_Files/Raspberry_Pi/Pico_SDK_v1.5.1/pico-sdk/src/common/pico_util/pheap.c.obj
                0x10001b5c                ph_post_alloc_init
 *fill*         0x10001b6a        0x2 
 .text.ph_merge_two_pass
                0x10001b6c       0xa8 CMakeFiles/wirelessgcc_project.dir/C_/Program_Files/Raspberry_Pi/Pico_SDK_v1.5.1/pico-sdk/src/common/pico_util/pheap.c.obj
                0x10001b6c                ph_merge_two_pass
 .text.ph_remove_any_head
                0x10001c14      0x128 CMakeFiles/wirelessgcc_project.dir/C_/Program_Files/Raspberry_Pi/Pico_SDK_v1.5.1/pico-sdk/src/common/pico_util/pheap.c.obj
 .text.ph_remove_head
                0x10001d3c       0x14 CMakeFiles/wirelessgcc_project.dir/C_/Program_Files/Raspberry_Pi/Pico_SDK_v1.5.1/pico-sdk/src/common/pico_util/pheap.c.obj
                0x10001d3c                ph_remove_head
 .text.ph_remove_and_free_node
                0x10001d50       0xf8 CMakeFiles/wirelessgcc_project.dir/C_/Program_Files/Raspberry_Pi/Pico_SDK_v1.5.1/pico-sdk/src/common/pico_util/pheap.c.obj
                0x10001d50                ph_remove_and_free_node
 .text.uart_disable_before_lcr_write
                0x10001e48       0x48 CMakeFiles/wirelessgcc_project.dir/C_/Program_Files/Raspberry_Pi/Pico_SDK_v1.5.1/pico-sdk/src/rp2_common/hardware_uart/uart.c.obj
 .text.uart_write_lcr_bits_masked
                0x10001e90       0x22 CMakeFiles/wirelessgcc_project.dir/C_/Program_Files/Raspberry_Pi/Pico_SDK_v1.5.1/pico-sdk/src/rp2_common/hardware_uart/uart.c.obj
 *fill*         0x10001eb2        0x2 
 .text.uart_set_baudrate
                0x10001eb4       0x5c CMakeFiles/wirelessgcc_project.dir/C_/Program_Files/Raspberry_Pi/Pico_SDK_v1.5.1/pico-sdk/src/rp2_common/hardware_uart/uart.c.obj
                0x10001eb4                uart_set_baudrate
 .text.uart_set_format
                0x10001f10       0x2c CMakeFiles/wirelessgcc_project.dir/C_/Program_Files/Raspberry_Pi/Pico_SDK_v1.5.1/pico-sdk/src/rp2_common/hardware_uart/uart.c.obj
                0x10001f10                uart_set_format
 .text.uart_set_translate_crlf
                0x10001f3c       0x28 CMakeFiles/wirelessgcc_project.dir/C_/Program_Files/Raspberry_Pi/Pico_SDK_v1.5.1/pico-sdk/src/rp2_common/hardware_uart/uart.c.obj
                0x10001f3c                uart_set_translate_crlf
 .text.uart_init
                0x10001f64       0x80 CMakeFiles/wirelessgcc_project.dir/C_/Program_Files/Raspberry_Pi/Pico_SDK_v1.5.1/pico-sdk/src/rp2_common/hardware_uart/uart.c.obj
                0x10001f64                uart_init
 .text.clock_configure
                0x10001fe4      0x108 CMakeFiles/wirelessgcc_project.dir/C_/Program_Files/Raspberry_Pi/Pico_SDK_v1.5.1/pico-sdk/src/rp2_common/hardware_clocks/clocks.c.obj
                0x10001fe4                clock_configure
 .text.clocks_init
                0x100020ec      0x100 CMakeFiles/wirelessgcc_project.dir/C_/Program_Files/Raspberry_Pi/Pico_SDK_v1.5.1/pico-sdk/src/rp2_common/hardware_clocks/clocks.c.obj
                0x100020ec                clocks_init
 .text.clock_get_hz
                0x100021ec        0xc CMakeFiles/wirelessgcc_project.dir/C_/Program_Files/Raspberry_Pi/Pico_SDK_v1.5.1/pico-sdk/src/rp2_common/hardware_clocks/clocks.c.obj
                0x100021ec                clock_get_hz
 .text.pll_init
                0x100021f8      0x120 CMakeFiles/wirelessgcc_project.dir/C_/Program_Files/Raspberry_Pi/Pico_SDK_v1.5.1/pico-sdk/src/rp2_common/hardware_pll/pll.c.obj
                0x100021f8                pll_init
 .text.watchdog_start_tick
                0x10002318       0x10 CMakeFiles/wirelessgcc_project.dir/C_/Program_Files/Raspberry_Pi/Pico_SDK_v1.5.1/pico-sdk/src/rp2_common/hardware_watchdog/watchdog.c.obj
                0x10002318                watchdog_start_tick
 .text.watchdog_update
                0x10002328       0x14 CMakeFiles/wirelessgcc_project.dir/C_/Program_Files/Raspberry_Pi/Pico_SDK_v1.5.1/pico-sdk/src/rp2_common/hardware_watchdog/watchdog.c.obj
                0x10002328                watchdog_update
 .text._watchdog_enable
                0x1000233c       0x78 CMakeFiles/wirelessgcc_project.dir/C_/Program_Files/Raspberry_Pi/Pico_SDK_v1.5.1/pico-sdk/src/rp2_common/hardware_watchdog/watchdog.c.obj
                0x1000233c                _watchdog_enable
 .text.watchdog_reboot
                0x100023b4       0x48 CMakeFiles/wirelessgcc_project.dir/C_/Program_Files/Raspberry_Pi/Pico_SDK_v1.5.1/pico-sdk/src/rp2_common/hardware_watchdog/watchdog.c.obj
                0x100023b4                watchdog_reboot
 .text.xosc_init
                0x100023fc       0x28 CMakeFiles/wirelessgcc_project.dir/C_/Program_Files/Raspberry_Pi/Pico_SDK_v1.5.1/pico-sdk/src/rp2_common/hardware_xosc/xosc.c.obj
                0x100023fc                xosc_init
 .text._exit    0x10002424        0x4 CMakeFiles/wirelessgcc_project.dir/C_/Program_Files/Raspberry_Pi/Pico_SDK_v1.5.1/pico-sdk/src/rp2_common/pico_runtime/runtime.c.obj
                0x10002424                _exit
 .text.exit     0x10002428        0x6 CMakeFiles/wirelessgcc_project.dir/C_/Program_Files/Raspberry_Pi/Pico_SDK_v1.5.1/pico-sdk/src/rp2_common/pico_runtime/runtime.c.obj
                0x10002428                exit
 *fill*         0x1000242e        0x2 
 .text.__assert_func
                0x10002430       0x3c CMakeFiles/wirelessgcc_project.dir/C_/Program_Files/Raspberry_Pi/Pico_SDK_v1.5.1/pico-sdk/src/rp2_common/pico_runtime/runtime.c.obj
                0x10002430                __assert_func
 .text.runtime_init
                0x1000246c       0xf8 CMakeFiles/wirelessgcc_project.dir/C_/Program_Files/Raspberry_Pi/Pico_SDK_v1.5.1/pico-sdk/src/rp2_common/pico_runtime/runtime.c.obj
                0x1000246c                runtime_init
 .text.panic    0x10002564       0x30 CMakeFiles/wirelessgcc_project.dir/C_/Program_Files/Raspberry_Pi/Pico_SDK_v1.5.1/pico-sdk/src/rp2_common/pico_runtime/runtime.c.obj
                0x10002564                panic
 .text._out_null
                0x10002594        0x2 CMakeFiles/wirelessgcc_project.dir/C_/Program_Files/Raspberry_Pi/Pico_SDK_v1.5.1/pico-sdk/src/rp2_common/pico_printf/printf.c.obj
 .text._out_fct
                0x10002596        0xe CMakeFiles/wirelessgcc_project.dir/C_/Program_Files/Raspberry_Pi/Pico_SDK_v1.5.1/pico-sdk/src/rp2_common/pico_printf/printf.c.obj
 .text._atoi    0x100025a4       0x24 CMakeFiles/wirelessgcc_project.dir/C_/Program_Files/Raspberry_Pi/Pico_SDK_v1.5.1/pico-sdk/src/rp2_common/pico_printf/printf.c.obj
 .text._out_rev
                0x100025c8       0xae CMakeFiles/wirelessgcc_project.dir/C_/Program_Files/Raspberry_Pi/Pico_SDK_v1.5.1/pico-sdk/src/rp2_common/pico_printf/printf.c.obj
 .text._ntoa_format
                0x10002676      0x112 CMakeFiles/wirelessgcc_project.dir/C_/Program_Files/Raspberry_Pi/Pico_SDK_v1.5.1/pico-sdk/src/rp2_common/pico_printf/printf.c.obj
 .text._ntoa_long
                0x10002788       0xbc CMakeFiles/wirelessgcc_project.dir/C_/Program_Files/Raspberry_Pi/Pico_SDK_v1.5.1/pico-sdk/src/rp2_common/pico_printf/printf.c.obj
 .text._ntoa_long_long
                0x10002844       0xe2 CMakeFiles/wirelessgcc_project.dir/C_/Program_Files/Raspberry_Pi/Pico_SDK_v1.5.1/pico-sdk/src/rp2_common/pico_printf/printf.c.obj
 *fill*         0x10002926        0x2 
 .text._etoa    0x10002928      0x414 CMakeFiles/wirelessgcc_project.dir/C_/Program_Files/Raspberry_Pi/Pico_SDK_v1.5.1/pico-sdk/src/rp2_common/pico_printf/printf.c.obj
 .text._ftoa    0x10002d3c      0x354 CMakeFiles/wirelessgcc_project.dir/C_/Program_Files/Raspberry_Pi/Pico_SDK_v1.5.1/pico-sdk/src/rp2_common/pico_printf/printf.c.obj
 .text._vsnprintf
                0x10003090      0x624 CMakeFiles/wirelessgcc_project.dir/C_/Program_Files/Raspberry_Pi/Pico_SDK_v1.5.1/pico-sdk/src/rp2_common/pico_printf/printf.c.obj
 .text.vfctprintf
                0x100036b4       0x20 CMakeFiles/wirelessgcc_project.dir/C_/Program_Files/Raspberry_Pi/Pico_SDK_v1.5.1/pico-sdk/src/rp2_common/pico_printf/printf.c.obj
                0x100036b4                vfctprintf
 .text          0x100036d4       0x10 CMakeFiles/wirelessgcc_project.dir/C_/Program_Files/Raspberry_Pi/Pico_SDK_v1.5.1/pico-sdk/src/rp2_common/pico_bit_ops/bit_ops_aeabi.S.obj
 .text.rom_func_lookup
                0x100036e4       0x10 CMakeFiles/wirelessgcc_project.dir/C_/Program_Files/Raspberry_Pi/Pico_SDK_v1.5.1/pico-sdk/src/rp2_common/pico_bootrom/bootrom.c.obj
                0x100036e4                rom_func_lookup
 .text.rom_data_lookup
                0x100036f4       0x10 CMakeFiles/wirelessgcc_project.dir/C_/Program_Files/Raspberry_Pi/Pico_SDK_v1.5.1/pico-sdk/src/rp2_common/pico_bootrom/bootrom.c.obj
                0x100036f4                rom_data_lookup
 .text.rom_funcs_lookup
                0x10003704       0x36 CMakeFiles/wirelessgcc_project.dir/C_/Program_Files/Raspberry_Pi/Pico_SDK_v1.5.1/pico-sdk/src/rp2_common/pico_bootrom/bootrom.c.obj
                0x10003704                rom_funcs_lookup
 *fill*         0x1000373a        0x2 
 .text.__wrap___aeabi_idiv
                0x1000373c       0x50 CMakeFiles/wirelessgcc_project.dir/C_/Program_Files/Raspberry_Pi/Pico_SDK_v1.5.1/pico-sdk/src/rp2_common/pico_divider/divider.S.obj
                0x1000373c                __wrap___aeabi_idivmod
                0x1000373c                divmod_s32s32
                0x1000373c                div_s32s32
                0x1000373c                __wrap___aeabi_idiv
                0x10003744                divmod_s32s32_unsafe
                0x10003770                divmod_s32s32_savestate
 .text.__wrap___aeabi_uidiv
                0x1000378c       0x4c CMakeFiles/wirelessgcc_project.dir/C_/Program_Files/Raspberry_Pi/Pico_SDK_v1.5.1/pico-sdk/src/rp2_common/pico_divider/divider.S.obj
                0x1000378c                __wrap___aeabi_uidiv
                0x1000378c                __wrap___aeabi_uidivmod
                0x1000378c                div_u32u32
                0x1000378c                divmod_u32u32
                0x10003794                divmod_u32u32_unsafe
                0x100037bc                divmod_u32u32_savestate
 .text.__wrap___aeabi_ldiv
                0x100037d8      0x424 CMakeFiles/wirelessgcc_project.dir/C_/Program_Files/Raspberry_Pi/Pico_SDK_v1.5.1/pico-sdk/src/rp2_common/pico_divider/divider.S.obj
                0x100037d8                div_s64s64
                0x100037d8                divmod_s64s64
                0x100037d8                __wrap___aeabi_ldivmod
                0x10003808                divmod_u64u64
                0x10003808                div_u64u64
                0x10003808                __wrap___aeabi_uldivmod
                0x10003818                divmod_u64u64_savestate
                0x10003838                divmod_s64s64_unsafe
                0x100038c0                divmod_u64u64_unsafe
 .text.__wrap___aeabi_darithmetic
                0x10003bfc       0x80 CMakeFiles/wirelessgcc_project.dir/C_/Program_Files/Raspberry_Pi/Pico_SDK_v1.5.1/pico-sdk/src/rp2_common/pico_double/double_aeabi.S.obj
                0x10003bfc                __wrap___aeabi_drsub
                0x10003c02                __wrap___aeabi_dsub
                0x10003c14                __wrap___aeabi_dadd
                0x10003c26                __wrap___aeabi_ddiv
                0x10003c62                __wrap___aeabi_dmul
 .text.__wrap___aeabi_cdcmple
                0x10003c7c       0x6c CMakeFiles/wirelessgcc_project.dir/C_/Program_Files/Raspberry_Pi/Pico_SDK_v1.5.1/pico-sdk/src/rp2_common/pico_double/double_aeabi.S.obj
                0x10003c7c                __wrap___aeabi_cdrcmple
                0x10003c8c                __wrap___aeabi_cdcmpeq
                0x10003c8c                __wrap___aeabi_cdcmple
 .text.__wrap___aeabi_dcmplt
                0x10003ce8        0xc CMakeFiles/wirelessgcc_project.dir/C_/Program_Files/Raspberry_Pi/Pico_SDK_v1.5.1/pico-sdk/src/rp2_common/pico_double/double_aeabi.S.obj
                0x10003ce8                __wrap___aeabi_dcmplt
 .text.__wrap___aeabi_dcmple
                0x10003cf4       0x10 CMakeFiles/wirelessgcc_project.dir/C_/Program_Files/Raspberry_Pi/Pico_SDK_v1.5.1/pico-sdk/src/rp2_common/pico_double/double_aeabi.S.obj
                0x10003cf4                __wrap___aeabi_dcmple
 .text.__wrap___aeabi_dcmpge
                0x10003d04       0x10 CMakeFiles/wirelessgcc_project.dir/C_/Program_Files/Raspberry_Pi/Pico_SDK_v1.5.1/pico-sdk/src/rp2_common/pico_double/double_aeabi.S.obj
                0x10003d04                __wrap___aeabi_dcmpge
 .text.__wrap___aeabi_dcmpgt
                0x10003d14        0xa CMakeFiles/wirelessgcc_project.dir/C_/Program_Files/Raspberry_Pi/Pico_SDK_v1.5.1/pico-sdk/src/rp2_common/pico_double/double_aeabi.S.obj
                0x10003d14                __wrap___aeabi_dcmpgt
 .text.__wrap___aeabi_dcmpun
                0x10003d1e       0x1c CMakeFiles/wirelessgcc_project.dir/C_/Program_Files/Raspberry_Pi/Pico_SDK_v1.5.1/pico-sdk/src/rp2_common/pico_double/double_aeabi.S.obj
                0x10003d1e                __wrap___aeabi_dcmpun
 *fill*         0x10003d3a        0x2 
 .text.__wrap___aeabi_i2d
                0x10003d3c       0x38 CMakeFiles/wirelessgcc_project.dir/C_/Program_Files/Raspberry_Pi/Pico_SDK_v1.5.1/pico-sdk/src/rp2_common/pico_double/double_aeabi.S.obj
                0x10003d3c                __wrap___aeabi_ui2d
                0x10003d44                __wrap___aeabi_i2d
 .text.__wrap___aeabi_d2iz
                0x10003d74       0x48 CMakeFiles/wirelessgcc_project.dir/C_/Program_Files/Raspberry_Pi/Pico_SDK_v1.5.1/pico-sdk/src/rp2_common/pico_double/double_aeabi.S.obj
                0x10003d74                double2int_z
                0x10003d74                __wrap___aeabi_d2iz
 .text.__wrap___aeabi_d2uiz
                0x10003dbc       0x18 CMakeFiles/wirelessgcc_project.dir/C_/Program_Files/Raspberry_Pi/Pico_SDK_v1.5.1/pico-sdk/src/rp2_common/pico_double/double_aeabi.S.obj
                0x10003dbc                __wrap___aeabi_d2uiz
                0x10003dbc                double2uint
 .text.__aeabi_double_init
                0x10003dd4       0xc8 CMakeFiles/wirelessgcc_project.dir/C_/Program_Files/Raspberry_Pi/Pico_SDK_v1.5.1/pico-sdk/src/rp2_common/pico_double/double_init_rom.c.obj
                0x10003dd4                __aeabi_double_init
 .text.double_table_shim_on_use_helper
                0x10003e9c       0x34 CMakeFiles/wirelessgcc_project.dir/C_/Program_Files/Raspberry_Pi/Pico_SDK_v1.5.1/pico-sdk/src/rp2_common/pico_double/double_v1_rom_shim.S.obj
                0x10003e9c                double_table_shim_on_use_helper
 .text.__wrap___aeabi_dsub
                0x10003ed0       0x10 CMakeFiles/wirelessgcc_project.dir/C_/Program_Files/Raspberry_Pi/Pico_SDK_v1.5.1/pico-sdk/src/rp2_common/pico_double/double_v1_rom_shim.S.obj
                0x10003ed0                drsub_shim
                0x10003ed6                dsub_shim
 .text.dadd_shim
                0x10003ee0      0x15c CMakeFiles/wirelessgcc_project.dir/C_/Program_Files/Raspberry_Pi/Pico_SDK_v1.5.1/pico-sdk/src/rp2_common/pico_double/double_v1_rom_shim.S.obj
                0x10003ee0                dadd_shim
 .text.dmul_shim
                0x1000403c      0x15c CMakeFiles/wirelessgcc_project.dir/C_/Program_Files/Raspberry_Pi/Pico_SDK_v1.5.1/pico-sdk/src/rp2_common/pico_double/double_v1_rom_shim.S.obj
                0x1000403c                dmul_shim
 .text.ddiv_shim
                0x10004198      0x1b0 CMakeFiles/wirelessgcc_project.dir/C_/Program_Files/Raspberry_Pi/Pico_SDK_v1.5.1/pico-sdk/src/rp2_common/pico_double/double_v1_rom_shim.S.obj
                0x10004198                ddiv_shim
 .text.double2uint_shim
                0x10004348        0xe CMakeFiles/wirelessgcc_project.dir/C_/Program_Files/Raspberry_Pi/Pico_SDK_v1.5.1/pico-sdk/src/rp2_common/pico_double/double_v1_rom_shim.S.obj
                0x10004348                double2uint_shim
                0x1000434a                double2ufix_shim
 *fill*         0x10004356        0x2 
 .text.double2uint64_shim
                0x10004358       0x70 CMakeFiles/wirelessgcc_project.dir/C_/Program_Files/Raspberry_Pi/Pico_SDK_v1.5.1/pico-sdk/src/rp2_common/pico_double/double_v1_rom_shim.S.obj
                0x10004358                double2uint64_shim
                0x1000435a                double2ufix64_shim
                0x1000437a                d2fix_a
 .text.dunpacks
                0x100043c8       0x3c CMakeFiles/wirelessgcc_project.dir/C_/Program_Files/Raspberry_Pi/Pico_SDK_v1.5.1/pico-sdk/src/rp2_common/pico_double/double_v1_rom_shim.S.obj
                0x100043c8                dunpacks
 .text.__aeabi_lmul
                0x10004404       0x32 CMakeFiles/wirelessgcc_project.dir/C_/Program_Files/Raspberry_Pi/Pico_SDK_v1.5.1/pico-sdk/src/rp2_common/pico_int64_ops/pico_int64_ops_aeabi.S.obj
                0x10004404                __wrap___aeabi_lmul
 *fill*         0x10004436        0x2 
 .text.__aeabi_float_init
                0x10004438       0xfc CMakeFiles/wirelessgcc_project.dir/C_/Program_Files/Raspberry_Pi/Pico_SDK_v1.5.1/pico-sdk/src/rp2_common/pico_float/float_init_rom.c.obj
                0x10004438                __aeabi_float_init
 .text.float_table_shim_on_use_helper
                0x10004534       0x34 CMakeFiles/wirelessgcc_project.dir/C_/Program_Files/Raspberry_Pi/Pico_SDK_v1.5.1/pico-sdk/src/rp2_common/pico_float/float_v1_rom_shim.S.obj
                0x10004534                float_table_shim_on_use_helper
 .text          0x10004568       0x10 CMakeFiles/wirelessgcc_project.dir/C_/Program_Files/Raspberry_Pi/Pico_SDK_v1.5.1/pico-sdk/src/rp2_common/pico_mem_ops/mem_ops_aeabi.S.obj
                0x10004568                __aeabi_mem_init
 .text.memset   0x10004578        0xc CMakeFiles/wirelessgcc_project.dir/C_/Program_Files/Raspberry_Pi/Pico_SDK_v1.5.1/pico-sdk/src/rp2_common/pico_mem_ops/mem_ops_aeabi.S.obj
                0x10004578                __wrap_memset
 .text.memcpy   0x10004584        0xc CMakeFiles/wirelessgcc_project.dir/C_/Program_Files/Raspberry_Pi/Pico_SDK_v1.5.1/pico-sdk/src/rp2_common/pico_mem_ops/mem_ops_aeabi.S.obj
                0x10004584                __wrap_memcpy
                0x10004584                __wrap___aeabi_memcpy
 .text.stdio_out_chars_no_crlf
                0x10004590        0xe CMakeFiles/wirelessgcc_project.dir/C_/Program_Files/Raspberry_Pi/Pico_SDK_v1.5.1/pico-sdk/src/rp2_common/pico_stdio/stdio.c.obj
 *fill*         0x1000459e        0x2 
 .text.stdio_out_chars_crlf
                0x100045a0       0x80 CMakeFiles/wirelessgcc_project.dir/C_/Program_Files/Raspberry_Pi/Pico_SDK_v1.5.1/pico-sdk/src/rp2_common/pico_stdio/stdio.c.obj
 .text.stdio_stack_buffer_flush
                0x10004620       0x44 CMakeFiles/wirelessgcc_project.dir/C_/Program_Files/Raspberry_Pi/Pico_SDK_v1.5.1/pico-sdk/src/rp2_common/pico_stdio/stdio.c.obj
 .text.stdio_buffered_printer
                0x10004664       0x20 CMakeFiles/wirelessgcc_project.dir/C_/Program_Files/Raspberry_Pi/Pico_SDK_v1.5.1/pico-sdk/src/rp2_common/pico_stdio/stdio.c.obj
 .text.stdout_serialize_begin
                0x10004684       0x5c CMakeFiles/wirelessgcc_project.dir/C_/Program_Files/Raspberry_Pi/Pico_SDK_v1.5.1/pico-sdk/src/rp2_common/pico_stdio/stdio.c.obj
                0x10004684                stdout_serialize_begin
 .text.stdout_serialize_end
                0x100046e0       0x10 CMakeFiles/wirelessgcc_project.dir/C_/Program_Files/Raspberry_Pi/Pico_SDK_v1.5.1/pico-sdk/src/rp2_common/pico_stdio/stdio.c.obj
                0x100046e0                stdout_serialize_end
 .text.stdio_put_string
                0x100046f0       0x98 CMakeFiles/wirelessgcc_project.dir/C_/Program_Files/Raspberry_Pi/Pico_SDK_v1.5.1/pico-sdk/src/rp2_common/pico_stdio/stdio.c.obj
 .text.stdio_set_driver_enabled
                0x10004788       0x2c CMakeFiles/wirelessgcc_project.dir/C_/Program_Files/Raspberry_Pi/Pico_SDK_v1.5.1/pico-sdk/src/rp2_common/pico_stdio/stdio.c.obj
                0x10004788                stdio_set_driver_enabled
 .text.stdio_flush
                0x100047b4       0x20 CMakeFiles/wirelessgcc_project.dir/C_/Program_Files/Raspberry_Pi/Pico_SDK_v1.5.1/pico-sdk/src/rp2_common/pico_stdio/stdio.c.obj
                0x100047b4                stdio_flush
 .text.__wrap_puts
                0x100047d4       0x1e CMakeFiles/wirelessgcc_project.dir/C_/Program_Files/Raspberry_Pi/Pico_SDK_v1.5.1/pico-sdk/src/rp2_common/pico_stdio/stdio.c.obj
                0x100047d4                __wrap_puts
 *fill*         0x100047f2        0x2 
 .text.__wrap_vprintf
                0x100047f4       0x40 CMakeFiles/wirelessgcc_project.dir/C_/Program_Files/Raspberry_Pi/Pico_SDK_v1.5.1/pico-sdk/src/rp2_common/pico_stdio/stdio.c.obj
                0x100047f4                __wrap_vprintf
 .text.__wrap_printf
                0x10004834       0x18 CMakeFiles/wirelessgcc_project.dir/C_/Program_Files/Raspberry_Pi/Pico_SDK_v1.5.1/pico-sdk/src/rp2_common/pico_stdio/stdio.c.obj
                0x10004834                __wrap_printf
 .text.stdio_init_all
                0x1000484c        0xe CMakeFiles/wirelessgcc_project.dir/C_/Program_Files/Raspberry_Pi/Pico_SDK_v1.5.1/pico-sdk/src/rp2_common/pico_stdio/stdio.c.obj
                0x1000484c                stdio_init_all
 *fill*         0x1000485a        0x2 
 .text.stdio_uart_out_chars
                0x1000485c       0x74 CMakeFiles/wirelessgcc_project.dir/C_/Program_Files/Raspberry_Pi/Pico_SDK_v1.5.1/pico-sdk/src/rp2_common/pico_stdio_uart/stdio_uart.c.obj
 .text.stdio_uart_in_chars
                0x100048d0       0x80 CMakeFiles/wirelessgcc_project.dir/C_/Program_Files/Raspberry_Pi/Pico_SDK_v1.5.1/pico-sdk/src/rp2_common/pico_stdio_uart/stdio_uart.c.obj
                0x100048d0                stdio_uart_in_chars
 .text.on_uart_rx
                0x10004950       0x28 CMakeFiles/wirelessgcc_project.dir/C_/Program_Files/Raspberry_Pi/Pico_SDK_v1.5.1/pico-sdk/src/rp2_common/pico_stdio_uart/stdio_uart.c.obj
 .text.stdio_uart_set_chars_available_callback
                0x10004978       0x8c CMakeFiles/wirelessgcc_project.dir/C_/Program_Files/Raspberry_Pi/Pico_SDK_v1.5.1/pico-sdk/src/rp2_common/pico_stdio_uart/stdio_uart.c.obj
 .text.stdio_uart_init_full
                0x10004a04       0x44 CMakeFiles/wirelessgcc_project.dir/C_/Program_Files/Raspberry_Pi/Pico_SDK_v1.5.1/pico-sdk/src/rp2_common/pico_stdio_uart/stdio_uart.c.obj
                0x10004a04                stdio_uart_init_full
 .text.stdio_uart_init
                0x10004a48       0x28 CMakeFiles/wirelessgcc_project.dir/C_/Program_Files/Raspberry_Pi/Pico_SDK_v1.5.1/pico-sdk/src/rp2_common/pico_stdio_uart/stdio_uart.c.obj
                0x10004a48                stdio_uart_init
 .text.resetd_init
                0x10004a70        0x2 CMakeFiles/wirelessgcc_project.dir/C_/Program_Files/Raspberry_Pi/Pico_SDK_v1.5.1/pico-sdk/src/rp2_common/pico_stdio_usb/reset_interface.c.obj
 *fill*         0x10004a72        0x2 
 .text.resetd_reset
                0x10004a74        0xc CMakeFiles/wirelessgcc_project.dir/C_/Program_Files/Raspberry_Pi/Pico_SDK_v1.5.1/pico-sdk/src/rp2_common/pico_stdio_usb/reset_interface.c.obj
 .text.resetd_open
                0x10004a80       0x34 CMakeFiles/wirelessgcc_project.dir/C_/Program_Files/Raspberry_Pi/Pico_SDK_v1.5.1/pico-sdk/src/rp2_common/pico_stdio_usb/reset_interface.c.obj
 .text.resetd_xfer_cb
                0x10004ab4        0x4 CMakeFiles/wirelessgcc_project.dir/C_/Program_Files/Raspberry_Pi/Pico_SDK_v1.5.1/pico-sdk/src/rp2_common/pico_stdio_usb/reset_interface.c.obj
 .text.reset_usb_boot
                0x10004ab8       0x18 CMakeFiles/wirelessgcc_project.dir/C_/Program_Files/Raspberry_Pi/Pico_SDK_v1.5.1/pico-sdk/src/rp2_common/pico_stdio_usb/reset_interface.c.obj
 .text.resetd_control_xfer_cb
                0x10004ad0       0x5c CMakeFiles/wirelessgcc_project.dir/C_/Program_Files/Raspberry_Pi/Pico_SDK_v1.5.1/pico-sdk/src/rp2_common/pico_stdio_usb/reset_interface.c.obj
 .text.usbd_app_driver_get_cb
                0x10004b2c        0xc CMakeFiles/wirelessgcc_project.dir/C_/Program_Files/Raspberry_Pi/Pico_SDK_v1.5.1/pico-sdk/src/rp2_common/pico_stdio_usb/reset_interface.c.obj
                0x10004b2c                usbd_app_driver_get_cb
 .text.tud_cdc_line_coding_cb
                0x10004b38       0x28 CMakeFiles/wirelessgcc_project.dir/C_/Program_Files/Raspberry_Pi/Pico_SDK_v1.5.1/pico-sdk/src/rp2_common/pico_stdio_usb/reset_interface.c.obj
                0x10004b38                tud_cdc_line_coding_cb
 .text.stdio_usb_set_chars_available_callback
                0x10004b60       0x14 CMakeFiles/wirelessgcc_project.dir/C_/Program_Files/Raspberry_Pi/Pico_SDK_v1.5.1/pico-sdk/src/rp2_common/pico_stdio_usb/stdio_usb.c.obj
                0x10004b60                stdio_usb_set_chars_available_callback
 .text.usb_irq  0x10004b74       0x10 CMakeFiles/wirelessgcc_project.dir/C_/Program_Files/Raspberry_Pi/Pico_SDK_v1.5.1/pico-sdk/src/rp2_common/pico_stdio_usb/stdio_usb.c.obj
 .text.timer_task
                0x10004b84       0x5c CMakeFiles/wirelessgcc_project.dir/C_/Program_Files/Raspberry_Pi/Pico_SDK_v1.5.1/pico-sdk/src/rp2_common/pico_stdio_usb/stdio_usb.c.obj
 .text.low_priority_worker_irq
                0x10004be0       0xdc CMakeFiles/wirelessgcc_project.dir/C_/Program_Files/Raspberry_Pi/Pico_SDK_v1.5.1/pico-sdk/src/rp2_common/pico_stdio_usb/stdio_usb.c.obj
 .text.tud_cdc_rx_cb
                0x10004cbc       0x20 CMakeFiles/wirelessgcc_project.dir/C_/Program_Files/Raspberry_Pi/Pico_SDK_v1.5.1/pico-sdk/src/rp2_common/pico_stdio_usb/stdio_usb.c.obj
                0x10004cbc                tud_cdc_rx_cb
 .text.stdio_usb_init
                0x10004cdc      0x11c CMakeFiles/wirelessgcc_project.dir/C_/Program_Files/Raspberry_Pi/Pico_SDK_v1.5.1/pico-sdk/src/rp2_common/pico_stdio_usb/stdio_usb.c.obj
                0x10004cdc                stdio_usb_init
 .text.stdio_usb_connected
                0x10004df8        0xa CMakeFiles/wirelessgcc_project.dir/C_/Program_Files/Raspberry_Pi/Pico_SDK_v1.5.1/pico-sdk/src/rp2_common/pico_stdio_usb/stdio_usb.c.obj
                0x10004df8                stdio_usb_connected
 *fill*         0x10004e02        0x2 
 .text.stdio_usb_in_chars
                0x10004e04       0xc4 CMakeFiles/wirelessgcc_project.dir/C_/Program_Files/Raspberry_Pi/Pico_SDK_v1.5.1/pico-sdk/src/rp2_common/pico_stdio_usb/stdio_usb.c.obj
                0x10004e04                stdio_usb_in_chars
 .text.stdio_usb_out_chars
                0x10004ec8      0x114 CMakeFiles/wirelessgcc_project.dir/C_/Program_Files/Raspberry_Pi/Pico_SDK_v1.5.1/pico-sdk/src/rp2_common/pico_stdio_usb/stdio_usb.c.obj
 .text.tud_descriptor_device_cb
                0x10004fdc        0x8 CMakeFiles/wirelessgcc_project.dir/C_/Program_Files/Raspberry_Pi/Pico_SDK_v1.5.1/pico-sdk/src/rp2_common/pico_stdio_usb/stdio_usb_descriptors.c.obj
                0x10004fdc                tud_descriptor_device_cb
 .text.tud_descriptor_configuration_cb
                0x10004fe4        0x8 CMakeFiles/wirelessgcc_project.dir/C_/Program_Files/Raspberry_Pi/Pico_SDK_v1.5.1/pico-sdk/src/rp2_common/pico_stdio_usb/stdio_usb_descriptors.c.obj
                0x10004fe4                tud_descriptor_configuration_cb
 .text.tud_descriptor_string_cb
                0x10004fec       0x6c CMakeFiles/wirelessgcc_project.dir/C_/Program_Files/Raspberry_Pi/Pico_SDK_v1.5.1/pico-sdk/src/rp2_common/pico_stdio_usb/stdio_usb_descriptors.c.obj
                0x10004fec                tud_descriptor_string_cb
 .text._retrieve_unique_id_on_boot
                0x10005058       0x10 CMakeFiles/wirelessgcc_project.dir/C_/Program_Files/Raspberry_Pi/Pico_SDK_v1.5.1/pico-sdk/src/rp2_common/pico_unique_id/unique_id.c.obj
 .text.pico_get_unique_board_id_string
                0x10005068       0x60 CMakeFiles/wirelessgcc_project.dir/C_/Program_Files/Raspberry_Pi/Pico_SDK_v1.5.1/pico-sdk/src/rp2_common/pico_unique_id/unique_id.c.obj
                0x10005068                pico_get_unique_board_id_string
 .text.flash_get_unique_id
                0x100050c8       0x46 CMakeFiles/wirelessgcc_project.dir/C_/Program_Files/Raspberry_Pi/Pico_SDK_v1.5.1/pico-sdk/src/rp2_common/hardware_flash/flash.c.obj
                0x100050c8                flash_get_unique_id
 *fill*         0x1000510e        0x2 
 .text.hw_endpoint_get_by_addr
                0x10005110       0x18 CMakeFiles/wirelessgcc_project.dir/C_/Program_Files/Raspberry_Pi/Pico_SDK_v1.5.1/pico-sdk/lib/tinyusb/src/portable/raspberrypi/rp2040/dcd_rp2040.c.obj
 .text._hw_endpoint_alloc
                0x10005128       0x70 CMakeFiles/wirelessgcc_project.dir/C_/Program_Files/Raspberry_Pi/Pico_SDK_v1.5.1/pico-sdk/lib/tinyusb/src/portable/raspberrypi/rp2040/dcd_rp2040.c.obj
 .text.hw_endpoint_init
                0x10005198       0x88 CMakeFiles/wirelessgcc_project.dir/C_/Program_Files/Raspberry_Pi/Pico_SDK_v1.5.1/pico-sdk/lib/tinyusb/src/portable/raspberrypi/rp2040/dcd_rp2040.c.obj
 .text.hw_endpoint_xfer
                0x10005220       0x14 CMakeFiles/wirelessgcc_project.dir/C_/Program_Files/Raspberry_Pi/Pico_SDK_v1.5.1/pico-sdk/lib/tinyusb/src/portable/raspberrypi/rp2040/dcd_rp2040.c.obj
 .text.dcd_int_enable
                0x10005234       0x2c CMakeFiles/wirelessgcc_project.dir/C_/Program_Files/Raspberry_Pi/Pico_SDK_v1.5.1/pico-sdk/lib/tinyusb/src/portable/raspberrypi/rp2040/dcd_rp2040.c.obj
                0x10005234                dcd_int_enable
 .text.dcd_set_address
                0x10005260       0x2c CMakeFiles/wirelessgcc_project.dir/C_/Program_Files/Raspberry_Pi/Pico_SDK_v1.5.1/pico-sdk/lib/tinyusb/src/portable/raspberrypi/rp2040/dcd_rp2040.c.obj
                0x10005260                dcd_set_address
 .text.dcd_connect
                0x1000528c       0x10 CMakeFiles/wirelessgcc_project.dir/C_/Program_Files/Raspberry_Pi/Pico_SDK_v1.5.1/pico-sdk/lib/tinyusb/src/portable/raspberrypi/rp2040/dcd_rp2040.c.obj
                0x1000528c                dcd_connect
 .text.dcd_init
                0x1000529c       0x80 CMakeFiles/wirelessgcc_project.dir/C_/Program_Files/Raspberry_Pi/Pico_SDK_v1.5.1/pico-sdk/lib/tinyusb/src/portable/raspberrypi/rp2040/dcd_rp2040.c.obj
                0x1000529c                dcd_init
 .text.dcd_edpt0_status_complete
                0x1000531c       0x1c CMakeFiles/wirelessgcc_project.dir/C_/Program_Files/Raspberry_Pi/Pico_SDK_v1.5.1/pico-sdk/lib/tinyusb/src/portable/raspberrypi/rp2040/dcd_rp2040.c.obj
                0x1000531c                dcd_edpt0_status_complete
 .text.dcd_edpt_open
                0x10005338       0x40 CMakeFiles/wirelessgcc_project.dir/C_/Program_Files/Raspberry_Pi/Pico_SDK_v1.5.1/pico-sdk/lib/tinyusb/src/portable/raspberrypi/rp2040/dcd_rp2040.c.obj
                0x10005338                dcd_edpt_open
 .text.dcd_edpt_close_all
                0x10005378        0x8 CMakeFiles/wirelessgcc_project.dir/C_/Program_Files/Raspberry_Pi/Pico_SDK_v1.5.1/pico-sdk/lib/tinyusb/src/portable/raspberrypi/rp2040/dcd_rp2040.c.obj
                0x10005378                dcd_edpt_close_all
 .text.dcd_edpt_xfer
                0x10005380       0x34 CMakeFiles/wirelessgcc_project.dir/C_/Program_Files/Raspberry_Pi/Pico_SDK_v1.5.1/pico-sdk/lib/tinyusb/src/portable/raspberrypi/rp2040/dcd_rp2040.c.obj
                0x10005380                dcd_edpt_xfer
 .text.dcd_edpt_stall
                0x100053b4       0x2c CMakeFiles/wirelessgcc_project.dir/C_/Program_Files/Raspberry_Pi/Pico_SDK_v1.5.1/pico-sdk/lib/tinyusb/src/portable/raspberrypi/rp2040/dcd_rp2040.c.obj
                0x100053b4                dcd_edpt_stall
 .text.dcd_edpt_clear_stall
                0x100053e0       0x20 CMakeFiles/wirelessgcc_project.dir/C_/Program_Files/Raspberry_Pi/Pico_SDK_v1.5.1/pico-sdk/lib/tinyusb/src/portable/raspberrypi/rp2040/dcd_rp2040.c.obj
                0x100053e0                dcd_edpt_clear_stall
 .text.rp2040_usb_init
                0x10005400       0x4c CMakeFiles/wirelessgcc_project.dir/C_/Program_Files/Raspberry_Pi/Pico_SDK_v1.5.1/pico-sdk/lib/tinyusb/src/portable/raspberrypi/rp2040/rp2040_usb.c.obj
                0x10005400                rp2040_usb_init
 .text.hw_endpoint_xfer_start
                0x1000544c       0x50 CMakeFiles/wirelessgcc_project.dir/C_/Program_Files/Raspberry_Pi/Pico_SDK_v1.5.1/pico-sdk/lib/tinyusb/src/portable/raspberrypi/rp2040/rp2040_usb.c.obj
                0x1000544c                hw_endpoint_xfer_start
 .text.configuration_reset
                0x1000549c       0x84 CMakeFiles/wirelessgcc_project.dir/C_/Program_Files/Raspberry_Pi/Pico_SDK_v1.5.1/pico-sdk/lib/tinyusb/src/device/usbd.c.obj
 .text.usbd_reset
                0x10005520        0xc CMakeFiles/wirelessgcc_project.dir/C_/Program_Files/Raspberry_Pi/Pico_SDK_v1.5.1/pico-sdk/lib/tinyusb/src/device/usbd.c.obj
 .text.invoke_class_control
                0x1000552c       0x1a CMakeFiles/wirelessgcc_project.dir/C_/Program_Files/Raspberry_Pi/Pico_SDK_v1.5.1/pico-sdk/lib/tinyusb/src/device/usbd.c.obj
 *fill*         0x10005546        0x2 
 .text.process_set_config
                0x10005548      0x178 CMakeFiles/wirelessgcc_project.dir/C_/Program_Files/Raspberry_Pi/Pico_SDK_v1.5.1/pico-sdk/lib/tinyusb/src/device/usbd.c.obj
 .text.process_get_descriptor
                0x100056c0       0xdc CMakeFiles/wirelessgcc_project.dir/C_/Program_Files/Raspberry_Pi/Pico_SDK_v1.5.1/pico-sdk/lib/tinyusb/src/device/usbd.c.obj
 .text.tud_mounted
                0x1000579c       0x10 CMakeFiles/wirelessgcc_project.dir/C_/Program_Files/Raspberry_Pi/Pico_SDK_v1.5.1/pico-sdk/lib/tinyusb/src/device/usbd.c.obj
                0x1000579c                tud_mounted
 .text.tud_suspended
                0x100057ac       0x10 CMakeFiles/wirelessgcc_project.dir/C_/Program_Files/Raspberry_Pi/Pico_SDK_v1.5.1/pico-sdk/lib/tinyusb/src/device/usbd.c.obj
                0x100057ac                tud_suspended
 .text.tud_inited
                0x100057bc       0x14 CMakeFiles/wirelessgcc_project.dir/C_/Program_Files/Raspberry_Pi/Pico_SDK_v1.5.1/pico-sdk/lib/tinyusb/src/device/usbd.c.obj
                0x100057bc                tud_inited
 .text.tud_init
                0x100057d0       0xcc CMakeFiles/wirelessgcc_project.dir/C_/Program_Files/Raspberry_Pi/Pico_SDK_v1.5.1/pico-sdk/lib/tinyusb/src/device/usbd.c.obj
                0x100057d0                tud_init
 .text.usbd_defer_func
                0x1000589c       0x2a CMakeFiles/wirelessgcc_project.dir/C_/Program_Files/Raspberry_Pi/Pico_SDK_v1.5.1/pico-sdk/lib/tinyusb/src/device/usbd.c.obj
                0x1000589c                usbd_defer_func
 *fill*         0x100058c6        0x2 
 .text.usbd_edpt_open
                0x100058c8       0x34 CMakeFiles/wirelessgcc_project.dir/C_/Program_Files/Raspberry_Pi/Pico_SDK_v1.5.1/pico-sdk/lib/tinyusb/src/device/usbd.c.obj
                0x100058c8                usbd_edpt_open
 .text.usbd_open_edpt_pair
                0x100058fc       0x62 CMakeFiles/wirelessgcc_project.dir/C_/Program_Files/Raspberry_Pi/Pico_SDK_v1.5.1/pico-sdk/lib/tinyusb/src/device/usbd.c.obj
                0x100058fc                usbd_open_edpt_pair
 *fill*         0x1000595e        0x2 
 .text.usbd_edpt_claim
                0x10005960       0x28 CMakeFiles/wirelessgcc_project.dir/C_/Program_Files/Raspberry_Pi/Pico_SDK_v1.5.1/pico-sdk/lib/tinyusb/src/device/usbd.c.obj
                0x10005960                usbd_edpt_claim
 .text.usbd_edpt_release
                0x10005988       0x28 CMakeFiles/wirelessgcc_project.dir/C_/Program_Files/Raspberry_Pi/Pico_SDK_v1.5.1/pico-sdk/lib/tinyusb/src/device/usbd.c.obj
                0x10005988                usbd_edpt_release
 .text.usbd_edpt_xfer
                0x100059b0       0x78 CMakeFiles/wirelessgcc_project.dir/C_/Program_Files/Raspberry_Pi/Pico_SDK_v1.5.1/pico-sdk/lib/tinyusb/src/device/usbd.c.obj
                0x100059b0                usbd_edpt_xfer
 .text.usbd_edpt_stall
                0x10005a28       0x48 CMakeFiles/wirelessgcc_project.dir/C_/Program_Files/Raspberry_Pi/Pico_SDK_v1.5.1/pico-sdk/lib/tinyusb/src/device/usbd.c.obj
                0x10005a28                usbd_edpt_stall
 .text.usbd_edpt_clear_stall
                0x10005a70       0x48 CMakeFiles/wirelessgcc_project.dir/C_/Program_Files/Raspberry_Pi/Pico_SDK_v1.5.1/pico-sdk/lib/tinyusb/src/device/usbd.c.obj
                0x10005a70                usbd_edpt_clear_stall
 .text.usbd_edpt_stalled
                0x10005ab8       0x1c CMakeFiles/wirelessgcc_project.dir/C_/Program_Files/Raspberry_Pi/Pico_SDK_v1.5.1/pico-sdk/lib/tinyusb/src/device/usbd.c.obj
                0x10005ab8                usbd_edpt_stalled
 .text.process_control_request
                0x10005ad4      0x37c CMakeFiles/wirelessgcc_project.dir/C_/Program_Files/Raspberry_Pi/Pico_SDK_v1.5.1/pico-sdk/lib/tinyusb/src/device/usbd.c.obj
 .text.tud_task_ext
                0x10005e50      0x1b8 CMakeFiles/wirelessgcc_project.dir/C_/Program_Files/Raspberry_Pi/Pico_SDK_v1.5.1/pico-sdk/lib/tinyusb/src/device/usbd.c.obj
                0x10005e50                tud_task_ext
 .text._data_stage_xact
                0x10006008       0x58 CMakeFiles/wirelessgcc_project.dir/C_/Program_Files/Raspberry_Pi/Pico_SDK_v1.5.1/pico-sdk/lib/tinyusb/src/device/usbd_control.c.obj
 .text.tud_control_status
                0x10006060       0x38 CMakeFiles/wirelessgcc_project.dir/C_/Program_Files/Raspberry_Pi/Pico_SDK_v1.5.1/pico-sdk/lib/tinyusb/src/device/usbd_control.c.obj
                0x10006060                tud_control_status
 .text.tud_control_xfer
                0x10006098       0x74 CMakeFiles/wirelessgcc_project.dir/C_/Program_Files/Raspberry_Pi/Pico_SDK_v1.5.1/pico-sdk/lib/tinyusb/src/device/usbd_control.c.obj
                0x10006098                tud_control_xfer
 .text.usbd_control_reset
                0x1000610c       0x14 CMakeFiles/wirelessgcc_project.dir/C_/Program_Files/Raspberry_Pi/Pico_SDK_v1.5.1/pico-sdk/lib/tinyusb/src/device/usbd_control.c.obj
                0x1000610c                usbd_control_reset
 .text.usbd_control_set_complete_callback
                0x10006120        0xc CMakeFiles/wirelessgcc_project.dir/C_/Program_Files/Raspberry_Pi/Pico_SDK_v1.5.1/pico-sdk/lib/tinyusb/src/device/usbd_control.c.obj
                0x10006120                usbd_control_set_complete_callback
 .text.usbd_control_set_request
                0x1000612c       0x1c CMakeFiles/wirelessgcc_project.dir/C_/Program_Files/Raspberry_Pi/Pico_SDK_v1.5.1/pico-sdk/lib/tinyusb/src/device/usbd_control.c.obj
                0x1000612c                usbd_control_set_request
 .text.usbd_control_xfer_cb
                0x10006148       0xcc CMakeFiles/wirelessgcc_project.dir/C_/Program_Files/Raspberry_Pi/Pico_SDK_v1.5.1/pico-sdk/lib/tinyusb/src/device/usbd_control.c.obj
                0x10006148                usbd_control_xfer_cb
 .text._prep_out_transaction
                0x10006214       0x4a CMakeFiles/wirelessgcc_project.dir/C_/Program_Files/Raspberry_Pi/Pico_SDK_v1.5.1/pico-sdk/lib/tinyusb/src/class/cdc/cdc_device.c.obj
 *fill*         0x1000625e        0x2 
 .text.tud_cdc_n_connected
                0x10006260       0x44 CMakeFiles/wirelessgcc_project.dir/C_/Program_Files/Raspberry_Pi/Pico_SDK_v1.5.1/pico-sdk/lib/tinyusb/src/class/cdc/cdc_device.c.obj
                0x10006260                tud_cdc_n_connected
 .text.tud_cdc_n_available
                0x100062a4       0x18 CMakeFiles/wirelessgcc_project.dir/C_/Program_Files/Raspberry_Pi/Pico_SDK_v1.5.1/pico-sdk/lib/tinyusb/src/class/cdc/cdc_device.c.obj
                0x100062a4                tud_cdc_n_available
 .text.tud_cdc_n_read
                0x100062bc       0x28 CMakeFiles/wirelessgcc_project.dir/C_/Program_Files/Raspberry_Pi/Pico_SDK_v1.5.1/pico-sdk/lib/tinyusb/src/class/cdc/cdc_device.c.obj
                0x100062bc                tud_cdc_n_read
 .text.tud_cdc_n_write_flush
                0x100062e4       0xb8 CMakeFiles/wirelessgcc_project.dir/C_/Program_Files/Raspberry_Pi/Pico_SDK_v1.5.1/pico-sdk/lib/tinyusb/src/class/cdc/cdc_device.c.obj
                0x100062e4                tud_cdc_n_write_flush
 .text.tud_cdc_n_write
                0x1000639c       0x38 CMakeFiles/wirelessgcc_project.dir/C_/Program_Files/Raspberry_Pi/Pico_SDK_v1.5.1/pico-sdk/lib/tinyusb/src/class/cdc/cdc_device.c.obj
                0x1000639c                tud_cdc_n_write
 .text.tud_cdc_n_write_available
                0x100063d4       0x1c CMakeFiles/wirelessgcc_project.dir/C_/Program_Files/Raspberry_Pi/Pico_SDK_v1.5.1/pico-sdk/lib/tinyusb/src/class/cdc/cdc_device.c.obj
                0x100063d4                tud_cdc_n_write_available
 .text.cdcd_init
                0x100063f0       0xbc CMakeFiles/wirelessgcc_project.dir/C_/Program_Files/Raspberry_Pi/Pico_SDK_v1.5.1/pico-sdk/lib/tinyusb/src/class/cdc/cdc_device.c.obj
                0x100063f0                cdcd_init
 .text.cdcd_reset
                0x100064ac       0x44 CMakeFiles/wirelessgcc_project.dir/C_/Program_Files/Raspberry_Pi/Pico_SDK_v1.5.1/pico-sdk/lib/tinyusb/src/class/cdc/cdc_device.c.obj
                0x100064ac                cdcd_reset
 .text.cdcd_open
                0x100064f0       0xcc CMakeFiles/wirelessgcc_project.dir/C_/Program_Files/Raspberry_Pi/Pico_SDK_v1.5.1/pico-sdk/lib/tinyusb/src/class/cdc/cdc_device.c.obj
                0x100064f0                cdcd_open
 .text.cdcd_control_xfer_cb
                0x100065bc      0x134 CMakeFiles/wirelessgcc_project.dir/C_/Program_Files/Raspberry_Pi/Pico_SDK_v1.5.1/pico-sdk/lib/tinyusb/src/class/cdc/cdc_device.c.obj
                0x100065bc                cdcd_control_xfer_cb
 .text.cdcd_xfer_cb
                0x100066f0      0x130 CMakeFiles/wirelessgcc_project.dir/C_/Program_Files/Raspberry_Pi/Pico_SDK_v1.5.1/pico-sdk/lib/tinyusb/src/class/cdc/cdc_device.c.obj
                0x100066f0                cdcd_xfer_cb
 .text.tusb_init
                0x10006820        0xa CMakeFiles/wirelessgcc_project.dir/C_/Program_Files/Raspberry_Pi/Pico_SDK_v1.5.1/pico-sdk/lib/tinyusb/src/tusb.c.obj
                0x10006820                tusb_init
 .text.tusb_inited
                0x1000682a        0xe CMakeFiles/wirelessgcc_project.dir/C_/Program_Files/Raspberry_Pi/Pico_SDK_v1.5.1/pico-sdk/lib/tinyusb/src/tusb.c.obj
                0x1000682a                tusb_inited
 .text.tu_edpt_claim
                0x10006838       0x50 CMakeFiles/wirelessgcc_project.dir/C_/Program_Files/Raspberry_Pi/Pico_SDK_v1.5.1/pico-sdk/lib/tinyusb/src/tusb.c.obj
                0x10006838                tu_edpt_claim
 .text.tu_edpt_release
                0x10006888       0x3c CMakeFiles/wirelessgcc_project.dir/C_/Program_Files/Raspberry_Pi/Pico_SDK_v1.5.1/pico-sdk/lib/tinyusb/src/tusb.c.obj
                0x10006888                tu_edpt_release
 .text.tu_edpt_validate
                0x100068c4       0x78 CMakeFiles/wirelessgcc_project.dir/C_/Program_Files/Raspberry_Pi/Pico_SDK_v1.5.1/pico-sdk/lib/tinyusb/src/tusb.c.obj
                0x100068c4                tu_edpt_validate
 .text.tu_edpt_bind_driver
                0x1000693c       0x26 CMakeFiles/wirelessgcc_project.dir/C_/Program_Files/Raspberry_Pi/Pico_SDK_v1.5.1/pico-sdk/lib/tinyusb/src/tusb.c.obj
                0x1000693c                tu_edpt_bind_driver
 .text.advance_index
                0x10006962       0x1a CMakeFiles/wirelessgcc_project.dir/C_/Program_Files/Raspberry_Pi/Pico_SDK_v1.5.1/pico-sdk/lib/tinyusb/src/common/tusb_fifo.c.obj
 .text._tu_fifo_peek
                0x1000697c       0x56 CMakeFiles/wirelessgcc_project.dir/C_/Program_Files/Raspberry_Pi/Pico_SDK_v1.5.1/pico-sdk/lib/tinyusb/src/common/tusb_fifo.c.obj
 .text._ff_pull_const_addr
                0x100069d2       0x4c CMakeFiles/wirelessgcc_project.dir/C_/Program_Files/Raspberry_Pi/Pico_SDK_v1.5.1/pico-sdk/lib/tinyusb/src/common/tusb_fifo.c.obj
 .text._ff_pull_n
                0x10006a1e      0x110 CMakeFiles/wirelessgcc_project.dir/C_/Program_Files/Raspberry_Pi/Pico_SDK_v1.5.1/pico-sdk/lib/tinyusb/src/common/tusb_fifo.c.obj
 .text._tu_fifo_peek_n
                0x10006b2e       0x6a CMakeFiles/wirelessgcc_project.dir/C_/Program_Files/Raspberry_Pi/Pico_SDK_v1.5.1/pico-sdk/lib/tinyusb/src/common/tusb_fifo.c.obj
 .text._tu_fifo_read_n
                0x10006b98       0x4e CMakeFiles/wirelessgcc_project.dir/C_/Program_Files/Raspberry_Pi/Pico_SDK_v1.5.1/pico-sdk/lib/tinyusb/src/common/tusb_fifo.c.obj
 .text._ff_push_const_addr
                0x10006be6       0x40 CMakeFiles/wirelessgcc_project.dir/C_/Program_Files/Raspberry_Pi/Pico_SDK_v1.5.1/pico-sdk/lib/tinyusb/src/common/tusb_fifo.c.obj
 .text._ff_push_n
                0x10006c26      0x10c CMakeFiles/wirelessgcc_project.dir/C_/Program_Files/Raspberry_Pi/Pico_SDK_v1.5.1/pico-sdk/lib/tinyusb/src/common/tusb_fifo.c.obj
 .text._tu_fifo_write_n
                0x10006d32       0xf0 CMakeFiles/wirelessgcc_project.dir/C_/Program_Files/Raspberry_Pi/Pico_SDK_v1.5.1/pico-sdk/lib/tinyusb/src/common/tusb_fifo.c.obj
 .text.tu_fifo_config
                0x10006e22       0x7c CMakeFiles/wirelessgcc_project.dir/C_/Program_Files/Raspberry_Pi/Pico_SDK_v1.5.1/pico-sdk/lib/tinyusb/src/common/tusb_fifo.c.obj
                0x10006e22                tu_fifo_config
 .text.tu_fifo_count
                0x10006e9e       0x2a CMakeFiles/wirelessgcc_project.dir/C_/Program_Files/Raspberry_Pi/Pico_SDK_v1.5.1/pico-sdk/lib/tinyusb/src/common/tusb_fifo.c.obj
                0x10006e9e                tu_fifo_count
 .text.tu_fifo_empty
                0x10006ec8       0x10 CMakeFiles/wirelessgcc_project.dir/C_/Program_Files/Raspberry_Pi/Pico_SDK_v1.5.1/pico-sdk/lib/tinyusb/src/common/tusb_fifo.c.obj
                0x10006ec8                tu_fifo_empty
 .text.tu_fifo_full
                0x10006ed8       0x28 CMakeFiles/wirelessgcc_project.dir/C_/Program_Files/Raspberry_Pi/Pico_SDK_v1.5.1/pico-sdk/lib/tinyusb/src/common/tusb_fifo.c.obj
                0x10006ed8                tu_fifo_full
 .text.tu_fifo_remaining
                0x10006f00       0x2c CMakeFiles/wirelessgcc_project.dir/C_/Program_Files/Raspberry_Pi/Pico_SDK_v1.5.1/pico-sdk/lib/tinyusb/src/common/tusb_fifo.c.obj
                0x10006f00                tu_fifo_remaining
 .text.tu_fifo_read
                0x10006f2c       0x42 CMakeFiles/wirelessgcc_project.dir/C_/Program_Files/Raspberry_Pi/Pico_SDK_v1.5.1/pico-sdk/lib/tinyusb/src/common/tusb_fifo.c.obj
                0x10006f2c                tu_fifo_read
 .text.tu_fifo_read_n
                0x10006f6e        0xa CMakeFiles/wirelessgcc_project.dir/C_/Program_Files/Raspberry_Pi/Pico_SDK_v1.5.1/pico-sdk/lib/tinyusb/src/common/tusb_fifo.c.obj
                0x10006f6e                tu_fifo_read_n
 .text.tu_fifo_write
                0x10006f78       0x64 CMakeFiles/wirelessgcc_project.dir/C_/Program_Files/Raspberry_Pi/Pico_SDK_v1.5.1/pico-sdk/lib/tinyusb/src/common/tusb_fifo.c.obj
                0x10006f78                tu_fifo_write
 .text.tu_fifo_write_n
                0x10006fdc        0xa CMakeFiles/wirelessgcc_project.dir/C_/Program_Files/Raspberry_Pi/Pico_SDK_v1.5.1/pico-sdk/lib/tinyusb/src/common/tusb_fifo.c.obj
                0x10006fdc                tu_fifo_write_n
 .text.tu_fifo_clear
                0x10006fe6       0x3e CMakeFiles/wirelessgcc_project.dir/C_/Program_Files/Raspberry_Pi/Pico_SDK_v1.5.1/pico-sdk/lib/tinyusb/src/common/tusb_fifo.c.obj
                0x10006fe6                tu_fifo_clear
 .text.tu_fifo_set_overwritable
                0x10007024       0x46 CMakeFiles/wirelessgcc_project.dir/C_/Program_Files/Raspberry_Pi/Pico_SDK_v1.5.1/pico-sdk/lib/tinyusb/src/common/tusb_fifo.c.obj
                0x10007024                tu_fifo_set_overwritable
 *fill*         0x1000706a        0x2 
 .text._pio_can_add_program_at_offset
                0x1000706c       0x3c CMakeFiles/wirelessgcc_project.dir/C_/Program_Files/Raspberry_Pi/Pico_SDK_v1.5.1/pico-sdk/src/rp2_common/hardware_pio/pio.c.obj
 .text._pio_find_offset_for_program
                0x100070a8       0x7c CMakeFiles/wirelessgcc_project.dir/C_/Program_Files/Raspberry_Pi/Pico_SDK_v1.5.1/pico-sdk/src/rp2_common/hardware_pio/pio.c.obj
 .text._pio_add_program_at_offset
                0x10007124       0x78 CMakeFiles/wirelessgcc_project.dir/C_/Program_Files/Raspberry_Pi/Pico_SDK_v1.5.1/pico-sdk/src/rp2_common/hardware_pio/pio.c.obj
 .text.pio_claim_unused_sm
                0x1000719c       0x3c CMakeFiles/wirelessgcc_project.dir/C_/Program_Files/Raspberry_Pi/Pico_SDK_v1.5.1/pico-sdk/src/rp2_common/hardware_pio/pio.c.obj
                0x1000719c                pio_claim_unused_sm
 .text.pio_add_program
                0x100071d8       0x38 CMakeFiles/wirelessgcc_project.dir/C_/Program_Files/Raspberry_Pi/Pico_SDK_v1.5.1/pico-sdk/src/rp2_common/hardware_pio/pio.c.obj
                0x100071d8                pio_add_program
 .text.pio_sm_init
                0x10007210       0xe4 CMakeFiles/wirelessgcc_project.dir/C_/Program_Files/Raspberry_Pi/Pico_SDK_v1.5.1/pico-sdk/src/rp2_common/hardware_pio/pio.c.obj
                0x10007210                pio_sm_init
 .text.strlen   0x100072f4       0x5c c:/progra~1/raspbe~1/picosd~1.1/gcc-ar~1/bin/../lib/gcc/arm-none-eabi/10.3.1/../../../../arm-none-eabi/lib/thumb/v6-m/nofp\libg.a(lib_a-strlen-stub.o)
                0x100072f4                strlen
 *(.fini)
 .fini          0x10007350        0x4 c:/progra~1/raspbe~1/picosd~1.1/gcc-ar~1/bin/../lib/gcc/arm-none-eabi/10.3.1/thumb/v6-m/nofp/crti.o
                0x10007350                _fini
 *fill*         0x10007354        0x4 
 .fini.__stub   0x10007358       0xe0 linker stubs
 *crtbegin.o(.ctors)
 *crtbegin?.o(.ctors)
 *(EXCLUDE_FILE(*crtend.o *crtend?.o) .ctors)
 *(SORT_BY_NAME(.ctors.*))
 *(.ctors)
 *crtbegin.o(.dtors)
 *crtbegin?.o(.dtors)
 *(EXCLUDE_FILE(*crtend.o *crtend?.o) .dtors)
 *(SORT_BY_NAME(.dtors.*))
 *(.dtors)
 *(.eh_frame*)
 .eh_frame      0x10007438        0x0 c:/progra~1/raspbe~1/picosd~1.1/gcc-ar~1/bin/../lib/gcc/arm-none-eabi/10.3.1/thumb/v6-m/nofp/crtbegin.o
                0x10007438                . = ALIGN (0x4)

.glue_7         0x10007438        0x0
 .glue_7        0x10007438        0x0 linker stubs

.glue_7t        0x10007438        0x0
 .glue_7t       0x10007438        0x0 linker stubs

.vfp11_veneer   0x10007438        0x0
 .vfp11_veneer  0x10007438        0x0 linker stubs

.v4_bx          0x10007438        0x0
 .v4_bx         0x10007438        0x0 linker stubs

.iplt           0x10007438        0x0
 .iplt          0x10007438        0x0 c:/progra~1/raspbe~1/picosd~1.1/gcc-ar~1/bin/../lib/gcc/arm-none-eabi/10.3.1/thumb/v6-m/nofp/crtbegin.o

.rodata         0x10007438     0x1870
 *(EXCLUDE_FILE(*libm.a: *libc.a:*lib_a-mem*.o *libgcc.a:) .rodata*)
 .rodata._ZN9GCconsole5writeEv.str1.4
                0x10007438        0x4 CMakeFiles/wirelessgcc_project.dir/wirelessgcc.cpp.obj
 .rodata._ZL15readgcc_program
                0x1000743c        0x6 CMakeFiles/wirelessgcc_project.dir/wirelessgcc.cpp.obj
 *fill*         0x10007442        0x2 
 .rodata._ZL16writegcc_program
                0x10007444        0x6 CMakeFiles/wirelessgcc_project.dir/wirelessgcc.cpp.obj
 *fill*         0x1000744a        0x2 
 .rodata._ZL28readgcc_program_instructions
                0x1000744c       0x32 CMakeFiles/wirelessgcc_project.dir/wirelessgcc.cpp.obj
 *fill*         0x1000747e        0x2 
 .rodata._ZL29writegcc_program_instructions
                0x10007480        0xe CMakeFiles/wirelessgcc_project.dir/wirelessgcc.cpp.obj
 *fill*         0x1000748e        0x2 
 .rodata.spin_lock_claim_unused.str1.4
                0x10007490       0x1b CMakeFiles/wirelessgcc_project.dir/C_/Program_Files/Raspberry_Pi/Pico_SDK_v1.5.1/pico-sdk/src/rp2_common/hardware_sync/sync.c.obj
 *fill*         0x100074ab        0x1 
 .rodata.make_branch.str1.4
                0x100074ac       0x89 CMakeFiles/wirelessgcc_project.dir/C_/Program_Files/Raspberry_Pi/Pico_SDK_v1.5.1/pico-sdk/src/rp2_common/hardware_irq/irq.c.obj
 *fill*         0x10007535        0x3 
 .rodata.insert_branch_and_link.str1.4
                0x10007538       0x10 CMakeFiles/wirelessgcc_project.dir/C_/Program_Files/Raspberry_Pi/Pico_SDK_v1.5.1/pico-sdk/src/rp2_common/hardware_irq/irq.c.obj
 .rodata.irq_set_exclusive_handler.str1.4
                0x10007548       0x36 CMakeFiles/wirelessgcc_project.dir/C_/Program_Files/Raspberry_Pi/Pico_SDK_v1.5.1/pico-sdk/src/rp2_common/hardware_irq/irq.c.obj
 *fill*         0x1000757e        0x2 
 .rodata.irq_add_shared_handler.str1.4
                0x10007580       0xd9 CMakeFiles/wirelessgcc_project.dir/C_/Program_Files/Raspberry_Pi/Pico_SDK_v1.5.1/pico-sdk/src/rp2_common/hardware_irq/irq.c.obj
 *fill*         0x10007659        0x3 
 .rodata.irq_remove_handler.str1.4
                0x1000765c       0x3a CMakeFiles/wirelessgcc_project.dir/C_/Program_Files/Raspberry_Pi/Pico_SDK_v1.5.1/pico-sdk/src/rp2_common/hardware_irq/irq.c.obj
 *fill*         0x10007696        0x2 
 .rodata.irq_add_tail_to_free_list.str1.4
                0x10007698       0x3a CMakeFiles/wirelessgcc_project.dir/C_/Program_Files/Raspberry_Pi/Pico_SDK_v1.5.1/pico-sdk/src/rp2_common/hardware_irq/irq.c.obj
 *fill*         0x100076d2        0x2 
 .rodata.user_irq_claim_unused.str1.4
                0x100076d4       0x1b CMakeFiles/wirelessgcc_project.dir/C_/Program_Files/Raspberry_Pi/Pico_SDK_v1.5.1/pico-sdk/src/rp2_common/hardware_irq/irq.c.obj
 *fill*         0x100076ef        0x1 
 .rodata.__func__.0
                0x100076f0       0x1a CMakeFiles/wirelessgcc_project.dir/C_/Program_Files/Raspberry_Pi/Pico_SDK_v1.5.1/pico-sdk/src/rp2_common/hardware_irq/irq.c.obj
 *fill*         0x1000770a        0x2 
 .rodata.__func__.1
                0x1000770c       0x17 CMakeFiles/wirelessgcc_project.dir/C_/Program_Files/Raspberry_Pi/Pico_SDK_v1.5.1/pico-sdk/src/rp2_common/hardware_irq/irq.c.obj
 *fill*         0x10007723        0x1 
 .rodata.__func__.2
                0x10007724       0x13 CMakeFiles/wirelessgcc_project.dir/C_/Program_Files/Raspberry_Pi/Pico_SDK_v1.5.1/pico-sdk/src/rp2_common/hardware_irq/irq.c.obj
 *fill*         0x10007737        0x1 
 .rodata.__func__.3
                0x10007738        0xc CMakeFiles/wirelessgcc_project.dir/C_/Program_Files/Raspberry_Pi/Pico_SDK_v1.5.1/pico-sdk/src/rp2_common/hardware_irq/irq.c.obj
 .rodata.__func__.4
                0x10007744        0xf CMakeFiles/wirelessgcc_project.dir/C_/Program_Files/Raspberry_Pi/Pico_SDK_v1.5.1/pico-sdk/src/rp2_common/hardware_irq/irq.c.obj
 *fill*         0x10007753        0x1 
 .rodata.__func__.5
                0x10007754       0x17 CMakeFiles/wirelessgcc_project.dir/C_/Program_Files/Raspberry_Pi/Pico_SDK_v1.5.1/pico-sdk/src/rp2_common/hardware_irq/irq.c.obj
 *fill*         0x1000776b        0x1 
 .rodata.__func__.6
                0x1000776c       0x1a CMakeFiles/wirelessgcc_project.dir/C_/Program_Files/Raspberry_Pi/Pico_SDK_v1.5.1/pico-sdk/src/rp2_common/hardware_irq/irq.c.obj
 *fill*         0x10007786        0x2 
 .rodata.str1.4
                0x10007788      0x125 CMakeFiles/wirelessgcc_project.dir/C_/Program_Files/Raspberry_Pi/Pico_SDK_v1.5.1/pico-sdk/src/common/pico_sync/mutex.c.obj
 *fill*         0x100078ad        0x3 
 .rodata.__func__.1
                0x100078b0        0xb CMakeFiles/wirelessgcc_project.dir/C_/Program_Files/Raspberry_Pi/Pico_SDK_v1.5.1/pico-sdk/src/common/pico_sync/mutex.c.obj
 *fill*         0x100078bb        0x1 
 .rodata.__func__.3
                0x100078bc       0x18 CMakeFiles/wirelessgcc_project.dir/C_/Program_Files/Raspberry_Pi/Pico_SDK_v1.5.1/pico-sdk/src/common/pico_sync/mutex.c.obj
 .rodata.__func__.4
                0x100078d4       0x15 CMakeFiles/wirelessgcc_project.dir/C_/Program_Files/Raspberry_Pi/Pico_SDK_v1.5.1/pico-sdk/src/common/pico_sync/mutex.c.obj
 *fill*         0x100078e9        0x3 
 .rodata.repeating_timer_callback.str1.4
                0x100078ec       0x67 CMakeFiles/wirelessgcc_project.dir/C_/Program_Files/Raspberry_Pi/Pico_SDK_v1.5.1/pico-sdk/src/common/pico_time/time.c.obj
 *fill*         0x10007953        0x1 
 .rodata.timer_pool_entry_comparator.str1.4
                0x10007954       0x22 CMakeFiles/wirelessgcc_project.dir/C_/Program_Files/Raspberry_Pi/Pico_SDK_v1.5.1/pico-sdk/src/common/pico_time/time.c.obj
 *fill*         0x10007976        0x2 
 .rodata.ph_add_child_node.str1.4
                0x10007978       0xb2 CMakeFiles/wirelessgcc_project.dir/C_/Program_Files/Raspberry_Pi/Pico_SDK_v1.5.1/pico-sdk/src/common/pico_time/time.c.obj
 *fill*         0x10007a2a        0x2 
 .rodata.add_alarm_under_lock.str1.4
                0x10007a2c       0x28 CMakeFiles/wirelessgcc_project.dir/C_/Program_Files/Raspberry_Pi/Pico_SDK_v1.5.1/pico-sdk/src/common/pico_time/time.c.obj
                                 0x2b (size before relaxing)
 .rodata.alarm_pool_alarm_callback.str1.4
                0x10007a54       0x98 CMakeFiles/wirelessgcc_project.dir/C_/Program_Files/Raspberry_Pi/Pico_SDK_v1.5.1/pico-sdk/src/common/pico_time/time.c.obj
                                0x118 (size before relaxing)
 .rodata.alarm_pool_get_default.str1.4
                0x10007aec       0x21 CMakeFiles/wirelessgcc_project.dir/C_/Program_Files/Raspberry_Pi/Pico_SDK_v1.5.1/pico-sdk/src/common/pico_time/time.c.obj
 *fill*         0x10007b0d        0x3 
 .rodata.alarm_pool_cancel_alarm.str1.4
                0x10007b10       0x27 CMakeFiles/wirelessgcc_project.dir/C_/Program_Files/Raspberry_Pi/Pico_SDK_v1.5.1/pico-sdk/src/common/pico_time/time.c.obj
 *fill*         0x10007b37        0x1 
 .rodata.__func__.1
                0x10007b38       0x18 CMakeFiles/wirelessgcc_project.dir/C_/Program_Files/Raspberry_Pi/Pico_SDK_v1.5.1/pico-sdk/src/common/pico_time/time.c.obj
 .rodata.__func__.10
                0x10007b50       0x15 CMakeFiles/wirelessgcc_project.dir/C_/Program_Files/Raspberry_Pi/Pico_SDK_v1.5.1/pico-sdk/src/common/pico_time/time.c.obj
 *fill*         0x10007b65        0x3 
 .rodata.__func__.11
                0x10007b68       0x1a CMakeFiles/wirelessgcc_project.dir/C_/Program_Files/Raspberry_Pi/Pico_SDK_v1.5.1/pico-sdk/src/common/pico_time/time.c.obj
 *fill*         0x10007b82        0x2 
 .rodata.__func__.12
                0x10007b84        0xa CMakeFiles/wirelessgcc_project.dir/C_/Program_Files/Raspberry_Pi/Pico_SDK_v1.5.1/pico-sdk/src/common/pico_time/time.c.obj
 *fill*         0x10007b8e        0x2 
 .rodata.__func__.3
                0x10007b90       0x17 CMakeFiles/wirelessgcc_project.dir/C_/Program_Files/Raspberry_Pi/Pico_SDK_v1.5.1/pico-sdk/src/common/pico_time/time.c.obj
 *fill*         0x10007ba7        0x1 
 .rodata.__func__.4
                0x10007ba8       0x12 CMakeFiles/wirelessgcc_project.dir/C_/Program_Files/Raspberry_Pi/Pico_SDK_v1.5.1/pico-sdk/src/common/pico_time/time.c.obj
 *fill*         0x10007bba        0x2 
 .rodata.__func__.5
                0x10007bbc        0xd CMakeFiles/wirelessgcc_project.dir/C_/Program_Files/Raspberry_Pi/Pico_SDK_v1.5.1/pico-sdk/src/common/pico_time/time.c.obj
 *fill*         0x10007bc9        0x3 
 .rodata.__func__.6
                0x10007bcc       0x12 CMakeFiles/wirelessgcc_project.dir/C_/Program_Files/Raspberry_Pi/Pico_SDK_v1.5.1/pico-sdk/src/common/pico_time/time.c.obj
 *fill*         0x10007bde        0x2 
 .rodata.__func__.7
                0x10007be0        0xf CMakeFiles/wirelessgcc_project.dir/C_/Program_Files/Raspberry_Pi/Pico_SDK_v1.5.1/pico-sdk/src/common/pico_time/time.c.obj
 *fill*         0x10007bef        0x1 
 .rodata.__func__.8
                0x10007bf0        0xc CMakeFiles/wirelessgcc_project.dir/C_/Program_Files/Raspberry_Pi/Pico_SDK_v1.5.1/pico-sdk/src/common/pico_time/time.c.obj
 .rodata.__func__.9
                0x10007bfc       0x15 CMakeFiles/wirelessgcc_project.dir/C_/Program_Files/Raspberry_Pi/Pico_SDK_v1.5.1/pico-sdk/src/common/pico_time/time.c.obj
 *fill*         0x10007c11        0x3 
 .rodata.hardware_alarm_claim.str1.4
                0x10007c14       0x22 CMakeFiles/wirelessgcc_project.dir/C_/Program_Files/Raspberry_Pi/Pico_SDK_v1.5.1/pico-sdk/src/rp2_common/hardware_timer/timer.c.obj
 .rodata.busy_wait_us.str1.4
                0x10007c36       0x7d CMakeFiles/wirelessgcc_project.dir/C_/Program_Files/Raspberry_Pi/Pico_SDK_v1.5.1/pico-sdk/src/rp2_common/hardware_timer/timer.c.obj
 *fill*         0x10007c36        0x2 
 .rodata.hardware_alarm_set_target.str1.4
                0x10007c38       0x81 CMakeFiles/wirelessgcc_project.dir/C_/Program_Files/Raspberry_Pi/Pico_SDK_v1.5.1/pico-sdk/src/rp2_common/hardware_timer/timer.c.obj
 *fill*         0x10007cb9        0x3 
 .rodata.__func__.0
                0x10007cbc       0x1a CMakeFiles/wirelessgcc_project.dir/C_/Program_Files/Raspberry_Pi/Pico_SDK_v1.5.1/pico-sdk/src/rp2_common/hardware_timer/timer.c.obj
 *fill*         0x10007cd6        0x2 
 .rodata.__func__.1
                0x10007cd8       0x15 CMakeFiles/wirelessgcc_project.dir/C_/Program_Files/Raspberry_Pi/Pico_SDK_v1.5.1/pico-sdk/src/rp2_common/hardware_timer/timer.c.obj
 .rodata.ph_add_child_node.str1.4
                0x10007ced       0xb2 CMakeFiles/wirelessgcc_project.dir/C_/Program_Files/Raspberry_Pi/Pico_SDK_v1.5.1/pico-sdk/src/common/pico_util/pheap.c.obj
 *fill*         0x10007ced        0x3 
 .rodata.ph_remove_any_head.str1.4
                0x10007cf0       0xa8 CMakeFiles/wirelessgcc_project.dir/C_/Program_Files/Raspberry_Pi/Pico_SDK_v1.5.1/pico-sdk/src/common/pico_util/pheap.c.obj
                                 0xbc (size before relaxing)
 .rodata.ph_remove_and_free_node.str1.4
                0x10007d98       0x1e CMakeFiles/wirelessgcc_project.dir/C_/Program_Files/Raspberry_Pi/Pico_SDK_v1.5.1/pico-sdk/src/common/pico_util/pheap.c.obj
                                 0x26 (size before relaxing)
 *fill*         0x10007db6        0x2 
 .rodata.__func__.0
                0x10007db8       0x18 CMakeFiles/wirelessgcc_project.dir/C_/Program_Files/Raspberry_Pi/Pico_SDK_v1.5.1/pico-sdk/src/common/pico_util/pheap.c.obj
 .rodata.__func__.1
                0x10007dd0       0x13 CMakeFiles/wirelessgcc_project.dir/C_/Program_Files/Raspberry_Pi/Pico_SDK_v1.5.1/pico-sdk/src/common/pico_util/pheap.c.obj
 *fill*         0x10007de3        0x1 
 .rodata.__func__.2
                0x10007de4       0x12 CMakeFiles/wirelessgcc_project.dir/C_/Program_Files/Raspberry_Pi/Pico_SDK_v1.5.1/pico-sdk/src/common/pico_util/pheap.c.obj
 *fill*         0x10007df6        0x2 
 .rodata.__func__.3
                0x10007df8        0xc CMakeFiles/wirelessgcc_project.dir/C_/Program_Files/Raspberry_Pi/Pico_SDK_v1.5.1/pico-sdk/src/common/pico_util/pheap.c.obj
 .rodata.clock_configure.str1.4
                0x10007e04       0x73 CMakeFiles/wirelessgcc_project.dir/C_/Program_Files/Raspberry_Pi/Pico_SDK_v1.5.1/pico-sdk/src/rp2_common/hardware_clocks/clocks.c.obj
 *fill*         0x10007e77        0x1 
 .rodata.__func__.1
                0x10007e78       0x10 CMakeFiles/wirelessgcc_project.dir/C_/Program_Files/Raspberry_Pi/Pico_SDK_v1.5.1/pico-sdk/src/rp2_common/hardware_clocks/clocks.c.obj
 .rodata.pll_init.str1.4
                0x10007e88      0x140 CMakeFiles/wirelessgcc_project.dir/C_/Program_Files/Raspberry_Pi/Pico_SDK_v1.5.1/pico-sdk/src/rp2_common/hardware_pll/pll.c.obj
 .rodata.__func__.0
                0x10007fc8        0x9 CMakeFiles/wirelessgcc_project.dir/C_/Program_Files/Raspberry_Pi/Pico_SDK_v1.5.1/pico-sdk/src/rp2_common/hardware_pll/pll.c.obj
 *fill*         0x10007fd1        0x3 
 .rodata.__assert_func.str1.4
                0x10007fd4       0x3f CMakeFiles/wirelessgcc_project.dir/C_/Program_Files/Raspberry_Pi/Pico_SDK_v1.5.1/pico-sdk/src/rp2_common/pico_runtime/runtime.c.obj
                                 0x43 (size before relaxing)
 *fill*         0x10008013        0x1 
 .rodata.runtime_init.str1.4
                0x10008014       0x7d CMakeFiles/wirelessgcc_project.dir/C_/Program_Files/Raspberry_Pi/Pico_SDK_v1.5.1/pico-sdk/src/rp2_common/pico_runtime/runtime.c.obj
 *fill*         0x10008091        0x3 
 .rodata.panic.str1.4
                0x10008094       0x12 CMakeFiles/wirelessgcc_project.dir/C_/Program_Files/Raspberry_Pi/Pico_SDK_v1.5.1/pico-sdk/src/rp2_common/pico_runtime/runtime.c.obj
 *fill*         0x100080a6        0x2 
 .rodata.__func__.2
                0x100080a8        0xd CMakeFiles/wirelessgcc_project.dir/C_/Program_Files/Raspberry_Pi/Pico_SDK_v1.5.1/pico-sdk/src/rp2_common/pico_runtime/runtime.c.obj
 *fill*         0x100080b5        0x3 
 .rodata._ftoa.str1.4
                0x100080b8       0x15 CMakeFiles/wirelessgcc_project.dir/C_/Program_Files/Raspberry_Pi/Pico_SDK_v1.5.1/pico-sdk/src/rp2_common/pico_printf/printf.c.obj
 *fill*         0x100080cd        0x3 
 .rodata._vsnprintf
                0x100080d0      0x1e0 CMakeFiles/wirelessgcc_project.dir/C_/Program_Files/Raspberry_Pi/Pico_SDK_v1.5.1/pico-sdk/src/rp2_common/pico_printf/printf.c.obj
 .rodata.pow10.0
                0x100082b0       0x50 CMakeFiles/wirelessgcc_project.dir/C_/Program_Files/Raspberry_Pi/Pico_SDK_v1.5.1/pico-sdk/src/rp2_common/pico_printf/printf.c.obj
 .rodata.__aeabi_double_init.str1.4
                0x10008300       0xb8 CMakeFiles/wirelessgcc_project.dir/C_/Program_Files/Raspberry_Pi/Pico_SDK_v1.5.1/pico-sdk/src/rp2_common/pico_double/double_init_rom.c.obj
 .rodata.__func__.0
                0x100083b8       0x14 CMakeFiles/wirelessgcc_project.dir/C_/Program_Files/Raspberry_Pi/Pico_SDK_v1.5.1/pico-sdk/src/rp2_common/pico_double/double_init_rom.c.obj
 .rodata.__aeabi_float_init.str1.4
                0x100083cc       0x96 CMakeFiles/wirelessgcc_project.dir/C_/Program_Files/Raspberry_Pi/Pico_SDK_v1.5.1/pico-sdk/src/rp2_common/pico_float/float_init_rom.c.obj
                                 0x9a (size before relaxing)
 *fill*         0x10008462        0x2 
 .rodata.__func__.0
                0x10008464       0x13 CMakeFiles/wirelessgcc_project.dir/C_/Program_Files/Raspberry_Pi/Pico_SDK_v1.5.1/pico-sdk/src/rp2_common/pico_float/float_init_rom.c.obj
 *fill*         0x10008477        0x1 
 .rodata.str1.4
                0x10008478       0x48 CMakeFiles/wirelessgcc_project.dir/C_/Program_Files/Raspberry_Pi/Pico_SDK_v1.5.1/pico-sdk/src/rp2_common/pico_standard_link/binary_info.c.obj
 .rodata.__bi_44
                0x100084c0        0xc CMakeFiles/wirelessgcc_project.dir/C_/Program_Files/Raspberry_Pi/Pico_SDK_v1.5.1/pico-sdk/src/rp2_common/pico_standard_link/binary_info.c.obj
 .rodata.__bi_75
                0x100084cc        0xc CMakeFiles/wirelessgcc_project.dir/C_/Program_Files/Raspberry_Pi/Pico_SDK_v1.5.1/pico-sdk/src/rp2_common/pico_standard_link/binary_info.c.obj
 .rodata.__bi_81
                0x100084d8        0xc CMakeFiles/wirelessgcc_project.dir/C_/Program_Files/Raspberry_Pi/Pico_SDK_v1.5.1/pico-sdk/src/rp2_common/pico_standard_link/binary_info.c.obj
 .rodata.stdout_serialize_begin.str1.4
                0x100084e4       0x7d CMakeFiles/wirelessgcc_project.dir/C_/Program_Files/Raspberry_Pi/Pico_SDK_v1.5.1/pico-sdk/src/rp2_common/pico_stdio/stdio.c.obj
 .rodata.__func__.3
                0x100084e4       0x15 CMakeFiles/wirelessgcc_project.dir/C_/Program_Files/Raspberry_Pi/Pico_SDK_v1.5.1/pico-sdk/src/rp2_common/pico_stdio/stdio.c.obj
 *fill*         0x100084f9        0x3 
 .rodata.crlf_str.2
                0x100084fc        0x2 CMakeFiles/wirelessgcc_project.dir/C_/Program_Files/Raspberry_Pi/Pico_SDK_v1.5.1/pico-sdk/src/rp2_common/pico_stdio/stdio.c.obj
 *fill*         0x100084fe        0x2 
 .rodata.str1.4
                0x10008500       0x2c CMakeFiles/wirelessgcc_project.dir/C_/Program_Files/Raspberry_Pi/Pico_SDK_v1.5.1/pico-sdk/src/rp2_common/pico_stdio_uart/stdio_uart.c.obj
 .rodata.__bi_33.4
                0x1000852c        0xc CMakeFiles/wirelessgcc_project.dir/C_/Program_Files/Raspberry_Pi/Pico_SDK_v1.5.1/pico-sdk/src/rp2_common/pico_stdio_uart/stdio_uart.c.obj
 .rodata.__bi_34.5
                0x10008538        0x8 CMakeFiles/wirelessgcc_project.dir/C_/Program_Files/Raspberry_Pi/Pico_SDK_v1.5.1/pico-sdk/src/rp2_common/pico_stdio_uart/stdio_uart.c.obj
 .rodata._resetd_driver
                0x10008540       0x18 CMakeFiles/wirelessgcc_project.dir/C_/Program_Files/Raspberry_Pi/Pico_SDK_v1.5.1/pico-sdk/src/rp2_common/pico_stdio_usb/reset_interface.c.obj
 .rodata.low_priority_worker_irq.str1.4
                0x10008558       0x7d CMakeFiles/wirelessgcc_project.dir/C_/Program_Files/Raspberry_Pi/Pico_SDK_v1.5.1/pico-sdk/src/rp2_common/pico_stdio_usb/stdio_usb.c.obj
 .rodata.stdio_usb_init.str1.4
                0x10008558       0x61 CMakeFiles/wirelessgcc_project.dir/C_/Program_Files/Raspberry_Pi/Pico_SDK_v1.5.1/pico-sdk/src/rp2_common/pico_stdio_usb/stdio_usb.c.obj
                                 0x69 (size before relaxing)
 *fill*         0x100085b9        0x3 
 .rodata.str1.4
                0x100085bc       0x13 CMakeFiles/wirelessgcc_project.dir/C_/Program_Files/Raspberry_Pi/Pico_SDK_v1.5.1/pico-sdk/src/rp2_common/pico_stdio_usb/stdio_usb.c.obj
 *fill*         0x100085cf        0x1 
 .rodata.__bi_182.0
                0x100085d0        0xc CMakeFiles/wirelessgcc_project.dir/C_/Program_Files/Raspberry_Pi/Pico_SDK_v1.5.1/pico-sdk/src/rp2_common/pico_stdio_usb/stdio_usb.c.obj
 .rodata.__func__.1
                0x100085dc        0xf CMakeFiles/wirelessgcc_project.dir/C_/Program_Files/Raspberry_Pi/Pico_SDK_v1.5.1/pico-sdk/src/rp2_common/pico_stdio_usb/stdio_usb.c.obj
 *fill*         0x100085eb        0x1 
 .rodata.__func__.3
                0x100085ec       0x15 CMakeFiles/wirelessgcc_project.dir/C_/Program_Files/Raspberry_Pi/Pico_SDK_v1.5.1/pico-sdk/src/rp2_common/pico_stdio_usb/stdio_usb.c.obj
 *fill*         0x10008601        0x3 
 .rodata.str1.4
                0x10008604       0x2a CMakeFiles/wirelessgcc_project.dir/C_/Program_Files/Raspberry_Pi/Pico_SDK_v1.5.1/pico-sdk/src/rp2_common/pico_stdio_usb/stdio_usb_descriptors.c.obj
 *fill*         0x1000862e        0x2 
 .rodata.usbd_desc_cfg
                0x10008630       0x54 CMakeFiles/wirelessgcc_project.dir/C_/Program_Files/Raspberry_Pi/Pico_SDK_v1.5.1/pico-sdk/src/rp2_common/pico_stdio_usb/stdio_usb_descriptors.c.obj
 .rodata.usbd_desc_device
                0x10008684       0x12 CMakeFiles/wirelessgcc_project.dir/C_/Program_Files/Raspberry_Pi/Pico_SDK_v1.5.1/pico-sdk/src/rp2_common/pico_stdio_usb/stdio_usb_descriptors.c.obj
 *fill*         0x10008696        0x2 
 .rodata.usbd_desc_str
                0x10008698       0x18 CMakeFiles/wirelessgcc_project.dir/C_/Program_Files/Raspberry_Pi/Pico_SDK_v1.5.1/pico-sdk/src/rp2_common/pico_stdio_usb/stdio_usb_descriptors.c.obj
 .rodata.pico_get_unique_board_id_string.str1.4
                0x100086b0       0x69 CMakeFiles/wirelessgcc_project.dir/C_/Program_Files/Raspberry_Pi/Pico_SDK_v1.5.1/pico-sdk/src/rp2_common/pico_unique_id/unique_id.c.obj
 *fill*         0x10008719        0x3 
 .rodata.__func__.0
                0x1000871c       0x20 CMakeFiles/wirelessgcc_project.dir/C_/Program_Files/Raspberry_Pi/Pico_SDK_v1.5.1/pico-sdk/src/rp2_common/pico_unique_id/unique_id.c.obj
 .rodata.str1.4
                0x1000873c      0x176 CMakeFiles/wirelessgcc_project.dir/C_/Program_Files/Raspberry_Pi/Pico_SDK_v1.5.1/pico-sdk/src/rp2_common/hardware_flash/flash.c.obj
 *fill*         0x100088b2        0x2 
 .rodata.__func__.0
                0x100088b4        0xd CMakeFiles/wirelessgcc_project.dir/C_/Program_Files/Raspberry_Pi/Pico_SDK_v1.5.1/pico-sdk/src/rp2_common/hardware_flash/flash.c.obj
 *fill*         0x100088c1        0x3 
 .rodata._hw_endpoint_alloc.str1.4
                0x100088c4       0xd1 CMakeFiles/wirelessgcc_project.dir/C_/Program_Files/Raspberry_Pi/Pico_SDK_v1.5.1/pico-sdk/lib/tinyusb/src/portable/raspberrypi/rp2040/dcd_rp2040.c.obj
 *fill*         0x10008995        0x3 
 .rodata.str1.4
                0x10008998       0x14 CMakeFiles/wirelessgcc_project.dir/C_/Program_Files/Raspberry_Pi/Pico_SDK_v1.5.1/pico-sdk/lib/tinyusb/src/portable/raspberrypi/rp2040/dcd_rp2040.c.obj
 .rodata.dcd_int_enable.str1.4
                0x100089ac        0xc CMakeFiles/wirelessgcc_project.dir/C_/Program_Files/Raspberry_Pi/Pico_SDK_v1.5.1/pico-sdk/lib/tinyusb/src/portable/raspberrypi/rp2040/dcd_rp2040.c.obj
 .rodata.__func__.0
                0x100089b8        0xe CMakeFiles/wirelessgcc_project.dir/C_/Program_Files/Raspberry_Pi/Pico_SDK_v1.5.1/pico-sdk/lib/tinyusb/src/portable/raspberrypi/rp2040/dcd_rp2040.c.obj
 *fill*         0x100089c6        0x2 
 .rodata.__func__.1
                0x100089c8        0xe CMakeFiles/wirelessgcc_project.dir/C_/Program_Files/Raspberry_Pi/Pico_SDK_v1.5.1/pico-sdk/lib/tinyusb/src/portable/raspberrypi/rp2040/dcd_rp2040.c.obj
 *fill*         0x100089d6        0x2 
 .rodata.__func__.3
                0x100089d8       0x10 CMakeFiles/wirelessgcc_project.dir/C_/Program_Files/Raspberry_Pi/Pico_SDK_v1.5.1/pico-sdk/lib/tinyusb/src/portable/raspberrypi/rp2040/dcd_rp2040.c.obj
 .rodata.__func__.5
                0x100089e8        0xf CMakeFiles/wirelessgcc_project.dir/C_/Program_Files/Raspberry_Pi/Pico_SDK_v1.5.1/pico-sdk/lib/tinyusb/src/portable/raspberrypi/rp2040/dcd_rp2040.c.obj
 *fill*         0x100089f7        0x1 
 .rodata.__func__.6
                0x100089f8       0x13 CMakeFiles/wirelessgcc_project.dir/C_/Program_Files/Raspberry_Pi/Pico_SDK_v1.5.1/pico-sdk/lib/tinyusb/src/portable/raspberrypi/rp2040/dcd_rp2040.c.obj
 *fill*         0x10008a0b        0x1 
 .rodata.__func__.7
                0x10008a0c        0x9 CMakeFiles/wirelessgcc_project.dir/C_/Program_Files/Raspberry_Pi/Pico_SDK_v1.5.1/pico-sdk/lib/tinyusb/src/portable/raspberrypi/rp2040/dcd_rp2040.c.obj
 *fill*         0x10008a15        0x3 
 .rodata.str1.4
                0x10008a18       0xf9 CMakeFiles/wirelessgcc_project.dir/C_/Program_Files/Raspberry_Pi/Pico_SDK_v1.5.1/pico-sdk/lib/tinyusb/src/portable/raspberrypi/rp2040/rp2040_usb.c.obj
                                0x103 (size before relaxing)
 *fill*         0x10008b11        0x3 
 .rodata.__func__.0
                0x10008b14        0xf CMakeFiles/wirelessgcc_project.dir/C_/Program_Files/Raspberry_Pi/Pico_SDK_v1.5.1/pico-sdk/lib/tinyusb/src/portable/raspberrypi/rp2040/rp2040_usb.c.obj
 *fill*         0x10008b23        0x1 
 .rodata.process_get_descriptor
                0x10008b24       0x40 CMakeFiles/wirelessgcc_project.dir/C_/Program_Files/Raspberry_Pi/Pico_SDK_v1.5.1/pico-sdk/lib/tinyusb/src/device/usbd.c.obj
 .rodata.process_control_request
                0x10008b64       0x28 CMakeFiles/wirelessgcc_project.dir/C_/Program_Files/Raspberry_Pi/Pico_SDK_v1.5.1/pico-sdk/lib/tinyusb/src/device/usbd.c.obj
 .rodata.tud_task_ext
                0x10008b8c       0x24 CMakeFiles/wirelessgcc_project.dir/C_/Program_Files/Raspberry_Pi/Pico_SDK_v1.5.1/pico-sdk/lib/tinyusb/src/device/usbd.c.obj
 .rodata._usbd_driver
                0x10008bb0       0x18 CMakeFiles/wirelessgcc_project.dir/C_/Program_Files/Raspberry_Pi/Pico_SDK_v1.5.1/pico-sdk/lib/tinyusb/src/device/usbd.c.obj
 .rodata._pio_find_offset_for_program.str1.4
                0x10008bc8       0x85 CMakeFiles/wirelessgcc_project.dir/C_/Program_Files/Raspberry_Pi/Pico_SDK_v1.5.1/pico-sdk/src/rp2_common/hardware_pio/pio.c.obj
 *fill*         0x10008c4d        0x3 
 .rodata._pio_add_program_at_offset.str1.4
                0x10008c50       0x11 CMakeFiles/wirelessgcc_project.dir/C_/Program_Files/Raspberry_Pi/Pico_SDK_v1.5.1/pico-sdk/src/rp2_common/hardware_pio/pio.c.obj
 *fill*         0x10008c61        0x3 
 .rodata.pio_claim_unused_sm.str1.4
                0x10008c64       0x24 CMakeFiles/wirelessgcc_project.dir/C_/Program_Files/Raspberry_Pi/Pico_SDK_v1.5.1/pico-sdk/src/rp2_common/hardware_pio/pio.c.obj
 .rodata.__func__.1
                0x10008c88       0x1d CMakeFiles/wirelessgcc_project.dir/C_/Program_Files/Raspberry_Pi/Pico_SDK_v1.5.1/pico-sdk/src/rp2_common/hardware_pio/pio.c.obj